09-27 11:35:34.307 14564 14564 D LifecycleMonitor: Lifecycle status change: com.example.dogglers.VerticalListActivity@5099d3b in: RESTARTED
09-27 11:35:34.308 14564 14564 V ActivityScenario: Activity lifecycle changed event received but ignored because the intent does not match. startActivityIntent=Intent { act=android.intent.action.MAIN cat=[android.intent.category.LAUNCHER] cmp=com.example.dogglers/.MainActivity }, activity.getIntent()=Intent { cmp=com.example.dogglers/.VerticalListActivity }, activity=com.example.dogglers.VerticalListActivity@5099d3b
09-27 11:35:34.310 14564 14564 D LifecycleMonitor: Lifecycle status change: com.example.dogglers.VerticalListActivity@5099d3b in: STARTED
09-27 11:35:34.310 14564 14564 V ActivityScenario: Activity lifecycle changed event received but ignored because the intent does not match. startActivityIntent=Intent { act=android.intent.action.MAIN cat=[android.intent.category.LAUNCHER] cmp=com.example.dogglers/.MainActivity }, activity.getIntent()=Intent { cmp=com.example.dogglers/.VerticalListActivity }, activity=com.example.dogglers.VerticalListActivity@5099d3b
09-27 11:35:34.312 14564 14564 D LifecycleMonitor: Lifecycle status change: com.example.dogglers.VerticalListActivity@5099d3b in: RESUMED
09-27 11:35:34.313 14564 14564 V ActivityScenario: Activity lifecycle changed event received but ignored because the intent does not match. startActivityIntent=Intent { act=android.intent.action.MAIN cat=[android.intent.category.LAUNCHER] cmp=com.example.dogglers/.MainActivity }, activity.getIntent()=Intent { cmp=com.example.dogglers/.VerticalListActivity }, activity=com.example.dogglers.VerticalListActivity@5099d3b
09-27 11:35:34.314 14564 14564 V PhoneWindow: DecorView setVisiblity: visibility = 0, Parent = ViewRoot{b5bcd82 com.example.dogglers/com.example.dogglers.VerticalListActivity,ident = 12}, this = DecorView@22f45e9[VerticalListActivity]
09-27 11:35:34.317   315   315 I BufferQueue: [unnamed-315-3294](this:0x7644285000,id:3294,api:0,p:-1,c:-1) BufferQueue core=(315:/system/bin/surfaceflinger)
09-27 11:35:34.317   315   315 I BufferQueueConsumer: [unnamed-315-3294](this:0x7644285000,id:3294,api:0,p:-1,c:315) connect(C): consumer=(315:/system/bin/surfaceflinger) controlledByApp=false
09-27 11:35:34.317   315   315 I BufferQueueConsumer: [unnamed-315-2647](this:0x7644285000,id:3294,api:0,p:-1,c:315) setConsumerName: unnamed-315-2647
09-27 11:35:34.317   315   315 I BufferQueueConsumer: [com.example.dogglers/com.example.dogglers.VerticalListActivity](this:0x7644285000,id:3294,api:0,p:-1,c:315) setConsumerName: com.example.dogglers/com.example.dogglers.VerticalListActivity
09-27 11:35:34.317   315   315 I BufferQueueProducer: [](this:0x7644285000,id:3294,api:0,p:-1,c:315) setMaxDequeuedBufferCount: maxDequeuedBuffers = 2
09-27 11:35:34.317   315   315 I BufferQueueConsumer: [com.example.dogglers/com.example.dogglers.VerticalListActivity](this:0x7644285000,id:3294,api:0,p:-1,c:315) setDefaultBufferSize: width=720 height=1280
09-27 11:35:34.320  1443  1443 D PhoneStatusBar: setSystemUiVisibility vis=608 mask=ffffffff oldVal=408 newVal=608 diff=200
09-27 11:35:34.323 14564 14597 D OpenGLRenderer: CanvasContext() 0x782e4dc800 initialize window=0x7812cbbe00, title=com.example.dogglers/com.example.dogglers.VerticalListActivity
09-27 11:35:34.323 14564 14564 D Surface : Surface::allocateBuffers(this=0x7812cbbe00)
09-27 11:35:34.323 14564 14597 D Surface : Surface::connect(this=0x7812cbbe00,api=1)
09-27 11:35:34.324   315  2474 I BufferQueueProducer: [com.example.dogglers/com.example.dogglers.VerticalListActivity](this:0x7644285000,id:3294,api:1,p:14564,c:315) connect(P): api=1 producer=(14564:com.example.dogglers) producerControlledByApp=true
09-27 11:35:34.324 14564 14597 W libEGL  : [ANDROID_RECORDABLE] format: 1
09-27 11:35:34.325   315   380 D GraphicBuffer: alloc, handle(0x76442829c0) (w:720 h:1280 s:720 f:0x1 u:0x000900) err(0)
09-27 11:35:34.327   315   380 D GraphicBuffer: alloc, handle(0x76442afdc0) (w:720 h:1280 s:720 f:0x1 u:0x000900) err(0)
09-27 11:35:34.329   315   380 D GraphicBuffer: alloc, handle(0x764435f800) (w:720 h:1280 s:720 f:0x1 u:0x000900) err(0)
09-27 11:35:34.331  2027  2027 D BoundBrokerSvc: onUnbind: Intent { act=com.google.android.gms.feedback.internal.IFeedbackService dat=chimera-action:com.google.android.gms.feedback.internal.IFeedbackService cmp=com.google.android.gms/.chimera.GmsBoundBrokerService }
09-27 11:35:34.333 14564 14564 V InputMethodManager: onWindowFocus: androidx.recyclerview.widget.RecyclerView{1ac1e70 VFED.V... .F....ID 0,0-720,1120 #7f0801e6 app:id/vertical_recycler_view} softInputMode=16 first=true flags=#81810100
09-27 11:35:34.333 14564 14597 D mali_winsys: EGLint new_window_surface(egl_winsys_display*, void*, EGLSurface, EGLConfig, egl_winsys_surface**, egl_color_buffer_format*, EGLBoolean) returns 0x3000
09-27 11:35:34.336  1343  1343 I GoogleInputMethodServic: GoogleInputMethodService.onFinishInput():3274
09-27 11:35:34.337  1343  1343 I GoogleInputMethodServic: GoogleInputMethodService.updateDeviceLockedStatus():2166 repeatCheckTimes = 0, unlocked = true
09-27 11:35:34.338  1343  1343 I GoogleInputMethodServic: GoogleInputMethodService.onStartInput():1957 onStartInput(EditorInfo{inputType=0x0(NULL) imeOptions=0x0 privateImeOptions=null actionName=UNSPECIFIED actionLabel=null actionId=0 initialSelStart=-1 initialSelEnd=-1 initialCapsMode=0x0 hintText=null label=null packageName=com.example.dogglers fieldId=2131231206 fieldName=null extras=null}, false)
09-27 11:35:34.338  1343  1343 I GoogleInputMethodServic: GoogleInputMethodService.shouldHideHeaderOnInitialState():4078 ShouldHideHeaderOnInitialState = false
09-27 11:35:34.339  1343  1343 I GoogleInputMethodServic: GoogleInputMethodService.updateDeviceLockedStatus():2166 repeatCheckTimes = 2, unlocked = true
09-27 11:35:34.354   315   335 I BufferQueueProducer: [com.example.dogglers/com.example.dogglers.VerticalListActivity](this:0x7644285000,id:3294,api:1,p:14564,c:315) new GraphicBuffer needed
09-27 11:35:34.354   315   335 D GraphicBuffer: free, handle(0x764435f800) (w:720 h:1280 s:720 f:0x1 u:0x000900)
09-27 11:35:34.356   315   335 D GraphicBuffer: alloc, handle(0x764435f800) (w:720 h:1280 s:720 f:0x1 u:0x000b00) err(0)
09-27 11:35:34.357 14564 14597 D GraphicBuffer: register, handle(0x7810380500) (w:720 h:1280 s:720 f:0x1 u:0x000b00)
09-27 11:35:34.360   315  2474 I BufferQueueProducer: [com.example.dogglers/com.example.dogglers.VerticalListActivity](this:0x7644285000,id:3294,api:1,p:14564,c:315) new GraphicBuffer needed
09-27 11:35:34.360   315  2474 D GraphicBuffer: free, handle(0x76442afdc0) (w:720 h:1280 s:720 f:0x1 u:0x000900)
09-27 11:35:34.361   315   315 D MALI    : eglCreateImageKHR:513: [Crop] 0 0 0 0  img[720 1280]
09-27 11:35:34.361   315  2474 D GraphicBuffer: alloc, handle(0x76442afdc0) (w:720 h:1280 s:720 f:0x1 u:0x000b00) err(0)
09-27 11:35:34.362 14564 14597 D GraphicBuffer: register, handle(0x780e730b80) (w:720 h:1280 s:720 f:0x1 u:0x000b00)
09-27 11:35:34.365 14564 14591 I TestRunner: finished: clicking_vertical_list_button_displays_vertical_list(com.example.dogglers.ButtonTests)
