09-27 11:35:31.821 14564 14564 D LifecycleMonitor: Lifecycle status change: com.example.dogglers.GridListActivity@8e18a38 in: RESUMED
09-27 11:35:31.821 14564 14564 V ActivityScenario: Activity lifecycle changed event received but ignored because the intent does not match. startActivityIntent=Intent { act=android.intent.action.MAIN cat=[android.intent.category.LAUNCHER] cmp=com.example.dogglers/.MainActivity }, activity.getIntent()=Intent { cmp=com.example.dogglers/.GridListActivity }, activity=com.example.dogglers.GridListActivity@8e18a38
09-27 11:35:31.822   315   315 I SurfaceFlinger: FPS: 60
09-27 11:35:31.822 14564 14564 V PhoneWindow: DecorView setVisiblity: visibility = 4, Parent = null, this = DecorView@86dff4e[]
09-27 11:35:31.824 14564 14564 D WindowClient: Add to mViews: DecorView@86dff4e[GridListActivity], this = android.view.WindowManagerGlobal@b39bad9
09-27 11:35:31.826 14564 14597 D OpenGLRenderer: CanvasContext() 0x7801c1a800
09-27 11:35:31.827 14564 14564 D ViewRootImpl[GridListActivity]: hardware acceleration is enabled, this = ViewRoot{48b41f3 com.example.dogglers/com.example.dogglers.GridListActivity,ident = 8}
09-27 11:35:31.828  1576  1576 D MotionRecognitionManager: unregisterMotionRecognitionListener type last
09-27 11:35:31.828  1576  1576 D ShakeDetectService: stopMotionRecognitionService true
09-27 11:35:31.828  1078  4472 D Sensors : batch handle =0, flag=0, sampling=66667000, batchtimeout=0
09-27 11:35:31.828  1078  4472 D Sensors : handleToDriver handle(0)
09-27 11:35:31.828  1078  4472 D Sensors : handleToDriver handle(0)
09-27 11:35:31.828  1078  4472 D Accel   : setDelay: (handle=0, ns=66667000)
09-27 11:35:31.829  1078  1303 D PerfServiceManager: [PerfService] MESSAGE_TIMEOUT:106
09-27 11:35:31.829  1078  4472 E Sensors : new setDelay handle(0),ns(66667000)m, error(0), index(2)
09-27 11:35:31.829  1078  4472 E Accel   : ACC batch: handle:0, en:0,samplingPeriodNs:66667000 maxBatchReportLatencyNs:0
09-27 11:35:31.829  1078  4472 D Accel   : path:/sys/class/misc/m_acc_misc/accbatch
09-27 11:35:31.829  1078  4472 D Accel   : ACC batch(0) done
09-27 11:35:31.830  1078  4472 E Sensors : sensor 0 go to common batch
09-27 11:35:31.830  1078  4472 D BATCH   : no batch control attr
09-27 11:35:31.830  1576  1576 D MotionRecognitionManager: unregisterMotionRecognitionListener type: 7
09-27 11:35:31.831 14564 14564 V PhoneWindow: DecorView setVisiblity: visibility = 0, Parent = ViewRoot{48b41f3 com.example.dogglers/com.example.dogglers.GridListActivity,ident = 8}, this = DecorView@86dff4e[GridListActivity]
09-27 11:35:31.837   315   315 I BufferQueue: [unnamed-315-3284](this:0x764425e800,id:3284,api:0,p:-1,c:-1) BufferQueue core=(315:/system/bin/surfaceflinger)
09-27 11:35:31.837   315   315 I BufferQueueConsumer: [unnamed-315-3284](this:0x764425e800,id:3284,api:0,p:-1,c:315) connect(C): consumer=(315:/system/bin/surfaceflinger) controlledByApp=false
09-27 11:35:31.837   315   315 I BufferQueueConsumer: [unnamed-315-2637](this:0x764425e800,id:3284,api:0,p:-1,c:315) setConsumerName: unnamed-315-2637
09-27 11:35:31.837   315   315 I BufferQueueConsumer: [com.example.dogglers/com.example.dogglers.GridListActivity](this:0x764425e800,id:3284,api:0,p:-1,c:315) setConsumerName: com.example.dogglers/com.example.dogglers.GridListActivity
09-27 11:35:31.837   315   315 I BufferQueueProducer: [](this:0x764425e800,id:3284,api:0,p:-1,c:315) setMaxDequeuedBufferCount: maxDequeuedBuffers = 2
09-27 11:35:31.837   315   315 I BufferQueueConsumer: [com.example.dogglers/com.example.dogglers.GridListActivity](this:0x764425e800,id:3284,api:0,p:-1,c:315) setDefaultBufferSize: width=1 height=1
09-27 11:35:31.852   315   315 I BufferQueueConsumer: [com.example.dogglers/com.example.dogglers.GridListActivity](this:0x764425e800,id:3284,api:0,p:-1,c:315) setDefaultBufferSize: width=720 height=1280
09-27 11:35:31.857 14564 14564 D Surface : Surface::allocateBuffers(this=0x7812cbb000)
09-27 11:35:31.858   315   335 D GraphicBuffer: alloc, handle(0x76442ae200) (w:720 h:1280 s:720 f:0x1 u:0x000900) err(0)
09-27 11:35:31.859 14564 14597 D OpenGLRenderer: CanvasContext() 0x7801c1a800 initialize window=0x7812cbb000, title=com.example.dogglers/com.example.dogglers.GridListActivity
09-27 11:35:31.859 14564 14597 D Surface : Surface::connect(this=0x7812cbb000,api=1)
09-27 11:35:31.860   315  2474 I BufferQueueProducer: [com.example.dogglers/com.example.dogglers.GridListActivity](this:0x764425e800,id:3284,api:1,p:14564,c:315) connect(P): api=1 producer=(14564:com.example.dogglers) producerControlledByApp=true
09-27 11:35:31.860 14564 14597 W libEGL  : [ANDROID_RECORDABLE] format: 1
09-27 11:35:31.860   315   335 D GraphicBuffer: alloc, handle(0x7644284d00) (w:720 h:1280 s:720 f:0x1 u:0x000900) err(0)
09-27 11:35:31.861   315   335 D GraphicBuffer: alloc, handle(0x76443177c0) (w:720 h:1280 s:720 f:0x1 u:0x000900) err(0)
09-27 11:35:31.862 14564 14597 D mali_winsys: EGLint new_window_surface(egl_winsys_display*, void*, EGLSurface, EGLConfig, egl_winsys_surface**, egl_color_buffer_format*, EGLBoolean) returns 0x3000
09-27 11:35:31.866  2069  2069 I WhiteListHelper: UpSlide|isPkgHidedInVisitorMode >>> pkg = com.facebook.orca, mHideIconList = null
09-27 11:35:31.868  2069  2069 I WhiteListHelper: UpSlide|isPkgHidedInVisitorMode >>> pkg = com.example.dogglers, mHideIconList = null
09-27 11:35:31.901 14564 14564 D skia    : SkJpegCodec::onGetPixels +
09-27 11:35:31.931 14564 14564 D skia    : SkJpegCodec::onGetPixels -
09-27 11:35:31.951 14564 14597 D OpenGLRenderer: ~CanvasContext() 0x782e4dc800
09-27 11:35:31.953 14564 14597 D OpenGLRenderer: ~CanvasContext() 0x782e4d2000
09-27 11:35:31.985 14564 14597 D OpenGLRenderer: ~CanvasContext() 0x782e4d9000
09-27 11:35:31.986 14564 14597 D OpenGLRenderer: ~CanvasContext() 0x782e4d5800
09-27 11:35:32.038 14564 14564 D skia    : SkJpegCodec::onGetPixels +
09-27 11:35:32.062 14564 14564 D skia    : SkJpegCodec::onGetPixels -
09-27 11:35:32.071   305   305 I wmt_launcher: fw log ctrl flag has been set
09-27 11:35:32.072   305   305 I wmt_launcher: fw dynamic ctrl flag has been set
09-27 11:35:32.104 14564 14569 I art     : Do full code cache collection, code=109KB, data=119KB
09-27 11:35:32.105 14564 14569 I art     : After code cache collection, code=95KB, data=87KB
09-27 11:35:32.148 14564 14564 D skia    : SkJpegCodec::onGetPixels +
09-27 11:35:32.152  2027  2027 D BoundBrokerSvc: onUnbind: Intent { act=com.google.android.gms.safetynet.service.START pkg=com.google.android.gms }
09-27 11:35:32.157 14564 14564 D skia    : SkJpegCodec::onGetPixels -
09-27 11:35:32.275 14564 14597 D OpenGLRenderer: CacheTexture 3 upload: x, y, width height = 0, 41, 79, 420
09-27 11:35:32.276   315  2474 I BufferQueueProducer: [com.example.dogglers/com.example.dogglers.GridListActivity](this:0x764425e800,id:3284,api:1,p:14564,c:315) new GraphicBuffer needed
09-27 11:35:32.276   315  2474 D GraphicBuffer: free, handle(0x76443177c0) (w:720 h:1280 s:720 f:0x1 u:0x000900)
09-27 11:35:32.278   315  2474 D GraphicBuffer: alloc, handle(0x76443177c0) (w:720 h:1280 s:720 f:0x1 u:0x000b00) err(0)
09-27 11:35:32.278 14564 14597 D GraphicBuffer: register, handle(0x780e6a5f40) (w:720 h:1280 s:720 f:0x1 u:0x000b00)
09-27 11:35:32.293   315   335 I BufferQueueProducer: [com.example.dogglers/com.example.dogglers.GridListActivity](this:0x764425e800,id:3284,api:1,p:14564,c:315) new GraphicBuffer needed
09-27 11:35:32.293   315   335 D GraphicBuffer: free, handle(0x7644284d00) (w:720 h:1280 s:720 f:0x1 u:0x000900)
09-27 11:35:32.295   315   335 D GraphicBuffer: alloc, handle(0x7644284d00) (w:720 h:1280 s:720 f:0x1 u:0x000b00) err(0)
09-27 11:35:32.296 14564 14597 D GraphicBuffer: register, handle(0x78102c1440) (w:720 h:1280 s:720 f:0x1 u:0x000b00)
09-27 11:35:32.298   315   315 D MALI    : eglCreateImageKHR:513: [Crop] 0 0 0 0  img[720 1280]
09-27 11:35:32.313  1078  1182 I ActivityManager: Displayed com.example.dogglers/.GridListActivity: +558ms
09-27 11:35:32.314  2069  2083 I UpSlideHelper: UpSlide|toggleUpSlideViewInCamera isInCamera = false
09-27 11:35:32.318 14564 14564 V InputMethodManager: onWindowFocus: androidx.recyclerview.widget.RecyclerView{c97fa49 VFED..... .F.....D 0,0-720,1120 #7f0800d9 app:id/grid_recycler_view} softInputMode=272 first=true flags=#81810100
09-27 11:35:32.319  1343  1343 I GoogleInputMethodServic: GoogleInputMethodService.onFinishInput():3274
09-27 11:35:32.321  1343  1343 I GoogleInputMethodServic: GoogleInputMethodService.updateDeviceLockedStatus():2166 repeatCheckTimes = 0, unlocked = true
09-27 11:35:32.321  1343  1343 I GoogleInputMethodServic: GoogleInputMethodService.onStartInput():1957 onStartInput(EditorInfo{inputType=0x0(NULL) imeOptions=0x0 privateImeOptions=null actionName=UNSPECIFIED actionLabel=null actionId=0 initialSelStart=-1 initialSelEnd=-1 initialCapsMode=0x0 hintText=null label=null packageName=com.example.dogglers fieldId=2131230937 fieldName=null extras=null}, false)
09-27 11:35:32.321  1343  1343 I GoogleInputMethodServic: GoogleInputMethodService.shouldHideHeaderOnInitialState():4078 ShouldHideHeaderOnInitialState = false
09-27 11:35:32.322  1343  1343 I GoogleInputMethodServic: GoogleInputMethodService.updateDeviceLockedStatus():2166 repeatCheckTimes = 2, unlocked = true
09-27 11:35:32.335  2613  2626 D GasService: FG app changed: from com.bbk.launcher2 to com.example.dogglers
09-27 11:35:32.354   315   380 I BufferQueueProducer: [com.example.dogglers/com.example.dogglers.GridListActivity](this:0x764425e800,id:3284,api:1,p:14564,c:315) new GraphicBuffer needed
09-27 11:35:32.354   315   380 D GraphicBuffer: free, handle(0x76442ae200) (w:720 h:1280 s:720 f:0x1 u:0x000900)
09-27 11:35:32.356   315   380 D GraphicBuffer: alloc, handle(0x76442ae200) (w:720 h:1280 s:720 f:0x1 u:0x000b00) err(0)
09-27 11:35:32.358 14564 14597 D GraphicBuffer: register, handle(0x7810381640) (w:720 h:1280 s:720 f:0x1 u:0x000b00)
09-27 11:35:32.365   315   315 D MALI    : eglCreateImageKHR:513: [Crop] 0 0 0 0  img[720 1280]
09-27 11:35:32.375 14564 14597 D Surface : Surface::disconnect(this=0x7812cbf600,api=1)
09-27 11:35:32.375   315  2474 I BufferQueueProducer: [com.example.dogglers/com.example.dogglers.MainActivity](this:0x7644286800,id:3283,api:1,p:-1,c:315) disconnect(P): api 1
09-27 11:35:32.375   315  2474 I BufferQueueConsumer: [com.example.dogglers/com.example.dogglers.MainActivity](this:0x7644286800,id:3283,api:1,p:-1,c:315) getReleasedBuffers: returning mask 0xffffffffffffffff
09-27 11:35:32.375   315  2474 D GraphicBuffer: free, handle(0x76442829c0) (w:720 h:1280 s:720 f:0x1 u:0x000b00)
09-27 11:35:32.375   315  2474 D GraphicBuffer: free, handle(0x764c224840) (w:720 h:1280 s:720 f:0x1 u:0x000b00)
09-27 11:35:32.376 14564 14597 D GraphicBuffer: unregister, handle(0x781037f900) (w:720 h:1280 s:720 f:0x1 u:0x000b00)
09-27 11:35:32.376 14564 14597 D GraphicBuffer: unregister, handle(0x7810380ec0) (w:720 h:1280 s:720 f:0x1 u:0x000b00)
09-27 11:35:32.377 14564 14597 D GraphicBuffer: unregister, handle(0x780e6a3240) (w:720 h:1280 s:720 f:0x1 u:0x000b00)
09-27 11:35:32.377 14564 14597 D Surface : Surface::disconnect(this=0x7812cbf600,api=1)
09-27 11:35:32.377   315   998 I BufferQueueProducer: [com.example.dogglers/com.example.dogglers.MainActivity](this:0x7644286800,id:3283,api:1,p:-1,c:315) disconnect(P): api 1
09-27 11:35:32.378 14564 14597 D OpenGLRenderer: endAllActiveAnimators on 0x7812fe1400 (RippleDrawable @1b27d1c) with handle 0x781033c2e0
09-27 11:35:32.432   315   315 I BufferQueueProducer: [FrameBufferSurface_0](this:0x764c8fc800,id:0,api:1,p:315,c:315) queueBuffer: fps=22.89 dur=1004.68 max=577.44 min=13.83
09-27 11:35:32.515  1078  1303 D PerfServiceManager: [PerfService] MESSAGE_TIMEOUT:107
09-27 11:35:32.516  1078  1303 D PerfServiceManager: [PerfService] set utilization:0.8
09-27 11:35:32.605 14564 14564 I ViewInteraction: Checking 'MatchesViewAssertion{viewMatcher=(view has effective visibility <VISIBLE> and view.getGlobalVisibleRect() to return non-empty rectangle)}' assertion on view view.getId() is <2131230937/com.example.dogglers:id/grid_recycler_view>
09-27 11:35:32.611  1576  1590 I SLService1: ActivityController mIsAndroidN_VivoMultiWindow = true, mIsMultiWindowOn = false
09-27 11:35:32.611  1576  1590 I SLService1: [Monitor]1--------[] t [com.example.dogglers] f []
09-27 11:35:32.611  1576  1590 I SLService1: HAHA1 >>>> true <<<<
09-27 11:35:32.612  1576  1588 D SLService: optionsFromCallbacks = null
09-27 11:35:32.622 14564 14564 D LifecycleMonitor: Lifecycle status change: com.example.dogglers.GridListActivity@8e18a38 in: PAUSED
09-27 11:35:32.622 14564 14564 V ActivityScenario: Activity lifecycle changed event received but ignored because the intent does not match. startActivityIntent=Intent { act=android.intent.action.MAIN cat=[android.intent.category.LAUNCHER] cmp=com.example.dogglers/.MainActivity }, activity.getIntent()=Intent { cmp=com.example.dogglers/.GridListActivity }, activity=com.example.dogglers.GridListActivity@8e18a38
09-27 11:35:32.625  1078  1526 D PerfServiceWrapper: [PerfServiceWrapper] appBoostEnable
09-27 11:35:32.625  1078  1526 D PerfService: [PerfService] appBoostEnable: com.example.dogglers
09-27 11:35:32.625  1078  1526 D PerfServiceManager: [PerfService] appBoostEnable com.example.dogglers
09-27 11:35:32.646 14564 14564 D LifecycleMonitor: Lifecycle status change: androidx.test.core.app.InstrumentationActivityInvoker$EmptyActivity@d11fed7 in: PRE_ON_CREATE
09-27 11:35:32.646 14564 14564 V ActivityScenario: Activity lifecycle changed event received but ignored because the intent does not match. startActivityIntent=Intent { act=android.intent.action.MAIN cat=[android.intent.category.LAUNCHER] cmp=com.example.dogglers/.MainActivity }, activity.getIntent()=Intent { act=android.intent.action.MAIN cat=[android.intent.category.LAUNCHER] flg=0x10000000 cmp=com.example.dogglers/androidx.test.core.app.InstrumentationActivityInvoker$EmptyActivity }, activity=androidx.test.core.app.InstrumentationActivityInvoker$EmptyActivity@d11fed7
09-27 11:35:32.653 14564 14564 D PhoneWindow: DEBUG_SYSTEMUI:origin statusbar style
09-27 11:35:32.653 14564 14564 D PhoneWindow: DEBUG_SYSTEMUI:IconColor=1
09-27 11:35:32.653 14564 14564 D PhoneWindow: DEBUG_SYSTEMUI:StatusBarColor final set ff000000
09-27 11:35:32.658 14564 14564 D LifecycleMonitor: Lifecycle status change: androidx.test.core.app.InstrumentationActivityInvoker$EmptyActivity@d11fed7 in: CREATED
09-27 11:35:32.659 14564 14564 V ActivityScenario: Activity lifecycle changed event received but ignored because the intent does not match. startActivityIntent=Intent { act=android.intent.action.MAIN cat=[android.intent.category.LAUNCHER] cmp=com.example.dogglers/.MainActivity }, activity.getIntent()=Intent { act=android.intent.action.MAIN cat=[android.intent.category.LAUNCHER] flg=0x10000000 cmp=com.example.dogglers/androidx.test.core.app.InstrumentationActivityInvoker$EmptyActivity }, activity=androidx.test.core.app.InstrumentationActivityInvoker$EmptyActivity@d11fed7
09-27 11:35:32.661 14564 14564 D LifecycleMonitor: Lifecycle status change: androidx.test.core.app.InstrumentationActivityInvoker$EmptyActivity@d11fed7 in: STARTED
09-27 11:35:32.662 14564 14564 V ActivityScenario: Activity lifecycle changed event received but ignored because the intent does not match. startActivityIntent=Intent { act=android.intent.action.MAIN cat=[android.intent.category.LAUNCHER] cmp=com.example.dogglers/.MainActivity }, activity.getIntent()=Intent { act=android.intent.action.MAIN cat=[android.intent.category.LAUNCHER] flg=0x10000000 cmp=com.example.dogglers/androidx.test.core.app.InstrumentationActivityInvoker$EmptyActivity }, activity=androidx.test.core.app.InstrumentationActivityInvoker$EmptyActivity@d11fed7
09-27 11:35:32.668 14564 14564 D LifecycleMonitor: Lifecycle status change: androidx.test.core.app.InstrumentationActivityInvoker$EmptyActivity@d11fed7 in: RESUMED
09-27 11:35:32.668 14564 14564 V ActivityScenario: Activity lifecycle changed event received but ignored because the intent does not match. startActivityIntent=Intent { act=android.intent.action.MAIN cat=[android.intent.category.LAUNCHER] cmp=com.example.dogglers/.MainActivity }, activity.getIntent()=Intent { act=android.intent.action.MAIN cat=[android.intent.category.LAUNCHER] flg=0x10000000 cmp=com.example.dogglers/androidx.test.core.app.InstrumentationActivityInvoker$EmptyActivity }, activity=androidx.test.core.app.InstrumentationActivityInvoker$EmptyActivity@d11fed7
09-27 11:35:32.669 14564 14564 V PhoneWindow: DecorView setVisiblity: visibility = 4, Parent = null, this = DecorView@ade39e2[]
09-27 11:35:32.670 14564 14564 D WindowClient: Add to mViews: DecorView@ade39e2[InstrumentationActivityInvoker$EmptyActivity], this = android.view.WindowManagerGlobal@b39bad9
09-27 11:35:32.672 14564 14597 D OpenGLRenderer: CanvasContext() 0x782e4d5800
09-27 11:35:32.673 14564 14564 D ViewRootImpl[InstrumentationActivityInvoker$EmptyActivity]: hardware acceleration is enabled, this = ViewRoot{e29375c com.example.dogglers/androidx.test.core.app.InstrumentationActivityInvoker$EmptyActivity,ident = 9}
09-27 11:35:32.676 14564 14564 V PhoneWindow: DecorView setVisiblity: visibility = 0, Parent = ViewRoot{e29375c com.example.dogglers/androidx.test.core.app.InstrumentationActivityInvoker$EmptyActivity,ident = 9}, this = DecorView@ade39e2[InstrumentationActivityInvoker$EmptyActivity]
09-27 11:35:32.678   315   315 D MALI    : eglCreateImageKHR:513: [Crop] 0 0 0 0  img[720 1280]
09-27 11:35:32.682   315   315 I BufferQueue: [unnamed-315-3285](this:0x7644285000,id:3285,api:0,p:-1,c:-1) BufferQueue core=(315:/system/bin/surfaceflinger)
09-27 11:35:32.682   315   315 I BufferQueueConsumer: [unnamed-315-3285](this:0x7644285000,id:3285,api:0,p:-1,c:315) connect(C): consumer=(315:/system/bin/surfaceflinger) controlledByApp=false
09-27 11:35:32.682   315   315 I BufferQueueConsumer: [unnamed-315-2638](this:0x7644285000,id:3285,api:0,p:-1,c:315) setConsumerName: unnamed-315-2638
09-27 11:35:32.682   315   315 I BufferQueueConsumer: [com.example.dogglers/androidx.test.core.app.InstrumentationActivityInvoker$EmptyActivity](this:0x7644285000,id:3285,api:0,p:-1,c:315) setConsumerName: com.example.dogglers/androidx.test.core.app.InstrumentationActivityInvoker$EmptyActivity
09-27 11:35:32.682   315   315 I BufferQueueProducer: [](this:0x7644285000,id:3285,api:0,p:-1,c:315) setMaxDequeuedBufferCount: maxDequeuedBuffers = 2
09-27 11:35:32.682   315   315 I BufferQueueConsumer: [com.example.dogglers/androidx.test.core.app.InstrumentationActivityInvoker$EmptyActivity](this:0x7644285000,id:3285,api:0,p:-1,c:315) setDefaultBufferSize: width=1 height=1
09-27 11:35:32.685  1443  1443 D PhoneStatusBar: setSystemUiVisibility vis=408 mask=ffffffff oldVal=608 newVal=408 diff=200
09-27 11:35:32.694   315   315 I BufferQueueConsumer: [com.example.dogglers/androidx.test.core.app.InstrumentationActivityInvoker$EmptyActivity](this:0x7644285000,id:3285,api:0,p:-1,c:315) setDefaultBufferSize: width=720 height=1280
09-27 11:35:32.698 14564 14597 D OpenGLRenderer: CanvasContext() 0x782e4d5800 initialize window=0x7812cbf600, title=com.example.dogglers/androidx.test.core.app.InstrumentationActivityInvoker$EmptyActivity
09-27 11:35:32.698 14564 14564 D Surface : Surface::allocateBuffers(this=0x7812cbf600)
09-27 11:35:32.698 14564 14597 D Surface : Surface::connect(this=0x7812cbf600,api=1)
09-27 11:35:32.699   315  2474 I BufferQueueProducer: [com.example.dogglers/androidx.test.core.app.InstrumentationActivityInvoker$EmptyActivity](this:0x7644285000,id:3285,api:1,p:14564,c:315) connect(P): api=1 producer=(14564:com.example.dogglers) producerControlledByApp=true
09-27 11:35:32.699 14564 14597 W libEGL  : [ANDROID_RECORDABLE] format: 1
09-27 11:35:32.700   315   998 D GraphicBuffer: alloc, handle(0x76442ae2c0) (w:720 h:1280 s:720 f:0x1 u:0x000900) err(0)
09-27 11:35:32.702   315   998 D GraphicBuffer: alloc, handle(0x7646a5b680) (w:720 h:1280 s:720 f:0x1 u:0x000900) err(0)
09-27 11:35:32.703   315   998 D GraphicBuffer: alloc, handle(0x764435f8c0) (w:720 h:1280 s:720 f:0x1 u:0x000900) err(0)
09-27 11:35:32.704 14564 14597 D mali_winsys: EGLint new_window_surface(egl_winsys_display*, void*, EGLSurface, EGLConfig, egl_winsys_surface**, egl_color_buffer_format*, EGLBoolean) returns 0x3000
09-27 11:35:32.706  1576  1652 I SLService3: HAHA3 : com.example.dogglers
09-27 11:35:32.708 14564 14564 V InputMethodManager: onWindowFocus: null softInputMode=288 first=true flags=#1810100
09-27 11:35:32.709  1343  1343 I GoogleInputMethodServic: GoogleInputMethodService.onFinishInput():3274
09-27 11:35:32.711  1343  1343 I GoogleInputMethodServic: GoogleInputMethodService.updateDeviceLockedStatus():2166 repeatCheckTimes = 0, unlocked = true
09-27 11:35:32.711  1343  1343 I GoogleInputMethodServic: GoogleInputMethodService.onStartInput():1957 onStartInput(EditorInfo{inputType=0x0(NULL) imeOptions=0x0 privateImeOptions=null actionName=UNSPECIFIED actionLabel=null actionId=0 initialSelStart=-1 initialSelEnd=-1 initialCapsMode=0x0 hintText=null label=null packageName=com.example.dogglers fieldId=-1 fieldName=null extras=null}, false)
09-27 11:35:32.711  1343  1343 I GoogleInputMethodServic: GoogleInputMethodService.shouldHideHeaderOnInitialState():4078 ShouldHideHeaderOnInitialState = false
09-27 11:35:32.712  1343  1343 I GoogleInputMethodServic: GoogleInputMethodService.updateDeviceLockedStatus():2166 repeatCheckTimes = 2, unlocked = true
09-27 11:35:32.715   315   333 I BufferQueueProducer: [com.example.dogglers/androidx.test.core.app.InstrumentationActivityInvoker$EmptyActivity](this:0x7644285000,id:3285,api:1,p:14564,c:315) new GraphicBuffer needed
09-27 11:35:32.715   315   333 D GraphicBuffer: free, handle(0x764435f8c0) (w:720 h:1280 s:720 f:0x1 u:0x000900)
09-27 11:35:32.717   315   333 D GraphicBuffer: alloc, handle(0x764435f8c0) (w:720 h:1280 s:720 f:0x1 u:0x000b00) err(0)
09-27 11:35:32.718  1576  3486 I SLService1: ActivityController mIsAndroidN_VivoMultiWindow = true, mIsMultiWindowOn = false
09-27 11:35:32.718  1576  3486 I SLService1: [Monitor]1--------[] t [com.example.dogglers] f []
09-27 11:35:32.718  1576  3486 I SLService1: HAHA1 >>>> true <<<<
09-27 11:35:32.718 14564 14597 D GraphicBuffer: register, handle(0x7810380ec0) (w:720 h:1280 s:720 f:0x1 u:0x000b00)
09-27 11:35:32.719  1576  3491 D SLService: optionsFromCallbacks = null
09-27 11:35:32.721   315   333 I BufferQueueProducer: [com.example.dogglers/androidx.test.core.app.InstrumentationActivityInvoker$EmptyActivity](this:0x7644285000,id:3285,api:1,p:14564,c:315) new GraphicBuffer needed
09-27 11:35:32.721   315   333 D GraphicBuffer: free, handle(0x7646a5b680) (w:720 h:1280 s:720 f:0x1 u:0x000900)
09-27 11:35:32.723   315   333 D GraphicBuffer: alloc, handle(0x7646a5b680) (w:720 h:1280 s:720 f:0x1 u:0x000b00) err(0)
09-27 11:35:32.725 14564 14597 D GraphicBuffer: register, handle(0x780e730b80) (w:720 h:1280 s:720 f:0x1 u:0x000b00)
09-27 11:35:32.727   315   315 D MALI    : eglCreateImageKHR:513: [Crop] 0 0 0 0  img[720 1280]
09-27 11:35:32.727 14564 14564 D LifecycleMonitor: Lifecycle status change: com.example.dogglers.MainActivity@ccc80b8 in: STOPPED
09-27 11:35:32.728 14564 14564 V ActivityScenario: Update currentActivityStage to STOPPED, currentActivity=com.example.dogglers.MainActivity@ccc80b8
09-27 11:35:32.729 14564 14564 D LifecycleMonitor: Lifecycle status change: com.example.dogglers.MainActivity@ccc80b8 in: DESTROYED
09-27 11:35:32.730 14564 14564 V ActivityScenario: Update currentActivityStage to DESTROYED, currentActivity=null
09-27 11:35:32.738  2069  2069 I WhiteListHelper: UpSlide|isPkgHidedInVisitorMode >>> pkg = com.facebook.orca, mHideIconList = null
09-27 11:35:32.739 20782 20782 D BoundBrokerSvc: onUnbind: Intent { act=com.google.android.gms.clearcut.bootcount.service.START pkg=com.google.android.gms }
09-27 11:35:32.740  2069  2069 I WhiteListHelper: UpSlide|isPkgHidedInVisitorMode >>> pkg = com.example.dogglers, mHideIconList = null
09-27 11:35:32.740 14564 14564 D WindowClient: Remove from mViews: DecorView@63716db[MainActivity], this = android.view.WindowManagerGlobal@b39bad9
09-27 11:35:32.743   315   315 I BufferQueueConsumer: [com.example.dogglers/com.example.dogglers.MainActivity](this:0x7644286800,id:3283,api:1,p:-1,c:-1) disconnect(C)
09-27 11:35:32.743   315   315 I BufferQueue: [com.example.dogglers/com.example.dogglers.MainActivity](this:0x7644286800,id:3283,api:1,p:-1,c:-1) ~BufferQueueCore
09-27 11:35:32.744   315   315 D GraphicBuffer: free, handle(0x7644283bc0) (w:720 h:1280 s:720 f:0x1 u:0x000b00)
09-27 11:35:32.746  1576  2492 I SLService3: HAHA3 : com.example.dogglers
09-27 11:35:32.749 14564 14564 D LifecycleMonitor: Lifecycle status change: androidx.test.core.app.InstrumentationActivityInvoker$EmptyActivity@d11fed7 in: PAUSED
09-27 11:35:32.749 14564 14564 V ActivityScenario: Activity lifecycle changed event received but ignored because the intent does not match. startActivityIntent=Intent { act=android.intent.action.MAIN cat=[android.intent.category.LAUNCHER] cmp=com.example.dogglers/.MainActivity }, activity.getIntent()=Intent { act=android.intent.action.MAIN cat=[android.intent.category.LAUNCHER] flg=0x10000000 cmp=com.example.dogglers/androidx.test.core.app.InstrumentationActivityInvoker$EmptyActivity }, activity=androidx.test.core.app.InstrumentationActivityInvoker$EmptyActivity@d11fed7
09-27 11:35:32.750  1078  7239 D PerfServiceWrapper: [PerfServiceWrapper] appBoostEnable
09-27 11:35:32.750  1078  7239 D PerfService: [PerfService] appBoostEnable: com.example.dogglers
09-27 11:35:32.750  1078  7239 D PerfServiceManager: [PerfService] appBoostEnable com.example.dogglers
09-27 11:35:32.761 14564 14564 D LifecycleMonitor: Lifecycle status change: androidx.test.core.app.InstrumentationActivityInvoker$BootstrapActivity@7d11107 in: DESTROYED
09-27 11:35:32.761 14564 14564 V ActivityScenario: Activity lifecycle changed event received but ignored because the intent does not match. startActivityIntent=Intent { act=android.intent.action.MAIN cat=[android.intent.category.LAUNCHER] cmp=com.example.dogglers/.MainActivity }, activity.getIntent()=Intent { act=android.intent.action.MAIN cat=[android.intent.category.LAUNCHER] flg=0x10008000 cmp=com.example.dogglers/androidx.test.core.app.InstrumentationActivityInvoker$BootstrapActivity (has extras) }, activity=androidx.test.core.app.InstrumentationActivityInvoker$BootstrapActivity@7d11107
09-27 11:35:32.768 14564 14564 D LifecycleMonitor: Lifecycle status change: androidx.test.core.app.InstrumentationActivityInvoker$EmptyActivity@94cdf92 in: PRE_ON_CREATE
09-27 11:35:32.768 14564 14564 V ActivityScenario: Activity lifecycle changed event received but ignored because the intent does not match. startActivityIntent=Intent { act=android.intent.action.MAIN cat=[android.intent.category.LAUNCHER] cmp=com.example.dogglers/.MainActivity }, activity.getIntent()=Intent { act=android.intent.action.MAIN cat=[android.intent.category.LAUNCHER] flg=0x10000000 cmp=com.example.dogglers/androidx.test.core.app.InstrumentationActivityInvoker$EmptyActivity }, activity=androidx.test.core.app.InstrumentationActivityInvoker$EmptyActivity@94cdf92
09-27 11:35:32.773 14564 14564 D PhoneWindow: DEBUG_SYSTEMUI:origin statusbar style
09-27 11:35:32.773 14564 14564 D PhoneWindow: DEBUG_SYSTEMUI:IconColor=1
09-27 11:35:32.773 14564 14564 D PhoneWindow: DEBUG_SYSTEMUI:StatusBarColor final set ff000000
09-27 11:35:32.776 14564 14564 D LifecycleMonitor: Lifecycle status change: androidx.test.core.app.InstrumentationActivityInvoker$EmptyActivity@94cdf92 in: CREATED
09-27 11:35:32.776 14564 14564 V ActivityScenario: Activity lifecycle changed event received but ignored because the intent does not match. startActivityIntent=Intent { act=android.intent.action.MAIN cat=[android.intent.category.LAUNCHER] cmp=com.example.dogglers/.MainActivity }, activity.getIntent()=Intent { act=android.intent.action.MAIN cat=[android.intent.category.LAUNCHER] flg=0x10000000 cmp=com.example.dogglers/androidx.test.core.app.InstrumentationActivityInvoker$EmptyActivity }, activity=androidx.test.core.app.InstrumentationActivityInvoker$EmptyActivity@94cdf92
09-27 11:35:32.777 14564 14564 D LifecycleMonitor: Lifecycle status change: androidx.test.core.app.InstrumentationActivityInvoker$EmptyActivity@94cdf92 in: STARTED
09-27 11:35:32.778 14564 14564 V ActivityScenario: Activity lifecycle changed event received but ignored because the intent does not match. startActivityIntent=Intent { act=android.intent.action.MAIN cat=[android.intent.category.LAUNCHER] cmp=com.example.dogglers/.MainActivity }, activity.getIntent()=Intent { act=android.intent.action.MAIN cat=[android.intent.category.LAUNCHER] flg=0x10000000 cmp=com.example.dogglers/androidx.test.core.app.InstrumentationActivityInvoker$EmptyActivity }, activity=androidx.test.core.app.InstrumentationActivityInvoker$EmptyActivity@94cdf92
09-27 11:35:32.785 14564 14564 D LifecycleMonitor: Lifecycle status change: androidx.test.core.app.InstrumentationActivityInvoker$EmptyActivity@94cdf92 in: RESUMED
09-27 11:35:32.786 14564 14564 V ActivityScenario: Activity lifecycle changed event received but ignored because the intent does not match. startActivityIntent=Intent { act=android.intent.action.MAIN cat=[android.intent.category.LAUNCHER] cmp=com.example.dogglers/.MainActivity }, activity.getIntent()=Intent { act=android.intent.action.MAIN cat=[android.intent.category.LAUNCHER] flg=0x10000000 cmp=com.example.dogglers/androidx.test.core.app.InstrumentationActivityInvoker$EmptyActivity }, activity=androidx.test.core.app.InstrumentationActivityInvoker$EmptyActivity@94cdf92
09-27 11:35:32.786 14564 14564 V PhoneWindow: DecorView setVisiblity: visibility = 4, Parent = null, this = DecorView@8d77219[]
09-27 11:35:32.787 14564 14564 D WindowClient: Add to mViews: DecorView@8d77219[InstrumentationActivityInvoker$EmptyActivity], this = android.view.WindowManagerGlobal@b39bad9
09-27 11:35:32.789 14564 14597 D OpenGLRenderer: CanvasContext() 0x782e4d9000
09-27 11:35:32.789 14564 14564 D ViewRootImpl[InstrumentationActivityInvoker$EmptyActivity]: hardware acceleration is enabled, this = ViewRoot{bef95db com.example.dogglers/androidx.test.core.app.InstrumentationActivityInvoker$EmptyActivity,ident = 10}
09-27 11:35:32.792 14564 14564 V PhoneWindow: DecorView setVisiblity: visibility = 0, Parent = ViewRoot{bef95db com.example.dogglers/androidx.test.core.app.InstrumentationActivityInvoker$EmptyActivity,ident = 10}, this = DecorView@8d77219[InstrumentationActivityInvoker$EmptyActivity]
09-27 11:35:32.797   315   315 I BufferQueue: [unnamed-315-3286](this:0x7644286800,id:3286,api:0,p:-1,c:-1) BufferQueue core=(315:/system/bin/surfaceflinger)
09-27 11:35:32.798   315   315 I BufferQueueConsumer: [unnamed-315-3286](this:0x7644286800,id:3286,api:0,p:-1,c:315) connect(C): consumer=(315:/system/bin/surfaceflinger) controlledByApp=false
09-27 11:35:32.798   315   315 I BufferQueueConsumer: [unnamed-315-2639](this:0x7644286800,id:3286,api:0,p:-1,c:315) setConsumerName: unnamed-315-2639
09-27 11:35:32.798   315   315 I BufferQueueConsumer: [com.example.dogglers/androidx.test.core.app.InstrumentationActivityInvoker$EmptyActivity](this:0x7644286800,id:3286,api:0,p:-1,c:315) setConsumerName: com.example.dogglers/androidx.test.core.app.InstrumentationActivityInvoker$EmptyActivity
09-27 11:35:32.798   315   315 I BufferQueueProducer: [](this:0x7644286800,id:3286,api:0,p:-1,c:315) setMaxDequeuedBufferCount: maxDequeuedBuffers = 2
09-27 11:35:32.798   315   315 I BufferQueueConsumer: [com.example.dogglers/androidx.test.core.app.InstrumentationActivityInvoker$EmptyActivity](this:0x7644286800,id:3286,api:0,p:-1,c:315) setDefaultBufferSize: width=1 height=1
09-27 11:35:32.809   315   315 I BufferQueueConsumer: [com.example.dogglers/androidx.test.core.app.InstrumentationActivityInvoker$EmptyActivity](this:0x7644286800,id:3286,api:0,p:-1,c:315) setDefaultBufferSize: width=720 height=1280
09-27 11:35:32.814 14564 14564 D Surface : Surface::allocateBuffers(this=0x7812cbbe00)
09-27 11:35:32.814 14564 14597 D OpenGLRenderer: CanvasContext() 0x782e4d9000 initialize window=0x7812cbbe00, title=com.example.dogglers/androidx.test.core.app.InstrumentationActivityInvoker$EmptyActivity
09-27 11:35:32.814 14564 14597 D Surface : Surface::connect(this=0x7812cbbe00,api=1)
09-27 11:35:32.815   315   335 I BufferQueueProducer: [com.example.dogglers/androidx.test.core.app.InstrumentationActivityInvoker$EmptyActivity](this:0x7644286800,id:3286,api:1,p:14564,c:315) connect(P): api=1 producer=(14564:com.example.dogglers) producerControlledByApp=true
09-27 11:35:32.815 14564 14597 W libEGL  : [ANDROID_RECORDABLE] format: 1
09-27 11:35:32.816   315  2474 D GraphicBuffer: alloc, handle(0x764c224840) (w:720 h:1280 s:720 f:0x1 u:0x000900) err(0)
09-27 11:35:32.817   315  2474 D GraphicBuffer: alloc, handle(0x764435f080) (w:720 h:1280 s:720 f:0x1 u:0x000900) err(0)
09-27 11:35:32.818   315  2474 D GraphicBuffer: alloc, handle(0x76442829c0) (w:720 h:1280 s:720 f:0x1 u:0x000900) err(0)
09-27 11:35:32.819 14564 14597 D mali_winsys: EGLint new_window_surface(egl_winsys_display*, void*, EGLSurface, EGLConfig, egl_winsys_surface**, egl_color_buffer_format*, EGLBoolean) returns 0x3000
09-27 11:35:32.821 14564 14564 V InputMethodManager: onWindowFocus: null softInputMode=288 first=true flags=#1810100
09-27 11:35:32.823  1343  1343 I GoogleInputMethodServic: GoogleInputMethodService.onFinishInput():3274
09-27 11:35:32.824  1343  1343 I GoogleInputMethodServic: GoogleInputMethodService.updateDeviceLockedStatus():2166 repeatCheckTimes = 0, unlocked = true
09-27 11:35:32.824  1343  1343 I GoogleInputMethodServic: GoogleInputMethodService.onStartInput():1957 onStartInput(EditorInfo{inputType=0x0(NULL) imeOptions=0x0 privateImeOptions=null actionName=UNSPECIFIED actionLabel=null actionId=0 initialSelStart=-1 initialSelEnd=-1 initialCapsMode=0x0 hintText=null label=null packageName=com.example.dogglers fieldId=-1 fieldName=null extras=null}, false)
09-27 11:35:32.824  1343  1343 I GoogleInputMethodServic: GoogleInputMethodService.shouldHideHeaderOnInitialState():4078 ShouldHideHeaderOnInitialState = false
09-27 11:35:32.825  1343  1343 I GoogleInputMethodServic: GoogleInputMethodService.updateDeviceLockedStatus():2166 repeatCheckTimes = 2, unlocked = true
09-27 11:35:32.827   315   315 I DisplayDevice: [Built-in Screen (type:0)] fps:60.640472,dur:1005.93,max:18.70,min:15.03
09-27 11:35:32.827   315   315 I SurfaceFlinger: FPS: 60
09-27 11:35:32.830   315   998 I BufferQueueProducer: [com.example.dogglers/androidx.test.core.app.InstrumentationActivityInvoker$EmptyActivity](this:0x7644286800,id:3286,api:1,p:14564,c:315) new GraphicBuffer needed
09-27 11:35:32.830   315   998 D GraphicBuffer: free, handle(0x76442829c0) (w:720 h:1280 s:720 f:0x1 u:0x000900)
09-27 11:35:32.832   315   998 D GraphicBuffer: alloc, handle(0x76442829c0) (w:720 h:1280 s:720 f:0x1 u:0x000b00) err(0)
09-27 11:35:32.833 14564 14597 D GraphicBuffer: register, handle(0x780e6a39c0) (w:720 h:1280 s:720 f:0x1 u:0x000b00)
09-27 11:35:32.836   315  2474 I BufferQueueProducer: [com.example.dogglers/androidx.test.core.app.InstrumentationActivityInvoker$EmptyActivity](this:0x7644286800,id:3286,api:1,p:14564,c:315) new GraphicBuffer needed
09-27 11:35:32.836   315  2474 D GraphicBuffer: free, handle(0x764435f080) (w:720 h:1280 s:720 f:0x1 u:0x000900)
09-27 11:35:32.838   315  2474 D GraphicBuffer: alloc, handle(0x764435f080) (w:720 h:1280 s:720 f:0x1 u:0x000b00) err(0)
09-27 11:35:32.839 14564 14597 D GraphicBuffer: register, handle(0x7810380500) (w:720 h:1280 s:720 f:0x1 u:0x000b00)
09-27 11:35:32.841  1576  1590 I SLService3: HAHA3 : com.example.dogglers
09-27 11:35:32.843   315   315 D MALI    : eglCreateImageKHR:513: [Crop] 0 0 0 0  img[720 1280]
09-27 11:35:32.850  1576  1588 I SLService3: HAHA3 : com.example.dogglers
09-27 11:35:32.861 14564 14564 D LifecycleMonitor: Lifecycle status change: androidx.test.core.app.InstrumentationActivityInvoker$EmptyActivity@d11fed7 in: STOPPED
09-27 11:35:32.861  2069  2085 I UpSlideHelper: UpSlide|toggleUpSlideViewInCamera isInCamera = false
09-27 11:35:32.862 14564 14564 V ActivityScenario: Activity lifecycle changed event received but ignored because the intent does not match. startActivityIntent=Intent { act=android.intent.action.MAIN cat=[android.intent.category.LAUNCHER] cmp=com.example.dogglers/.MainActivity }, activity.getIntent()=Intent { act=android.intent.action.MAIN cat=[android.intent.category.LAUNCHER] flg=0x10000000 cmp=com.example.dogglers/androidx.test.core.app.InstrumentationActivityInvoker$EmptyActivity }, activity=androidx.test.core.app.InstrumentationActivityInvoker$EmptyActivity@d11fed7
09-27 11:35:32.863 14564 14564 D LifecycleMonitor: Lifecycle status change: androidx.test.core.app.InstrumentationActivityInvoker$EmptyActivity@d11fed7 in: DESTROYED
09-27 11:35:32.863  2069  2069 I WhiteListHelper: UpSlide|isPkgHidedInVisitorMode >>> pkg = com.facebook.orca, mHideIconList = null
09-27 11:35:32.863 14564 14564 V ActivityScenario: Activity lifecycle changed event received but ignored because the intent does not match. startActivityIntent=Intent { act=android.intent.action.MAIN cat=[android.intent.category.LAUNCHER] cmp=com.example.dogglers/.MainActivity }, activity.getIntent()=Intent { act=android.intent.action.MAIN cat=[android.intent.category.LAUNCHER] flg=0x10000000 cmp=com.example.dogglers/androidx.test.core.app.InstrumentationActivityInvoker$EmptyActivity }, activity=androidx.test.core.app.InstrumentationActivityInvoker$EmptyActivity@d11fed7
09-27 11:35:32.865 14564 14597 D Surface : Surface::disconnect(this=0x7812cbf600,api=1)
09-27 11:35:32.865   315   335 I BufferQueueProducer: [com.example.dogglers/androidx.test.core.app.InstrumentationActivityInvoker$EmptyActivity](this:0x7644285000,id:3285,api:1,p:-1,c:315) disconnect(P): api 1
09-27 11:35:32.865   315   335 D GraphicBuffer: free, handle(0x76442ae2c0) (w:720 h:1280 s:720 f:0x1 u:0x000900)
09-27 11:35:32.865   315   335 D GraphicBuffer: free, handle(0x7646a5b680) (w:720 h:1280 s:720 f:0x1 u:0x000b00)
09-27 11:35:32.865  2069  2069 I WhiteListHelper: UpSlide|isPkgHidedInVisitorMode >>> pkg = com.example.dogglers, mHideIconList = null
09-27 11:35:32.866   315   335 I BufferQueueConsumer: [com.example.dogglers/androidx.test.core.app.InstrumentationActivityInvoker$EmptyActivity](this:0x7644285000,id:3285,api:1,p:-1,c:315) getReleasedBuffers: returning mask 0xffffffffffffffff
09-27 11:35:32.866 14564 14597 D GraphicBuffer: unregister, handle(0x7810380ec0) (w:720 h:1280 s:720 f:0x1 u:0x000b00)
09-27 11:35:32.866 14564 14597 D GraphicBuffer: unregister, handle(0x780e730b80) (w:720 h:1280 s:720 f:0x1 u:0x000b00)
09-27 11:35:32.867 14564 14597 D Surface : Surface::disconnect(this=0x7812cbf600,api=1)
09-27 11:35:32.867   315   333 I BufferQueueProducer: [com.example.dogglers/androidx.test.core.app.InstrumentationActivityInvoker$EmptyActivity](this:0x7644285000,id:3285,api:1,p:-1,c:315) disconnect(P): api 1
09-27 11:35:32.874 14564 14564 D WindowClient: Remove from mViews: DecorView@ade39e2[InstrumentationActivityInvoker$EmptyActivity], this = android.view.WindowManagerGlobal@b39bad9
09-27 11:35:32.875 14564 14564 D LifecycleMonitor: Lifecycle status change: androidx.test.core.app.InstrumentationActivityInvoker$EmptyActivity@94cdf92 in: PAUSED
09-27 11:35:32.875 14564 14564 V ActivityScenario: Activity lifecycle changed event received but ignored because the intent does not match. startActivityIntent=Intent { act=android.intent.action.MAIN cat=[android.intent.category.LAUNCHER] cmp=com.example.dogglers/.MainActivity }, activity.getIntent()=Intent { act=android.intent.action.MAIN cat=[android.intent.category.LAUNCHER] flg=0x10000000 cmp=com.example.dogglers/androidx.test.core.app.InstrumentationActivityInvoker$EmptyActivity }, activity=androidx.test.core.app.InstrumentationActivityInvoker$EmptyActivity@94cdf92
09-27 11:35:32.876   315   315 I BufferQueueConsumer: [com.example.dogglers/androidx.test.core.app.InstrumentationActivityInvoker$EmptyActivity](this:0x7644285000,id:3285,api:1,p:-1,c:-1) disconnect(C)
09-27 11:35:32.876   315   315 D GraphicBuffer: free, handle(0x764435f8c0) (w:720 h:1280 s:720 f:0x1 u:0x000b00)
09-27 11:35:32.876   315   315 I BufferQueue: [com.example.dogglers/androidx.test.core.app.InstrumentationActivityInvoker$EmptyActivity](this:0x7644285000,id:3285,api:1,p:-1,c:-1) ~BufferQueueCore
09-27 11:35:32.895  1443  1443 D PhoneStatusBar: setSystemUiVisibility vis=608 mask=ffffffff oldVal=408 newVal=608 diff=200
09-27 11:35:32.897  2069  2083 I UpSlideHelper: UpSlide|toggleUpSlideViewInCamera isInCamera = false
09-27 11:35:32.898 14564 14564 D LifecycleMonitor: Lifecycle status change: com.example.dogglers.GridListActivity@8e18a38 in: STOPPED
09-27 11:35:32.899 14564 14564 V ActivityScenario: Activity lifecycle changed event received but ignored because the intent does not match. startActivityIntent=Intent { act=android.intent.action.MAIN cat=[android.intent.category.LAUNCHER] cmp=com.example.dogglers/.MainActivity }, activity.getIntent()=Intent { cmp=com.example.dogglers/.GridListActivity }, activity=com.example.dogglers.GridListActivity@8e18a38
09-27 11:35:32.901 14564 14564 V PhoneWindow: DecorView setVisiblity: visibility = 4, Parent = ViewRoot{48b41f3 com.example.dogglers/com.example.dogglers.GridListActivity,ident = 8}, this = DecorView@86dff4e[GridListActivity]
09-27 11:35:32.901 14564 14597 D Surface : Surface::disconnect(this=0x7812cbb000,api=1)
09-27 11:35:32.902   315   998 I BufferQueueProducer: [com.example.dogglers/com.example.dogglers.GridListActivity](this:0x764425e800,id:3284,api:1,p:-1,c:315) disconnect(P): api 1
09-27 11:35:32.902   315   998 I BufferQueueConsumer: [com.example.dogglers/com.example.dogglers.GridListActivity](this:0x764425e800,id:3284,api:1,p:-1,c:315) getReleasedBuffers: returning mask 0xffffffffffffffff
09-27 11:35:32.902   315   998 D GraphicBuffer: free, handle(0x7644284d00) (w:720 h:1280 s:720 f:0x1 u:0x000b00)
09-27 11:35:32.902   315   998 D GraphicBuffer: free, handle(0x76443177c0) (w:720 h:1280 s:720 f:0x1 u:0x000b00)
09-27 11:35:32.903 14564 14597 D GraphicBuffer: unregister, handle(0x78102c1440) (w:720 h:1280 s:720 f:0x1 u:0x000b00)
09-27 11:35:32.903 14564 14597 D GraphicBuffer: unregister, handle(0x7810381640) (w:720 h:1280 s:720 f:0x1 u:0x000b00)
09-27 11:35:32.904 14564 14597 D GraphicBuffer: unregister, handle(0x780e6a5f40) (w:720 h:1280 s:720 f:0x1 u:0x000b00)
09-27 11:35:32.904 14564 14597 D Surface : Surface::disconnect(this=0x7812cbb000,api=1)
09-27 11:35:32.904   315  2474 I BufferQueueProducer: [com.example.dogglers/com.example.dogglers.GridListActivity](this:0x764425e800,id:3284,api:1,p:-1,c:315) disconnect(P): api 1
09-27 11:35:32.908   315   315 I BufferQueueConsumer: [com.example.dogglers/com.example.dogglers.GridListActivity](this:0x764425e800,id:3284,api:1,p:-1,c:-1) disconnect(C)
09-27 11:35:32.909   315   315 D GraphicBuffer: free, handle(0x76442ae200) (w:720 h:1280 s:720 f:0x1 u:0x000b00)
09-27 11:35:32.916 14564 14564 D LifecycleMonitor: Lifecycle status change: androidx.test.core.app.InstrumentationActivityInvoker$EmptyActivity@94cdf92 in: STOPPED
09-27 11:35:32.916 14564 14564 V ActivityScenario: Activity lifecycle changed event received but ignored because the intent does not match. startActivityIntent=Intent { act=android.intent.action.MAIN cat=[android.intent.category.LAUNCHER] cmp=com.example.dogglers/.MainActivity }, activity.getIntent()=Intent { act=android.intent.action.MAIN cat=[android.intent.category.LAUNCHER] flg=0x10000000 cmp=com.example.dogglers/androidx.test.core.app.InstrumentationActivityInvoker$EmptyActivity }, activity=androidx.test.core.app.InstrumentationActivityInvoker$EmptyActivity@94cdf92
09-27 11:35:32.917   315   998 I BufferQueue: [com.example.dogglers/com.example.dogglers.GridListActivity](this:0x764425e800,id:3284,api:1,p:-1,c:-1) ~BufferQueueCore
09-27 11:35:32.918 14564 14564 D LifecycleMonitor: Lifecycle status change: androidx.test.core.app.InstrumentationActivityInvoker$EmptyActivity@94cdf92 in: DESTROYED
09-27 11:35:32.918 14564 14564 V ActivityScenario: Activity lifecycle changed event received but ignored because the intent does not match. startActivityIntent=Intent { act=android.intent.action.MAIN cat=[android.intent.category.LAUNCHER] cmp=com.example.dogglers/.MainActivity }, activity.getIntent()=Intent { act=android.intent.action.MAIN cat=[android.intent.category.LAUNCHER] flg=0x10000000 cmp=com.example.dogglers/androidx.test.core.app.InstrumentationActivityInvoker$EmptyActivity }, activity=androidx.test.core.app.InstrumentationActivityInvoker$EmptyActivity@94cdf92
09-27 11:35:32.919 14564 14597 D Surface : Surface::disconnect(this=0x7812cbbe00,api=1)
09-27 11:35:32.920   315   333 I BufferQueueProducer: [com.example.dogglers/androidx.test.core.app.InstrumentationActivityInvoker$EmptyActivity](this:0x7644286800,id:3286,api:1,p:-1,c:315) disconnect(P): api 1
09-27 11:35:32.920   315   333 D GraphicBuffer: free, handle(0x764c224840) (w:720 h:1280 s:720 f:0x1 u:0x000900)
09-27 11:35:32.920   315   333 D GraphicBuffer: free, handle(0x764435f080) (w:720 h:1280 s:720 f:0x1 u:0x000b00)
09-27 11:35:32.920   315   333 I BufferQueueConsumer: [com.example.dogglers/androidx.test.core.app.InstrumentationActivityInvoker$EmptyActivity](this:0x7644286800,id:3286,api:1,p:-1,c:315) getReleasedBuffers: returning mask 0xffffffffffffffff
09-27 11:35:32.921 14564 14597 D GraphicBuffer: unregister, handle(0x780e6a39c0) (w:720 h:1280 s:720 f:0x1 u:0x000b00)
09-27 11:35:32.921 14564 14597 D GraphicBuffer: unregister, handle(0x7810380500) (w:720 h:1280 s:720 f:0x1 u:0x000b00)
09-27 11:35:32.922 14564 14597 D Surface : Surface::disconnect(this=0x7812cbbe00,api=1)
09-27 11:35:32.922   315   380 I BufferQueueProducer: [com.example.dogglers/androidx.test.core.app.InstrumentationActivityInvoker$EmptyActivity](this:0x7644286800,id:3286,api:1,p:-1,c:315) disconnect(P): api 1
09-27 11:35:32.925   315   315 I BufferQueueConsumer: [com.example.dogglers/androidx.test.core.app.InstrumentationActivityInvoker$EmptyActivity](this:0x7644286800,id:3286,api:1,p:-1,c:-1) disconnect(C)
09-27 11:35:32.925   315   315 D GraphicBuffer: free, handle(0x76442829c0) (w:720 h:1280 s:720 f:0x1 u:0x000b00)
09-27 11:35:32.925   315   315 I BufferQueue: [com.example.dogglers/androidx.test.core.app.InstrumentationActivityInvoker$EmptyActivity](this:0x7644286800,id:3286,api:1,p:-1,c:-1) ~BufferQueueCore
09-27 11:35:32.928 14564 14564 D WindowClient: Remove from mViews: DecorView@8d77219[InstrumentationActivityInvoker$EmptyActivity], this = android.view.WindowManagerGlobal@b39bad9
09-27 11:35:32.928 14564 14564 D LifecycleMonitor: Lifecycle status change: com.example.dogglers.GridListActivity@8e18a38 in: RESTARTED
09-27 11:35:32.929 14564 14564 V ActivityScenario: Activity lifecycle changed event received but ignored because the intent does not match. startActivityIntent=Intent { act=android.intent.action.MAIN cat=[android.intent.category.LAUNCHER] cmp=com.example.dogglers/.MainActivity }, activity.getIntent()=Intent { cmp=com.example.dogglers/.GridListActivity }, activity=com.example.dogglers.GridListActivity@8e18a38
09-27 11:35:32.930 14564 14564 D LifecycleMonitor: Lifecycle status change: com.example.dogglers.GridListActivity@8e18a38 in: STARTED
09-27 11:35:32.930 14564 14564 V ActivityScenario: Activity lifecycle changed event received but ignored because the intent does not match. startActivityIntent=Intent { act=android.intent.action.MAIN cat=[android.intent.category.LAUNCHER] cmp=com.example.dogglers/.MainActivity }, activity.getIntent()=Intent { cmp=com.example.dogglers/.GridListActivity }, activity=com.example.dogglers.GridListActivity@8e18a38
09-27 11:35:32.931 14564 14564 V PhoneWindow: DecorView setVisiblity: visibility = 0, Parent = ViewRoot{48b41f3 com.example.dogglers/com.example.dogglers.GridListActivity,ident = 8}, this = DecorView@86dff4e[GridListActivity]
09-27 11:35:32.932 14564 14564 D LifecycleMonitor: Lifecycle status change: com.example.dogglers.GridListActivity@8e18a38 in: RESUMED
09-27 11:35:32.932 14564 14564 V ActivityScenario: Activity lifecycle changed event received but ignored because the intent does not match. startActivityIntent=Intent { act=android.intent.action.MAIN cat=[android.intent.category.LAUNCHER] cmp=com.example.dogglers/.MainActivity }, activity.getIntent()=Intent { cmp=com.example.dogglers/.GridListActivity }, activity=com.example.dogglers.GridListActivity@8e18a38
09-27 11:35:32.933 14564 14564 V PhoneWindow: DecorView setVisiblity: visibility = 0, Parent = ViewRoot{48b41f3 com.example.dogglers/com.example.dogglers.GridListActivity,ident = 8}, this = DecorView@86dff4e[GridListActivity]
09-27 11:35:32.936 14564 14564 V InputMethodManager: onWindowFocus: androidx.recyclerview.widget.RecyclerView{c97fa49 VFED..... .F.....D 0,0-720,1120 #7f0800d9 app:id/grid_recycler_view} softInputMode=32 first=true flags=#81810100
09-27 11:35:32.943   315   315 I BufferQueue: [unnamed-315-3287](this:0x7644286800,id:3287,api:0,p:-1,c:-1) BufferQueue core=(315:/system/bin/surfaceflinger)
09-27 11:35:32.943   315   315 I BufferQueueConsumer: [unnamed-315-3287](this:0x7644286800,id:3287,api:0,p:-1,c:315) connect(C): consumer=(315:/system/bin/surfaceflinger) controlledByApp=false
09-27 11:35:32.943   315   315 I BufferQueueConsumer: [unnamed-315-2640](this:0x7644286800,id:3287,api:0,p:-1,c:315) setConsumerName: unnamed-315-2640
09-27 11:35:32.943   315   315 I BufferQueueConsumer: [com.example.dogglers/com.example.dogglers.GridListActivity](this:0x7644286800,id:3287,api:0,p:-1,c:315) setConsumerName: com.example.dogglers/com.example.dogglers.GridListActivity
