09-27 11:35:29.138  1576  1576 D GameModeManager: cursor.pkg = com.bandagames.mpuzzle.gp
09-27 11:35:29.138  1576  1576 D GameModeManager: cursor.pkg = com.bandagames.mpuzzle.gp
09-27 11:35:29.138  1576  1576 D GameModeManager: cursor.pkg = com.bandagames.mpuzzle.gp
09-27 11:35:29.138  1576  1576 D GameModeManager: cursor.pkg = com.bandagames.mpuzzle.gp
09-27 11:35:29.138  1576  1576 D GameModeManager: cursor.pkg = com.bandagames.mpuzzle.gp
09-27 11:35:29.138  1576  1576 D GameModeManager: cursor.pkg = com.mobile.legends
09-27 11:35:29.138  1576  1576 D GameModeManager: cursor.pkg = com.mobile.legends
09-27 11:35:29.138  1576  1576 D GameModeManager: cursor.pkg = com.mobile.legends
09-27 11:35:29.138  1576  1576 D GameModeManager: cursor.pkg = com.mobile.legends
09-27 11:35:29.138  1576  1576 D GameModeManager: cursor.pkg = com.mobile.legends
09-27 11:35:29.138  1576  1576 D GameModeManager: cursor.pkg = com.mobile.legends
09-27 11:35:29.138  1576  1576 D GameModeManager: cursor.pkg = com.mobile.legends
09-27 11:35:29.138  1576  1576 D GameModeManager: cursor.pkg = com.mobile.legends
09-27 11:35:29.138  1576  1576 D GameModeManager: cursor.pkg = com.mobile.legends
09-27 11:35:29.138  1576  1576 D GameModeManager: cursor.pkg = com.mobile.legends
09-27 11:35:29.138  1576  1576 D GameModeManager: cursor.pkg = com.mobile.legends
09-27 11:35:29.138  1576  1576 D GameModeManager: cursor.pkg = com.mobile.legends
09-27 11:35:29.139  1576  1576 D GameModeManager: cursor.pkg = com.mobile.legends
09-27 11:35:29.139  1576  1576 D GameModeManager: cursor.pkg = com.mobile.legends
09-27 11:35:29.139  1576  1576 D GameModeManager: cursor.pkg = com.mobile.legends
09-27 11:35:29.139  1576  1576 D GameModeManager: cursor.pkg = com.mobile.legends
09-27 11:35:29.139  1576  1576 D GameModeManager: cursor.pkg = com.mobile.legends
09-27 11:35:29.139  1576  1576 D GameModeManager: cursor.pkg = com.mobile.legends
09-27 11:35:29.139  1576  1576 D GameModeManager: cursor.pkg = com.mobile.legends
09-27 11:35:29.139  1576  1576 D GameModeManager: cursor.pkg = com.mobile.legends
09-27 11:35:29.139  1576  1576 D GameModeManager: cursor.pkg = com.mobile.legends
09-27 11:35:29.139  1576  1576 D GameModeManager: cursor.pkg = com.mobile.legends
09-27 11:35:29.139  1576  1576 D GameModeManager: cursor.pkg = com.mobile.legends
09-27 11:35:29.139  1576  1576 D GameModeManager: cursor.pkg = com.mobile.legends
09-27 11:35:29.139  1576  1576 D GameModeManager: cursor.pkg = com.halfbrick.jetpackjoyride
09-27 11:35:29.139  1576  1576 D GameModeManager: cursor.pkg = com.halfbrick.jetpackjoyride
09-27 11:35:29.139  1576  1576 D GameModeManager: cursor.pkg = com.halfbrick.jetpackjoyride
09-27 11:35:29.139  1576  1576 D GameModeManager: cursor.pkg = com.halfbrick.jetpackjoyride
09-27 11:35:29.139  1576  1576 D GameModeManager: cursor.pkg = com.halfbrick.jetpackjoyride
09-27 11:35:29.139  1576  1576 D GameModeManager: cursor.pkg = com.halfbrick.jetpackjoyride
09-27 11:35:29.139  1576  1576 D GameModeManager: cursor.pkg = com.halfbrick.jetpackjoyride
09-27 11:35:29.139  1576  1576 D GameModeManager: cursor.pkg = com.halfbrick.jetpackjoyride
09-27 11:35:29.139  1576  1576 D GameModeManager: cursor.pkg = com.skgames.trafficrider
09-27 11:35:29.139  1576  1576 D GameModeManager: cursor.pkg = com.ea.game.simcitymobile_row
09-27 11:35:29.139  1576  1576 D GameModeManager: cursor.pkg = com.mobile.legends
09-27 11:35:29.139  1576  1576 D GameModeManager: cursor.pkg = com.mobile.legends
09-27 11:35:29.139  1576  1576 D GameModeManager: cursor.pkg = com.mobile.legends
09-27 11:35:29.139  1576  1576 D GameModeManager: cursor.pkg = com.mobile.legends
09-27 11:35:29.139  1576  1576 D GameModeManager: cursor.pkg = com.sega.sonicdash
09-27 11:35:29.139  1576  1576 D GameModeManager: cursor.pkg = com.rebeltwins.aliensdrivemecrazy
09-27 11:35:29.139  1576  1576 D GameModeManager: cursor.pkg = com.gameloft.android.ANMP.GloftGOHM
09-27 11:35:29.139  1576  1576 D GameModeManager: cursor.pkg = com.mobile.legends
09-27 11:35:29.139  1576  1576 D GameModeManager: cursor.pkg = com.ea.games.simsfreeplay_row
09-27 11:35:29.139  1576  1576 D GameModeManager: cursor.pkg = mobi.bestfreegames.bike.mayhem.extreme.mountain.racing.free
09-27 11:35:29.139  1576  1576 D GameModeManager: cursor.pkg = com.vectorunit.yellow
09-27 11:35:29.139  1576  1576 D GameModeManager: cursor.pkg = com.supercell.clashofclans
09-27 11:35:29.139  1576  1576 D GameModeManager: cursor.pkg = com.topfreegames.bikeracefreeworld
09-27 11:35:29.139  1576  1576 D GameModeManager: cursor.pkg = com.imangi.templerun
09-27 11:35:29.139  1576  1576 D GameModeManager: cursor.pkg = com.imangi.templerun2
09-27 11:35:29.142  1576  1576 D GameModeManager: The package:com.bbk.launcher2 is moved to foreground
09-27 11:35:29.145 28697 28697 D Launcher: onResume -- mState = WORKSPACE
09-27 11:35:29.145 28697 28697 D Launcher: launcher onResume duration: 12
09-27 11:35:29.146 28697 28697 D yuan    : onVisibilityChanged----android.widget.ListView{a3a98fe V.ED..C.. ......I. 0,0-0,0}
09-27 11:35:29.146 28697 28697 D yuan    : onVisibilityChanged----com.bbk.launcher2.search.AnimPinnedHeaderListView{ce800f VFED.VC.. ......I. 0,0-0,0 #7f0c0085 app:id/listview}
09-27 11:35:29.146 28697 28697 V PhoneWindow: DecorView setVisiblity: visibility = 0, Parent = ViewRoot{9d7d295 com.bbk.launcher2/com.bbk.launcher2.Launcher,ident = 0}, this = DecorView@ddf085[Launcher]
09-27 11:35:29.147 14065 14087 D SQLiteDatabase: endTransaction()
09-27 11:35:29.147   315   315 I BufferQueueConsumer: [com.example.dogglers/com.example.dogglers.MainActivity](this:0x76491d6800,id:3271,api:1,p:-1,c:-1) disconnect(C)
09-27 11:35:29.147   315   315 D GraphicBuffer: free, handle(0x764c225140) (w:720 h:1280 s:720 f:0x1 u:0x000b00)
09-27 11:35:29.148   315   315 I BufferQueue: [com.example.dogglers/com.example.dogglers.MainActivity](this:0x76491d6800,id:3271,api:1,p:-1,c:-1) ~BufferQueueCore
09-27 11:35:29.152   315   315 I BufferQueue: [unnamed-315-3274](this:0x76491d6800,id:3274,api:0,p:-1,c:-1) BufferQueue core=(315:/system/bin/surfaceflinger)
09-27 11:35:29.152   315   315 I BufferQueueConsumer: [unnamed-315-3274](this:0x76491d6800,id:3274,api:0,p:-1,c:315) connect(C): consumer=(315:/system/bin/surfaceflinger) controlledByApp=false
09-27 11:35:29.153   315   315 I BufferQueueConsumer: [unnamed-315-2627](this:0x76491d6800,id:3274,api:0,p:-1,c:315) setConsumerName: unnamed-315-2627
09-27 11:35:29.153   315   315 I BufferQueueConsumer: [com.bbk.launcher2/com.bbk.launcher2.Launcher](this:0x76491d6800,id:3274,api:0,p:-1,c:315) setConsumerName: com.bbk.launcher2/com.bbk.launcher2.Launcher
09-27 11:35:29.153   315   315 I BufferQueueProducer: [](this:0x76491d6800,id:3274,api:0,p:-1,c:315) setMaxDequeuedBufferCount: maxDequeuedBuffers = 2
09-27 11:35:29.153   315   315 I BufferQueueConsumer: [com.bbk.launcher2/com.bbk.launcher2.Launcher](this:0x76491d6800,id:3274,api:0,p:-1,c:315) setDefaultBufferSize: width=720 height=1280
09-27 11:35:29.156  1443  1443 D PhoneStatusBar: setSystemUiVisibility vis=608 mask=ffffffff oldVal=408 newVal=608 diff=200
09-27 11:35:29.160 28697 28697 D Surface : Surface::allocateBuffers(this=0x780d0af000)
09-27 11:35:29.160 28697 28809 D OpenGLRenderer: CanvasContext() 0x78270d0800 initialize window=0x780d0af000, title=com.bbk.launcher2/com.bbk.launcher2.Launcher
09-27 11:35:29.160 28697 28809 D Surface : Surface::connect(this=0x780d0af000,api=1)
09-27 11:35:29.161   315  2474 I BufferQueueProducer: [com.bbk.launcher2/com.bbk.launcher2.Launcher](this:0x76491d6800,id:3274,api:1,p:28697,c:315) connect(P): api=1 producer=(28697:com.bbk.launcher2) producerControlledByApp=true
09-27 11:35:29.161 28697 28809 W libEGL  : [ANDROID_RECORDABLE] format: 1
09-27 11:35:29.162   315   335 D GraphicBuffer: alloc, handle(0x7644316680) (w:720 h:1280 s:720 f:0x1 u:0x000900) err(0)
09-27 11:35:29.163   315   335 D GraphicBuffer: alloc, handle(0x764435f440) (w:720 h:1280 s:720 f:0x1 u:0x000900) err(0)
09-27 11:35:29.164   315   335 D GraphicBuffer: alloc, handle(0x764435f500) (w:720 h:1280 s:720 f:0x1 u:0x000900) err(0)
09-27 11:35:29.165 28697 28809 D mali_winsys: EGLint new_window_surface(egl_winsys_display*, void*, EGLSurface, EGLConfig, egl_winsys_surface**, egl_color_buffer_format*, EGLBoolean) returns 0x3000
09-27 11:35:29.166 28697 28697 D Launcher: onWindowFocusChanged ,  hasFocus = true
09-27 11:35:29.168 28697 28697 V InputMethodManager: onWindowFocus: null softInputMode=32 first=true flags=#81910300
09-27 11:35:29.172  1343  1343 I GoogleInputMethodServic: GoogleInputMethodService.onFinishInput():3274
09-27 11:35:29.173  1343  1343 I GoogleInputMethodServic: GoogleInputMethodService.updateDeviceLockedStatus():2166 repeatCheckTimes = 0, unlocked = true
09-27 11:35:29.174  1343  1343 I GoogleInputMethodServic: GoogleInputMethodService.onStartInput():1957 onStartInput(EditorInfo{inputType=0x0(NULL) imeOptions=0x0 privateImeOptions=null actionName=UNSPECIFIED actionLabel=null actionId=0 initialSelStart=-1 initialSelEnd=-1 initialCapsMode=0x0 hintText=null label=null packageName=com.bbk.launcher2 fieldId=-1 fieldName=null extras=null}, false)
09-27 11:35:29.174  1343  1343 I GoogleInputMethodServic: GoogleInputMethodService.shouldHideHeaderOnInitialState():4078 ShouldHideHeaderOnInitialState = false
09-27 11:35:29.176  1343  1343 I GoogleInputMethodServic: GoogleInputMethodService.updateDeviceLockedStatus():2166 repeatCheckTimes = 2, unlocked = true
09-27 11:35:29.180   315   333 I BufferQueueProducer: [com.bbk.launcher2/com.bbk.launcher2.Launcher](this:0x76491d6800,id:3274,api:1,p:28697,c:315) new GraphicBuffer needed
09-27 11:35:29.180   315   333 D GraphicBuffer: free, handle(0x764435f500) (w:720 h:1280 s:720 f:0x1 u:0x000900)
09-27 11:35:29.181  4585  4889 I FloatWindowManagerService: top = com.bbk.launcher2
09-27 11:35:29.181  4585  4889 I FloatWindowManagerService:  ; Last is : com.example.dogglers ; To is : com.bbk.launcher2
09-27 11:35:29.182   315   333 D GraphicBuffer: alloc, handle(0x764435f500) (w:720 h:1280 s:720 f:0x1 u:0x000b00) err(0)
09-27 11:35:29.184 28697 28809 D GraphicBuffer: register, handle(0x780c72ae40) (w:720 h:1280 s:720 f:0x1 u:0x000b00)
09-27 11:35:29.190   315   335 I BufferQueueProducer: [com.bbk.launcher2/com.bbk.launcher2.Launcher](this:0x76491d6800,id:3274,api:1,p:28697,c:315) new GraphicBuffer needed
09-27 11:35:29.191   315   335 D GraphicBuffer: free, handle(0x764435f440) (w:720 h:1280 s:720 f:0x1 u:0x000900)
09-27 11:35:29.193   315   335 D GraphicBuffer: alloc, handle(0x764435f440) (w:720 h:1280 s:720 f:0x1 u:0x000b00) err(0)
09-27 11:35:29.194 28697 28809 D GraphicBuffer: register, handle(0x780c694200) (w:720 h:1280 s:720 f:0x1 u:0x000b00)
09-27 11:35:29.197   315   315 D MALI    : eglCreateImageKHR:513: [Crop] 0 0 0 0  img[720 1280]
09-27 11:35:29.198  1443  1443 D ImageWallpaper: onOffsetsChanged: xOffset=0.0, yOffset=0.0, xOffsetStep=0.0, yOffsetStep=0.0, xPixels=0, yPixels=0
09-27 11:35:29.198  1443  1443 D ImageWallpaper: drawFrame, newRotation:0 mLastRotation:0
09-27 11:35:29.198  1443  1443 D ImageWallpaper: drawFrame, frame size:720/1280; ForceDraw : false
09-27 11:35:29.198  1443  1443 D ImageWallpaper: Suppressed drawFrame since redraw is not needed and offsets have not changed.
09-27 11:35:29.198  1443  1443 D ImageWallpaper: onVisibilityChanged: mVisible, visible=false, true
09-27 11:35:29.199  1443  1443 D ImageWallpaper: Visibility changed to visible=true
09-27 11:35:29.200  1443  1443 D ImageWallpaper: drawFrame, newRotation:0 mLastRotation:0
09-27 11:35:29.200  1443  1443 D ImageWallpaper: drawFrame, frame size:720/1280; ForceDraw : false
09-27 11:35:29.200  1443  1443 D ImageWallpaper: Suppressed drawFrame since redraw is not needed and offsets have not changed.
09-27 11:35:29.200 14065 14087 D SQLiteDatabase: endTransaction()
09-27 11:35:29.202 14065 14098 I Finsky  : [9537] qsp.c(1): Regular flags synced
09-27 11:35:29.204  1443  1443 I StatusBarColorController: SystemUI|notifyStatusBarColorInfo:  iconColor = -1, bgColor = 0, mIsBgColorLight= false, mIsLightFlag= false, isLauncher= true, isKeyguardShowing= false
09-27 11:35:29.204 14065 14098 I Finsky  : [9537] oxo.k(3): Writing flags config, size 1.
09-27 11:35:29.204  1443  1443 I StatusBarColorController: SystemUI|setIconsDark: mIsIconsDark= false, dark= false, mBarMode= 4, mIconColor= -1
09-27 11:35:29.205 14065 14098 I Finsky  : [9537] oxo.k(3): Started writing experiment flags into file [iWwxd7O-P9YLEBaqCUgDbCtINtzcSY4JQYg8u7zcTZ8].
09-27 11:35:29.215 14912 14948 I _V_SecureService2: onForegroundActivitiesChanged() pid = 14564, uid = 10471, foregroundActivities = false
09-27 11:35:29.216  1078  1158 D VivoAppMonitor: onForegroundActivitiesChanged: pid=14564, uid=10471, foregroundActivities=false
09-27 11:35:29.216  2069  2083 I UpSlideHelper: UpSlide|toggleUpSlideViewInCamera isInCamera = false
09-27 11:35:29.216  4414  4644 I _V_UsageAppManager: dealAppInfoList.getPid()=14564,dealAppInfoList.getUid()=10471,dealAppInfoList.getPkgName()=com.example.dogglers
09-27 11:35:29.216  4414  4644 I _V_UsageAppManager: dealAppInfoList_mForgroundInfo_pid=28697,mForgroundInfo_pkgName=com.bbk.launcher2,mForgroundInfo_uid=10039,mBackgroundInfo_pid=14564,mBackgroundInfo_pkgName=com.example.dogglers,mBackgroundInfo_uid=10471
09-27 11:35:29.216  1078  1158 D touchscreenjni: chenpeng JNI called
09-27 11:35:29.217  1078  1158 E touchscreen: Open /sys/touchscreen/app_name failed
09-27 11:35:29.218 14065 14098 I Finsky  : [9537] oxo.k(17): Finished writing experiment flags into file [iWwxd7O-P9YLEBaqCUgDbCtINtzcSY4JQYg8u7zcTZ8].
09-27 11:35:29.218  1576  3491 I SLService2: HAHA2 pid = 14564, uid = 10471, f = false
09-27 11:35:29.219 14564 14597 D Surface : Surface::disconnect(this=0x7812cc0400,api=1)
09-27 11:35:29.219   315   998 I BufferQueueProducer: [com.example.dogglers/androidx.test.core.app.InstrumentationActivityInvoker$EmptyActivity](this:0x76491d8000,id:3273,api:1,p:-1,c:315) disconnect(P): api 1
09-27 11:35:29.219   315   998 D GraphicBuffer: free, handle(0x76443177c0) (w:720 h:1280 s:720 f:0x1 u:0x000900)
09-27 11:35:29.220   315   998 D GraphicBuffer: free, handle(0x7646a5ac00) (w:720 h:1280 s:720 f:0x1 u:0x000b00)
09-27 11:35:29.220   315   998 I BufferQueueConsumer: [com.example.dogglers/androidx.test.core.app.InstrumentationActivityInvoker$EmptyActivity](this:0x76491d8000,id:3273,api:1,p:-1,c:315) getReleasedBuffers: returning mask 0xffffffffffffffff
09-27 11:35:29.220  1443  1443 I StatusBarColorController: SystemUI|notifyStatusBarColorInfo:  iconColor = -1, bgColor = 0, mIsBgColorLight= false, mIsLightFlag= false, isLauncher= true, isKeyguardShowing= false
09-27 11:35:29.220  1443  1443 I StatusBarColorController: SystemUI|setIconsDark: mIsIconsDark= false, dark= false, mBarMode= 4, mIconColor= -1
09-27 11:35:29.221  1576  3486 I ProxCoverNoticeService: isHomeLauncher = true
09-27 11:35:29.221 14564 14597 D GraphicBuffer: unregister, handle(0x780e6a5a00) (w:720 h:1280 s:720 f:0x1 u:0x000b00)
09-27 11:35:29.222 14564 14597 D GraphicBuffer: unregister, handle(0x780e72efc0) (w:720 h:1280 s:720 f:0x1 u:0x000b00)
09-27 11:35:29.223  1576  1772 D GameModeManager: GameModeOverseaHandler--handleMessage 3001
09-27 11:35:29.223 14564 14597 D Surface : Surface::disconnect(this=0x7812cc0400,api=1)
09-27 11:35:29.223  4414  4644 I _V_UsageAppManager: getversionCode=1
09-27 11:35:29.223  4414  4644 I _V_UsageAppManager: getVersionName_name=1.0
09-27 11:35:29.223   315  2474 I BufferQueueProducer: [com.example.dogglers/androidx.test.core.app.InstrumentationActivityInvoker$EmptyActivity](this:0x76491d8000,id:3273,api:1,p:-1,c:315) disconnect(P): api 1
09-27 11:35:29.224  1576  3486 I ProxCoverNoticeService: top activity name = com.bbk.launcher2
09-27 11:35:29.224  1576  3486 E ProxCoverNoticeService: monitor view is null, no need to update fullscreen
09-27 11:35:29.224  1576  3486 I ProxCoverNoticeService: onForegroundActivitiesChanged, pid = 14564, uid = 10471, pkg = com.example.dogglers, foregroundActivities = false
09-27 11:35:29.226  4585  4889 I FloatWindowManagerService:  pid = 14564, uid = 10471, fore = false ; now is : com.example.dogglers
09-27 11:35:29.226  1576  3486 I ProxCoverNoticeService: isKeyguardLocked = false, isDeviceLocked = false, isKeyguardSecure = true, isDeviceSecure = true, inKeyguardRestrictedInputMode = false
09-27 11:35:29.227  4585  4889 I FloatWindowManagerService: last  : com.example.dogglers is al , nothing to need to do !
09-27 11:35:29.228  1443  1443 I StatusBarColorController: SystemUI|notifyStatusBarColorInfo:  iconColor = -1, bgColor = 0, mIsBgColorLight= false, mIsLightFlag= false, isLauncher= true, isKeyguardShowing= false
09-27 11:35:29.228  1443  1443 I StatusBarColorController: SystemUI|setIconsDark: mIsIconsDark= false, dark= false, mBarMode= 4, mIconColor= -1
09-27 11:35:29.229   315   315 I BufferQueueConsumer: [com.example.dogglers/androidx.test.core.app.InstrumentationActivityInvoker$EmptyActivity](this:0x76491d8000,id:3273,api:1,p:-1,c:-1) disconnect(C)
09-27 11:35:29.229   315   315 D GraphicBuffer: free, handle(0x764c224d80) (w:720 h:1280 s:720 f:0x1 u:0x000b00)
09-27 11:35:29.229 14065 14098 I Finsky  : [9537] qsk.g(22): Successfully applied new configurations for package com.google.android.finsky.regular.
09-27 11:35:29.230 14065 14096 I Finsky  : [9535] qsk.h(1): Triggered update for experiment package com.google.android.finsky.regular.
09-27 11:35:29.231 14564 14564 D LifecycleMonitor: Lifecycle status change: androidx.test.core.app.InstrumentationActivityInvoker$EmptyActivity@f376329 in: STOPPED
09-27 11:35:29.232 14564 14564 V ActivityScenario: Activity lifecycle changed event received but ignored because the intent does not match. startActivityIntent=Intent { act=android.intent.action.MAIN cat=[android.intent.category.LAUNCHER] cmp=com.example.dogglers/.MainActivity }, activity.getIntent()=Intent { act=android.intent.action.MAIN cat=[android.intent.category.LAUNCHER] flg=0x10000000 cmp=com.example.dogglers/androidx.test.core.app.InstrumentationActivityInvoker$EmptyActivity }, activity=androidx.test.core.app.InstrumentationActivityInvoker$EmptyActivity@f376329
09-27 11:35:29.232 14065 14087 D SQLiteDatabase: beginTransaction()
09-27 11:35:29.233   315   380 I BufferQueue: [com.example.dogglers/androidx.test.core.app.InstrumentationActivityInvoker$EmptyActivity](this:0x76491d8000,id:3273,api:1,p:-1,c:-1) ~BufferQueueCore
09-27 11:35:29.234 14564 14564 D LifecycleMonitor: Lifecycle status change: androidx.test.core.app.InstrumentationActivityInvoker$EmptyActivity@f376329 in: DESTROYED
09-27 11:35:29.234 14564 14564 V ActivityScenario: Activity lifecycle changed event received but ignored because the intent does not match. startActivityIntent=Intent { act=android.intent.action.MAIN cat=[android.intent.category.LAUNCHER] cmp=com.example.dogglers/.MainActivity }, activity.getIntent()=Intent { act=android.intent.action.MAIN cat=[android.intent.category.LAUNCHER] flg=0x10000000 cmp=com.example.dogglers/androidx.test.core.app.InstrumentationActivityInvoker$EmptyActivity }, activity=androidx.test.core.app.InstrumentationActivityInvoker$EmptyActivity@f376329
09-27 11:35:29.236  1443  1443 I StatusBarColorController: SystemUI|notifyStatusBarColorInfo:  iconColor = -1, bgColor = 0, mIsBgColorLight= false, mIsLightFlag= false, isLauncher= true, isKeyguardShowing= false
09-27 11:35:29.236  1443  1443 I StatusBarColorController: SystemUI|setIconsDark: mIsIconsDark= false, dark= false, mBarMode= 4, mIconColor= -1
09-27 11:35:29.240 14564 14564 D WindowClient: Remove from mViews: DecorView@1045fdc[InstrumentationActivityInvoker$EmptyActivity], this = android.view.WindowManagerGlobal@b39bad9
09-27 11:35:29.241 14564 14564 D LifecycleMonitor: Lifecycle status change: com.example.dogglers.MainActivity@9a1e182 in: STOPPED
09-27 11:35:29.242 14564 14564 V ActivityScenario: Update currentActivityStage to STOPPED, currentActivity=com.example.dogglers.MainActivity@9a1e182
09-27 11:35:29.243 14564 14564 D LifecycleMonitor: Lifecycle status change: com.example.dogglers.MainActivity@9a1e182 in: DESTROYED
09-27 11:35:29.244 14564 14564 V ActivityScenario: Update currentActivityStage to DESTROYED, currentActivity=null
09-27 11:35:29.245 14564 14591 I TestRunner: finished: grid_list_button_is_displayed(com.example.dogglers.ButtonTests)
