09-27 11:35:30.796 14564 14564 V ActivityScenario: Activity lifecycle changed event received but ignored because the intent does not match. startActivityIntent=Intent { act=android.intent.action.MAIN cat=[android.intent.category.LAUNCHER] cmp=com.example.dogglers/.MainActivity }, activity.getIntent()=Intent { act=android.intent.action.MAIN cat=[android.intent.category.LAUNCHER] flg=0x10000000 cmp=com.example.dogglers/androidx.test.core.app.InstrumentationActivityInvoker$EmptyActivity }, activity=androidx.test.core.app.InstrumentationActivityInvoker$EmptyActivity@52af327
09-27 11:35:30.797   315   315 I BufferQueueConsumer: [com.example.dogglers/androidx.test.core.app.InstrumentationActivityInvoker$EmptyActivity](this:0x764425e800,id:3278,api:1,p:-1,c:-1) disconnect(C)
09-27 11:35:30.797   315   315 D GraphicBuffer: free, handle(0x764435f440) (w:720 h:1280 s:720 f:0x1 u:0x000b00)
09-27 11:35:30.797   315   315 I BufferQueue: [com.example.dogglers/androidx.test.core.app.InstrumentationActivityInvoker$EmptyActivity](this:0x764425e800,id:3278,api:1,p:-1,c:-1) ~BufferQueueCore
09-27 11:35:30.814   315   315 I DisplayDevice: [Built-in Screen (type:0)] fps:60.650055,dur:1005.77,max:18.07,min:13.71
09-27 11:35:30.814   315   315 I SurfaceFlinger: FPS: 60
09-27 11:35:30.817  1443  1443 D PhoneStatusBar: setSystemUiVisibility vis=608 mask=ffffffff oldVal=408 newVal=608 diff=200
09-27 11:35:30.818  2069  4665 I UpSlideHelper: UpSlide|toggleUpSlideViewInCamera isInCamera = false
09-27 11:35:30.818 14564 14597 D Surface : Surface::disconnect(this=0x7834c54e00,api=1)
09-27 11:35:30.819   315   380 I BufferQueueProducer: [com.example.dogglers/com.example.dogglers.HorizontalListActivity](this:0x764425d000,id:3277,api:1,p:-1,c:315) disconnect(P): api 1
09-27 11:35:30.819   315   380 I BufferQueueConsumer: [com.example.dogglers/com.example.dogglers.HorizontalListActivity](this:0x764425d000,id:3277,api:1,p:-1,c:315) getReleasedBuffers: returning mask 0xffffffffffffffff
09-27 11:35:30.819   315   380 D GraphicBuffer: free, handle(0x764c224900) (w:720 h:1280 s:720 f:0x1 u:0x000b00)
09-27 11:35:30.819   315   380 D GraphicBuffer: free, handle(0x764c2249c0) (w:720 h:1280 s:720 f:0x1 u:0x000b00)
09-27 11:35:30.820 14564 14597 D GraphicBuffer: unregister, handle(0x78102c0a80) (w:720 h:1280 s:720 f:0x1 u:0x000b00)
09-27 11:35:30.820 14564 14597 D GraphicBuffer: unregister, handle(0x781037f900) (w:720 h:1280 s:720 f:0x1 u:0x000b00)
09-27 11:35:30.820 14564 14597 D GraphicBuffer: unregister, handle(0x780e72f5c0) (w:720 h:1280 s:720 f:0x1 u:0x000b00)
09-27 11:35:30.821 14564 14597 D Surface : Surface::disconnect(this=0x7834c54e00,api=1)
09-27 11:35:30.821   315  2474 I BufferQueueProducer: [com.example.dogglers/com.example.dogglers.HorizontalListActivity](this:0x764425d000,id:3277,api:1,p:-1,c:315) disconnect(P): api 1
09-27 11:35:30.830   315   315 I BufferQueueConsumer: [com.example.dogglers/com.example.dogglers.HorizontalListActivity](this:0x764425d000,id:3277,api:1,p:-1,c:-1) disconnect(C)
09-27 11:35:30.830   315   315 D GraphicBuffer: free, handle(0x764c224840) (w:720 h:1280 s:720 f:0x1 u:0x000b00)
09-27 11:35:30.834 14564 14564 D LifecycleMonitor: Lifecycle status change: com.example.dogglers.HorizontalListActivity@5869831 in: STOPPED
09-27 11:35:30.834 14564 14564 V ActivityScenario: Activity lifecycle changed event received but ignored because the intent does not match. startActivityIntent=Intent { act=android.intent.action.MAIN cat=[android.intent.category.LAUNCHER] cmp=com.example.dogglers/.MainActivity }, activity.getIntent()=Intent { cmp=com.example.dogglers/.HorizontalListActivity }, activity=com.example.dogglers.HorizontalListActivity@5869831
09-27 11:35:30.835   315   333 I BufferQueue: [com.example.dogglers/com.example.dogglers.HorizontalListActivity](this:0x764425d000,id:3277,api:1,p:-1,c:-1) ~BufferQueueCore
09-27 11:35:30.835 14564 14564 V PhoneWindow: DecorView setVisiblity: visibility = 4, Parent = ViewRoot{4a0f550 com.example.dogglers/com.example.dogglers.HorizontalListActivity,ident = 4}, this = DecorView@61fe78f[HorizontalListActivity]
09-27 11:35:30.838 14564 14564 D LifecycleMonitor: Lifecycle status change: androidx.test.core.app.InstrumentationActivityInvoker$EmptyActivity@52af327 in: STOPPED
09-27 11:35:30.838 14564 14564 V ActivityScenario: Activity lifecycle changed event received but ignored because the intent does not match. startActivityIntent=Intent { act=android.intent.action.MAIN cat=[android.intent.category.LAUNCHER] cmp=com.example.dogglers/.MainActivity }, activity.getIntent()=Intent { act=android.intent.action.MAIN cat=[android.intent.category.LAUNCHER] flg=0x10000000 cmp=com.example.dogglers/androidx.test.core.app.InstrumentationActivityInvoker$EmptyActivity }, activity=androidx.test.core.app.InstrumentationActivityInvoker$EmptyActivity@52af327
09-27 11:35:30.840 14564 14564 D LifecycleMonitor: Lifecycle status change: androidx.test.core.app.InstrumentationActivityInvoker$EmptyActivity@52af327 in: DESTROYED
09-27 11:35:30.840 14564 14564 V ActivityScenario: Activity lifecycle changed event received but ignored because the intent does not match. startActivityIntent=Intent { act=android.intent.action.MAIN cat=[android.intent.category.LAUNCHER] cmp=com.example.dogglers/.MainActivity }, activity.getIntent()=Intent { act=android.intent.action.MAIN cat=[android.intent.category.LAUNCHER] flg=0x10000000 cmp=com.example.dogglers/androidx.test.core.app.InstrumentationActivityInvoker$EmptyActivity }, activity=androidx.test.core.app.InstrumentationActivityInvoker$EmptyActivity@52af327
09-27 11:35:30.841 14564 14597 D Surface : Surface::disconnect(this=0x7812cbf600,api=1)
09-27 11:35:30.842   315   380 I BufferQueueProducer: [com.example.dogglers/androidx.test.core.app.InstrumentationActivityInvoker$EmptyActivity](this:0x7646b0c000,id:3279,api:1,p:-1,c:315) disconnect(P): api 1
09-27 11:35:30.842   315   380 D GraphicBuffer: free, handle(0x76442829c0) (w:720 h:1280 s:720 f:0x1 u:0x000900)
09-27 11:35:30.842   315   380 D GraphicBuffer: free, handle(0x7644283bc0) (w:720 h:1280 s:720 f:0x1 u:0x000b00)
09-27 11:35:30.842   315   380 I BufferQueueConsumer: [com.example.dogglers/androidx.test.core.app.InstrumentationActivityInvoker$EmptyActivity](this:0x7646b0c000,id:3279,api:1,p:-1,c:315) getReleasedBuffers: returning mask 0xffffffffffffffff
09-27 11:35:30.843 14564 14597 D GraphicBuffer: unregister, handle(0x7810380380) (w:720 h:1280 s:720 f:0x1 u:0x000b00)
09-27 11:35:30.843 14564 14597 D GraphicBuffer: unregister, handle(0x7810380ec0) (w:720 h:1280 s:720 f:0x1 u:0x000b00)
09-27 11:35:30.844 14564 14597 D Surface : Surface::disconnect(this=0x7812cbf600,api=1)
09-27 11:35:30.844   315   335 I BufferQueueProducer: [com.example.dogglers/androidx.test.core.app.InstrumentationActivityInvoker$EmptyActivity](this:0x7646b0c000,id:3279,api:1,p:-1,c:315) disconnect(P): api 1
09-27 11:35:30.849 14564 14564 D WindowClient: Remove from mViews: DecorView@2fdb672[InstrumentationActivityInvoker$EmptyActivity], this = android.view.WindowManagerGlobal@b39bad9
09-27 11:35:30.850 14564 14564 D LifecycleMonitor: Lifecycle status change: com.example.dogglers.HorizontalListActivity@5869831 in: RESTARTED
09-27 11:35:30.850 14564 14564 V ActivityScenario: Activity lifecycle changed event received but ignored because the intent does not match. startActivityIntent=Intent { act=android.intent.action.MAIN cat=[android.intent.category.LAUNCHER] cmp=com.example.dogglers/.MainActivity }, activity.getIntent()=Intent { cmp=com.example.dogglers/.HorizontalListActivity }, activity=com.example.dogglers.HorizontalListActivity@5869831
09-27 11:35:30.851 14564 14564 D LifecycleMonitor: Lifecycle status change: com.example.dogglers.HorizontalListActivity@5869831 in: STARTED
09-27 11:35:30.852 14564 14564 V ActivityScenario: Activity lifecycle changed event received but ignored because the intent does not match. startActivityIntent=Intent { act=android.intent.action.MAIN cat=[android.intent.category.LAUNCHER] cmp=com.example.dogglers/.MainActivity }, activity.getIntent()=Intent { cmp=com.example.dogglers/.HorizontalListActivity }, activity=com.example.dogglers.HorizontalListActivity@5869831
09-27 11:35:30.853 14564 14564 V PhoneWindow: DecorView setVisiblity: visibility = 0, Parent = ViewRoot{4a0f550 com.example.dogglers/com.example.dogglers.HorizontalListActivity,ident = 4}, this = DecorView@61fe78f[HorizontalListActivity]
09-27 11:35:30.854 14564 14564 D LifecycleMonitor: Lifecycle status change: com.example.dogglers.HorizontalListActivity@5869831 in: RESUMED
09-27 11:35:30.854 14564 14564 V ActivityScenario: Activity lifecycle changed event received but ignored because the intent does not match. startActivityIntent=Intent { act=android.intent.action.MAIN cat=[android.intent.category.LAUNCHER] cmp=com.example.dogglers/.MainActivity }, activity.getIntent()=Intent { cmp=com.example.dogglers/.HorizontalListActivity }, activity=com.example.dogglers.HorizontalListActivity@5869831
09-27 11:35:30.855 14564 14564 V PhoneWindow: DecorView setVisiblity: visibility = 0, Parent = ViewRoot{4a0f550 com.example.dogglers/com.example.dogglers.HorizontalListActivity,ident = 4}, this = DecorView@61fe78f[HorizontalListActivity]
09-27 11:35:30.857 14564 14564 V InputMethodManager: onWindowFocus: androidx.recyclerview.widget.RecyclerView{8f546ee VFEDH.... .F....ID 0,269-720,850 #7f0800e5 app:id/horizontal_recycler_view} softInputMode=16 first=true flags=#81810100
09-27 11:35:30.861   315   315 I BufferQueue: [unnamed-315-3280](this:0x764425e800,id:3280,api:0,p:-1,c:-1) BufferQueue core=(315:/system/bin/surfaceflinger)
09-27 11:35:30.861   315   315 I BufferQueueConsumer: [unnamed-315-3280](this:0x764425e800,id:3280,api:0,p:-1,c:315) connect(C): consumer=(315:/system/bin/surfaceflinger) controlledByApp=false
09-27 11:35:30.861   315   315 I BufferQueueConsumer: [unnamed-315-2633](this:0x764425e800,id:3280,api:0,p:-1,c:315) setConsumerName: unnamed-315-2633
09-27 11:35:30.861   315   315 I BufferQueueConsumer: [com.example.dogglers/com.example.dogglers.HorizontalListActivity](this:0x764425e800,id:3280,api:0,p:-1,c:315) setConsumerName: com.example.dogglers/com.example.dogglers.HorizontalListActivity
09-27 11:35:30.861   315   315 I BufferQueueProducer: [](this:0x764425e800,id:3280,api:0,p:-1,c:315) setMaxDequeuedBufferCount: maxDequeuedBuffers = 2
09-27 11:35:30.861   315   315 I BufferQueueConsumer: [com.example.dogglers/com.example.dogglers.HorizontalListActivity](this:0x764425e800,id:3280,api:0,p:-1,c:315) setDefaultBufferSize: width=720 height=1280
09-27 11:35:30.862   315   315 I BufferQueueConsumer: [com.example.dogglers/androidx.test.core.app.InstrumentationActivityInvoker$EmptyActivity](this:0x7646b0c000,id:3279,api:1,p:-1,c:-1) disconnect(C)
09-27 11:35:30.863   315   315 D GraphicBuffer: free, handle(0x7644284d00) (w:720 h:1280 s:720 f:0x1 u:0x000b00)
09-27 11:35:30.863   315   315 I BufferQueue: [com.example.dogglers/androidx.test.core.app.InstrumentationActivityInvoker$EmptyActivity](this:0x7646b0c000,id:3279,api:1,p:-1,c:-1) ~BufferQueueCore
09-27 11:35:30.865   435   435 I thermal_repeater: oh, queryMdThermalInfo (0)No such file or directory
09-27 11:35:30.868 14564 14564 D Surface : Surface::allocateBuffers(this=0x7812cbf600)
09-27 11:35:30.868 14564 14597 D OpenGLRenderer: CanvasContext() 0x782e4d5800 initialize window=0x7812cbf600, title=com.example.dogglers/com.example.dogglers.HorizontalListActivity
09-27 11:35:30.869 14564 14597 D Surface : Surface::connect(this=0x7812cbf600,api=1)
09-27 11:35:30.869   315   380 I BufferQueueProducer: [com.example.dogglers/com.example.dogglers.HorizontalListActivity](this:0x764425e800,id:3280,api:1,p:14564,c:315) connect(P): api=1 producer=(14564:com.example.dogglers) producerControlledByApp=true
09-27 11:35:30.869 14564 14597 W libEGL  : [ANDROID_RECORDABLE] format: 1
09-27 11:35:30.871   315   998 D GraphicBuffer: alloc, handle(0x7646a5ac00) (w:720 h:1280 s:720 f:0x1 u:0x000900) err(0)
09-27 11:35:30.872   315   998 D GraphicBuffer: alloc, handle(0x76443177c0) (w:720 h:1280 s:720 f:0x1 u:0x000900) err(0)
09-27 11:35:30.872   435   435 I thermal_repeater: [recvMdThermalInfo] ret=25, strLen=127,  3, 46, -127, 0, 32767, 1
09-27 11:35:30.873   315   998 D GraphicBuffer: alloc, handle(0x76442ae200) (w:720 h:1280 s:720 f:0x1 u:0x000900) err(0)
09-27 11:35:30.874 14564 14597 D mali_winsys: EGLint new_window_surface(egl_winsys_display*, void*, EGLSurface, EGLConfig, egl_winsys_surface**, egl_color_buffer_format*, EGLBoolean) returns 0x3000
09-27 11:35:30.888   315  2474 I BufferQueueProducer: [com.example.dogglers/com.example.dogglers.HorizontalListActivity](this:0x764425e800,id:3280,api:1,p:14564,c:315) new GraphicBuffer needed
09-27 11:35:30.888   315  2474 D GraphicBuffer: free, handle(0x76442ae200) (w:720 h:1280 s:720 f:0x1 u:0x000900)
09-27 11:35:30.889   315  2474 D GraphicBuffer: alloc, handle(0x76442ae200) (w:720 h:1280 s:720 f:0x1 u:0x000b00) err(0)
09-27 11:35:30.890 14564 14597 D GraphicBuffer: register, handle(0x7810380ec0) (w:720 h:1280 s:720 f:0x1 u:0x000b00)
09-27 11:35:30.893   315   335 I BufferQueueProducer: [com.example.dogglers/com.example.dogglers.HorizontalListActivity](this:0x764425e800,id:3280,api:1,p:14564,c:315) new GraphicBuffer needed
09-27 11:35:30.893   315   335 D GraphicBuffer: free, handle(0x76443177c0) (w:720 h:1280 s:720 f:0x1 u:0x000900)
09-27 11:35:30.894   315   335 D GraphicBuffer: alloc, handle(0x76443177c0) (w:720 h:1280 s:720 f:0x1 u:0x000b00) err(0)
09-27 11:35:30.895 14564 14597 D GraphicBuffer: register, handle(0x7810380380) (w:720 h:1280 s:720 f:0x1 u:0x000b00)
09-27 11:35:30.896   315   315 D MALI    : eglCreateImageKHR:513: [Crop] 0 0 0 0  img[720 1280]
09-27 11:35:30.898 14564 14564 V InputMethodManager: onWindowFocus: androidx.recyclerview.widget.RecyclerView{8f546ee VFEDH.... .F....ID 0,269-720,850 #7f0800e5 app:id/horizontal_recycler_view} softInputMode=16 first=false flags=#81810100
09-27 11:35:30.903  1343  1343 I GoogleInputMethodServic: GoogleInputMethodService.onFinishInput():3274
09-27 11:35:30.904  1343  1343 I GoogleInputMethodServic: GoogleInputMethodService.updateDeviceLockedStatus():2166 repeatCheckTimes = 0, unlocked = true
09-27 11:35:30.904  1343  1343 I GoogleInputMethodServic: GoogleInputMethodService.onStartInput():1957 onStartInput(EditorInfo{inputType=0x0(NULL) imeOptions=0x0 privateImeOptions=null actionName=UNSPECIFIED actionLabel=null actionId=0 initialSelStart=-1 initialSelEnd=-1 initialCapsMode=0x0 hintText=null label=null packageName=com.example.dogglers fieldId=2131230949 fieldName=null extras=null}, false)
09-27 11:35:30.904  1343  1343 I GoogleInputMethodServic: GoogleInputMethodService.shouldHideHeaderOnInitialState():4078 ShouldHideHeaderOnInitialState = false
09-27 11:35:30.905  1343  1343 I GoogleInputMethodServic: GoogleInputMethodService.updateDeviceLockedStatus():2166 repeatCheckTimes = 2, unlocked = true
09-27 11:35:30.915 14564 14591 I TestRunner: finished: clicking_horizontal_list_button_displays_horizontal_list(com.example.dogglers.ButtonTests)
