09-27 11:35:31.350 14564 14591 I TestRunner: started: clicking_grid_list_button_displays_grid_list(com.example.dogglers.ButtonTests)
09-27 11:35:31.357 14564 14591 W SettingsInterface: Setting always_finish_activities has moved from android.provider.Settings.System to android.provider.Settings.Global, returning read-only value.
09-27 11:35:31.367  1576  1588 I SLService1: ActivityController mIsAndroidN_VivoMultiWindow = true, mIsMultiWindowOn = false
09-27 11:35:31.367  1576  1588 I SLService1: [Monitor]1--------[] t [com.example.dogglers] f []
09-27 11:35:31.367  1576  1588 I SLService1: HAHA1 >>>> true <<<<
09-27 11:35:31.368  1576  3491 D SLService: optionsFromCallbacks = null
09-27 11:35:31.373  1078  1182 D PhoneWindow: DEBUG_SYSTEMUI:origin statusbar style
09-27 11:35:31.373  1078  1182 D PhoneWindow: DEBUG_SYSTEMUI:IconColor=1
09-27 11:35:31.374  1078  1182 D PhoneWindow: DEBUG_SYSTEMUI:StatusBarColor final set ff000000
09-27 11:35:31.376  1443  1443 I StatusBarColorController: SystemUI|notifyStatusBarColorInfo:  iconColor = -1, bgColor = 0, mIsBgColorLight= false, mIsLightFlag= false, isLauncher= true, isKeyguardShowing= false
09-27 11:35:31.376  1443  1443 I StatusBarColorController: SystemUI|setIconsDark: mIsIconsDark= false, dark= false, mBarMode= 4, mIconColor= -1
09-27 11:35:31.377  1078  1182 D WindowClient: Add to mViews: DecorView@4146fd7[dogglers], this = android.view.WindowManagerGlobal@b7c1b19
09-27 11:35:31.377  1078  1182 D ViewRootImpl[dogglers]: hardware acceleration is disabled, fakeHwAccelerated = true, HardwareRenderer.sRendererDisabled = false, forceHwAccelerated = false, HardwareRenderer.sSystemRendererDisabled = false, this = ViewRoot{463273 Starting com.example.dogglers,ident = 155}
09-27 11:35:31.381   315   315 I BufferQueue: [unnamed-315-3282](this:0x764425e800,id:3282,api:0,p:-1,c:-1) BufferQueue core=(315:/system/bin/surfaceflinger)
09-27 11:35:31.381   315   315 I BufferQueueConsumer: [unnamed-315-3282](this:0x764425e800,id:3282,api:0,p:-1,c:315) connect(C): consumer=(315:/system/bin/surfaceflinger) controlledByApp=false
09-27 11:35:31.381   315   315 I BufferQueueConsumer: [unnamed-315-2635](this:0x764425e800,id:3282,api:0,p:-1,c:315) setConsumerName: unnamed-315-2635
09-27 11:35:31.381   315   315 I BufferQueueConsumer: [Starting com.example.dogglers](this:0x764425e800,id:3282,api:0,p:-1,c:315) setConsumerName: Starting com.example.dogglers
09-27 11:35:31.381   315   315 I BufferQueueProducer: [](this:0x764425e800,id:3282,api:0,p:-1,c:315) setMaxDequeuedBufferCount: maxDequeuedBuffers = 2
09-27 11:35:31.381   315   315 I BufferQueueConsumer: [Starting com.example.dogglers](this:0x764425e800,id:3282,api:0,p:-1,c:315) setDefaultBufferSize: width=1 height=1
09-27 11:35:31.384  1443  1443 I StatusBarColorController: SystemUI|notifyStatusBarColorInfo:  iconColor = -1, bgColor = 0, mIsBgColorLight= false, mIsLightFlag= false, isLauncher= true, isKeyguardShowing= false
09-27 11:35:31.384  1443  1443 I StatusBarColorController: SystemUI|setIconsDark: mIsIconsDark= false, dark= false, mBarMode= 4, mIconColor= -1
09-27 11:35:31.390   315   315 I BufferQueueConsumer: [Starting com.example.dogglers](this:0x764425e800,id:3282,api:0,p:-1,c:315) setDefaultBufferSize: width=720 height=1280
09-27 11:35:31.392  1443  1443 I StatusBarColorController: SystemUI|notifyStatusBarColorInfo:  iconColor = -1, bgColor = 0, mIsBgColorLight= false, mIsLightFlag= false, isLauncher= true, isKeyguardShowing= false
09-27 11:35:31.392  1443  1443 I StatusBarColorController: SystemUI|setIconsDark: mIsIconsDark= false, dark= false, mBarMode= 4, mIconColor= -1
09-27 11:35:31.394 28697 28697 D Launcher: onPause -- mState = WORKSPACE
09-27 11:35:31.395 28697 28697 D VivoDreamClockTimeLayout: onInactive
09-27 11:35:31.395  1078  1182 D Surface : Surface::connect(this=0x7834c55c00,api=2)
09-27 11:35:31.396   315   998 I BufferQueueProducer: [Starting com.example.dogglers](this:0x764425e800,id:3282,api:2,p:1078,c:315) connect(P): api=2 producer=(1078:system_server) producerControlledByApp=false
09-27 11:35:31.396   315  2474 I BufferQueueProducer: [Starting com.example.dogglers](this:0x764425e800,id:3282,api:2,p:1078,c:315) new GraphicBuffer needed
09-27 11:35:31.396  1078 26452 D PerfServiceWrapper: [PerfServiceWrapper] appBoostEnable
09-27 11:35:31.396  1078 26452 D PerfService: [PerfService] appBoostEnable: com.example.dogglers
09-27 11:35:31.396  1078 26452 D PerfServiceManager: [PerfService] appBoostEnable com.example.dogglers
09-27 11:35:31.398   315  2474 D GraphicBuffer: alloc, handle(0x764c224a80) (w:720 h:1280 s:720 f:0x1 u:0x000933) err(0)
09-27 11:35:31.398  1078  1182 D GraphicBuffer: register, handle(0x78047ad0c0) (w:720 h:1280 s:720 f:0x1 u:0x000933)
09-27 11:35:31.399  1078  1214 D Sensors : flush handle =0
09-27 11:35:31.399  1078  1214 D Sensors : handleToDriver handle(0)
09-27 11:35:31.399  1078  1214 D Accel   : handle=0
09-27 11:35:31.399  1078  1214 E Sensors : go to batchsensor(0)
09-27 11:35:31.399  1078  1214 D BATCH   : BatchSensor::flush, handle = 0
09-27 11:35:31.399  1078  1210 D BATCH   : metadata.sensor =0
09-27 11:35:31.399  1078  1210 D BATCH   : BatchSensor::readEvents, handle = 0
09-27 11:35:31.407  1078  1303 I libPerfService: [perfNotifyAppState] foreground:com.example.dogglers, pid:14564
09-27 11:35:31.407  1078  1303 I libPerfService: [switchSportsMode] enable:0
09-27 11:35:31.407   315   315 D MALI    : eglCreateImageKHR:513: [Crop] 0 0 0 0  img[720 1280]
09-27 11:35:31.414  1443  1443 I StatusBarColorController: SystemUI|notifyStatusBarColorInfo:  iconColor = 1, bgColor = ff000000, mIsBgColorLight= false, mIsLightFlag= false, isLauncher= false, isKeyguardShowing= false
09-27 11:35:31.414  1443  1443 I StatusBarColorController: SystemUI|setIconsDark: mIsIconsDark= false, dark= false, mBarMode= 4, mIconColor= 1
09-27 11:35:31.416 28697 28697 D Launcher: onWindowFocusChanged ,  hasFocus = false
09-27 11:35:31.418 14912 14929 I _V_SecureService2: onForegroundActivitiesChanged() pid = 14564, uid = 10471, foregroundActivities = true
09-27 11:35:31.418  1078  1158 D VivoAppMonitor: onForegroundActivitiesChanged: pid=14564, uid=10471, foregroundActivities=true
09-27 11:35:31.419 14912 14990 I _V_SecureService3: runningNetworkLimitReminder ConnectivityManager not null， uid = 10471
09-27 11:35:31.420  1078  1158 D VivoAppMonitor: mForgroundAppName=com.example.dogglers, mLastForgroundAppName = com.bbk.launcher2
09-27 11:35:31.420  4414  4644 I _V_UsageAppManager: dealAppInfoList.getPid()=14564,dealAppInfoList.getUid()=10471,dealAppInfoList.getPkgName()=com.example.dogglers
09-27 11:35:31.420  4414  4644 I _V_UsageAppManager: dealAppInfoList_mForgroundInfo_pid=14564,mForgroundInfo_pkgName=com.example.dogglers,mForgroundInfo_uid=10471,mBackgroundInfo_pid=28697,mBackgroundInfo_pkgName=com.bbk.launcher2,mBackgroundInfo_uid=10039
09-27 11:35:31.420 14912 14990 I _V_SecureService3: runningNetworkLimitReminder There is no active network info!
09-27 11:35:31.422 14564 14564 D LifecycleMonitor: Lifecycle status change: androidx.test.core.app.InstrumentationActivityInvoker$BootstrapActivity@7d11107 in: PRE_ON_CREATE
09-27 11:35:31.422 14564 14564 V ActivityScenario: Activity lifecycle changed event received but ignored because the intent does not match. startActivityIntent=Intent { act=android.intent.action.MAIN cat=[android.intent.category.LAUNCHER] cmp=com.example.dogglers/.MainActivity }, activity.getIntent()=Intent { act=android.intent.action.MAIN cat=[android.intent.category.LAUNCHER] flg=0x10008000 cmp=com.example.dogglers/androidx.test.core.app.InstrumentationActivityInvoker$BootstrapActivity (has extras) }, activity=androidx.test.core.app.InstrumentationActivityInvoker$BootstrapActivity@7d11107
09-27 11:35:31.423  1509  4685 E _V_AppStatisticManager: addLruPkg pkgName = com.example.dogglers
09-27 11:35:31.423  1078  1158 D touchscreenjni: chenpeng JNI called
09-27 11:35:31.423  1078  1158 E touchscreen: Open /sys/touchscreen/app_name failed
09-27 11:35:31.424  4414  4644 I _V_UsageAppManager: getversionCode=1
09-27 11:35:31.424  4414  4644 I _V_UsageAppManager: getVersionName_name=1.0
09-27 11:35:31.425  1576  2492 I SLService2: HAHA2 pid = 14564, uid = 10471, f = true
09-27 11:35:31.426  1576  1588 I ProxCoverNoticeService: isHomeLauncher = false
09-27 11:35:31.428   315   315 I BufferQueueProducer: [FrameBufferSurface_0](this:0x764c8fc800,id:0,api:1,p:315,c:315) queueBuffer: fps=18.90 dur=1058.01 max=580.09 min=15.01
09-27 11:35:31.429  4585  4889 I FloatWindowManagerService:  pid = 14564, uid = 10471, fore = true ; now is : com.example.dogglers
09-27 11:35:31.430  2069  2083 I UpSlideHelper: UpSlide|toggleUpSlideViewInCamera isInCamera = false
09-27 11:35:31.430  1576  1588 I ProxCoverNoticeService: top activity name = com.example.dogglers
09-27 11:35:31.430  1576  1588 E ProxCoverNoticeService: monitor view is null, no need to update minimum
09-27 11:35:31.430  1576  1588 I ProxCoverNoticeService: onForegroundActivitiesChanged, pid = 14564, uid = 10471, pkg = com.example.dogglers, foregroundActivities = true
09-27 11:35:31.431  1509  4651 I _V_ABE  : PowerEngineService enter the forgound
09-27 11:35:31.432  1443  1443 D PhoneStatusBar: setSystemUiVisibility vis=408 mask=ffffffff oldVal=608 newVal=408 diff=200
09-27 11:35:31.434  1576  1588 I ProxCoverNoticeService: isKeyguardLocked = false, isDeviceLocked = false, isKeyguardSecure = true, isDeviceSecure = true, inKeyguardRestrictedInputMode = false
09-27 11:35:31.435 14564 14564 D PhoneWindow: DEBUG_SYSTEMUI:origin statusbar style
09-27 11:35:31.435  1576  1576 D GameModeManager: cursor.count = 169
09-27 11:35:31.435 14564 14564 D PhoneWindow: DEBUG_SYSTEMUI:IconColor=1
09-27 11:35:31.435  1576  1576 D GameModeManager: cursor.pkg = com.mobile.legends
09-27 11:35:31.435 14564 14564 D PhoneWindow: DEBUG_SYSTEMUI:StatusBarColor final set ff000000
09-27 11:35:31.435  1576  1576 D GameModeManager: cursor.pkg = com.mobile.legends
09-27 11:35:31.435  1576  1576 D GameModeManager: cursor.pkg = com.miniclip.plagueinc
09-27 11:35:31.435  1576  1576 D GameModeManager: cursor.pkg = com.firsttouchgames.story
09-27 11:35:31.435  1576  1576 D GameModeManager: cursor.pkg = com.jumpgames.rswrb
09-27 11:35:31.435  1576  1576 D GameModeManager: cursor.pkg = com.miniclip.plagueinc
09-27 11:35:31.435  1576  1576 D GameModeManager: cursor.pkg = com.kiloo.subwaysurf
09-27 11:35:31.436  1576  1576 D GameModeManager: cursor.pkg = com.mediocre.smashhit
09-27 11:35:31.436  1576  1576 D GameModeManager: cursor.pkg = com.gameloft.android.ANMP.GloftA8HM
09-27 11:35:31.436  1576  1576 D GameModeManager: cursor.pkg = com.mobile.legends
09-27 11:35:31.436  1576  1576 D GameModeManager: cursor.pkg = com.mobile.legends
09-27 11:35:31.436  1576  1576 D GameModeManager: cursor.pkg = com.mobile.legends
09-27 11:35:31.436  1576  1576 D GameModeManager: cursor.pkg = com.miniclip.plagueinc
09-27 11:35:31.436  1576  1576 D GameModeManager: cursor.pkg = com.outfit7.mytalkingtomfree
09-27 11:35:31.436  1576  1576 D GameModeManager: cursor.pkg = com.kiloo.subwaysurf
09-27 11:35:31.436  1576  1576 D GameModeManager: cursor.pkg = com.outfit7.mytalkingtomfree
09-27 11:35:31.436  1576  1576 D GameModeManager: cursor.pkg = com.kiloo.subwaysurf
09-27 11:35:31.436  1576  1576 D GameModeManager: cursor.pkg = com.miniclip.plagueinc
09-27 11:35:31.436  1576  1576 D GameModeManager: cursor.pkg = com.kiloo.subwaysurf
09-27 11:35:31.436  1576  1576 D GameModeManager: cursor.pkg = com.miniclip.plagueinc
09-27 11:35:31.436  1576  1576 D GameModeManager: cursor.pkg = com.miniclip.plagueinc
09-27 11:35:31.436  1576  1576 D GameModeManager: cursor.pkg = com.youmusic.magictiles
09-27 11:35:31.436  1576  1576 D GameModeManager: cursor.pkg = com.skgames.trafficrider
09-27 11:35:31.436  1576  1576 D GameModeManager: cursor.pkg = com.gameloft.android.ANMP.GloftGOHM
09-27 11:35:31.436  1576  1576 D GameModeManager: cursor.pkg = com.roblox.client
09-27 11:35:31.436  1576  1576 D GameModeManager: cursor.pkg = com.mobile.legends
09-27 11:35:31.436  1576  1576 D GameModeManager: cursor.pkg = com.mobile.legends
09-27 11:35:31.436  1576  1576 D GameModeManager: cursor.pkg = com.mobile.legends
09-27 11:35:31.436  1576  1576 D GameModeManager: cursor.pkg = com.mobile.legends
09-27 11:35:31.436  1576  1576 D GameModeManager: cursor.pkg = com.mobile.legends
09-27 11:35:31.436  1576  1576 D GameModeManager: cursor.pkg = com.mobile.legends
09-27 11:35:31.436  1576  1576 D GameModeManager: cursor.pkg = com.mobile.legends
09-27 11:35:31.436  1576  1576 D GameModeManager: cursor.pkg = com.mobile.legends
09-27 11:35:31.436  1576  1576 D GameModeManager: cursor.pkg = com.mobile.legends
09-27 11:35:31.436  1576  1576 D GameModeManager: cursor.pkg = com.mobile.legends
09-27 11:35:31.436  1576  1576 D GameModeManager: cursor.pkg = com.mobile.legends
09-27 11:35:31.436  1576  1576 D GameModeManager: cursor.pkg = com.mobile.legends
09-27 11:35:31.436  1576  1576 D GameModeManager: cursor.pkg = com.chillingo.robberybobfree.android.row
09-27 11:35:31.436  1576  1576 D GameModeManager: cursor.pkg = com.gameloft.android.ANMP.GloftGGHM
09-27 11:35:31.436  1576  1576 D GameModeManager: cursor.pkg = com.mobile.legends
09-27 11:35:31.436  1576  1576 D GameModeManager: cursor.pkg = com.mobile.legends
09-27 11:35:31.436  1576  1576 D GameModeManager: cursor.pkg = com.mobile.legends
09-27 11:35:31.436  1576  1576 D GameModeManager: cursor.pkg = com.mobile.legends
09-27 11:35:31.436  1576  1576 D GameModeManager: cursor.pkg = com.mobile.legends
09-27 11:35:31.436  1576  1576 D GameModeManager: cursor.pkg = com.mobile.legends
09-27 11:35:31.436  1576  1576 D GameModeManager: cursor.pkg = com.miniclip.eightballpool
09-27 11:35:31.436  1576  1576 D GameModeManager: cursor.pkg = com.mobile.legends
09-27 11:35:31.436  1576  1576 D GameModeManager: cursor.pkg = com.wb.goog.mkx
09-27 11:35:31.436  1576  1576 D GameModeManager: cursor.pkg = com.mobile.legends
09-27 11:35:31.436  1576  1576 D GameModeManager: cursor.pkg = com.mobile.legends
09-27 11:35:31.436  1576  1576 D GameModeManager: cursor.pkg = com.mobile.legends
09-27 11:35:31.436  1576  1576 D GameModeManager: cursor.pkg = com.mobile.legends
09-27 11:35:31.436  1576  1576 D GameModeManager: cursor.pkg = com.mobile.legends
09-27 11:35:31.436  1576  1576 D GameModeManager: cursor.pkg = com.miniclip.eightballpool
09-27 11:35:31.436  1576  1576 D GameModeManager: cursor.pkg = com.mobile.legends
09-27 11:35:31.436  1576  1576 D GameModeManager: cursor.pkg = com.mobile.legends
09-27 11:35:31.436  1576  1576 D GameModeManager: cursor.pkg = com.mobile.legends
09-27 11:35:31.436  1576  1576 D GameModeManager: cursor.pkg = com.glu.deerhunt2
09-27 11:35:31.436  1576  1576 D GameModeManager: cursor.pkg = com.mobile.legends
09-27 11:35:31.436  1576  1576 D GameModeManager: cursor.pkg = com.mobile.legends
09-27 11:35:31.436  1576  1576 D GameModeManager: cursor.pkg = com.mobile.legends
09-27 11:35:31.436  1576  1576 D GameModeManager: cursor.pkg = com.mobile.legends
09-27 11:35:31.436  1576  1576 D GameModeManager: cursor.pkg = com.mobile.legends
09-27 11:35:31.437  1576  1576 D GameModeManager: cursor.pkg = com.gameloft.android.ANMP.GloftDOHM
09-27 11:35:31.437  1576  1576 D GameModeManager: cursor.pkg = com.mobile.legends
09-27 11:35:31.437  1576  1576 D GameModeManager: cursor.pkg = com.mobile.legends
09-27 11:35:31.437  1576  1576 D GameModeManager: cursor.pkg = com.mobile.legends
09-27 11:35:31.437  1576  1576 D GameModeManager: cursor.pkg = uk.co.aifactory.chessfree
09-27 11:35:31.437  1576  1576 D GameModeManager: cursor.pkg = com.mobile.legends
09-27 11:35:31.437  1576  1576 D GameModeManager: cursor.pkg = com.fingersoft.hcr2
09-27 11:35:31.437  1576  1576 D GameModeManager: cursor.pkg = com.mobile.legends
09-27 11:35:31.437  1576  1576 D GameModeManager: cursor.pkg = com.youmusic.magictiles
09-27 11:35:31.437  1576  1576 D GameModeManager: cursor.pkg = com.youmusic.magictiles
09-27 11:35:31.437  1576  1576 D GameModeManager: cursor.pkg = com.mobile.legends
09-27 11:35:31.437  1576  1576 D GameModeManager: cursor.pkg = com.mobile.legends
09-27 11:35:31.437  1576  1576 D GameModeManager: cursor.pkg = com.mobile.legends
09-27 11:35:31.437  1576  1576 D GameModeManager: cursor.pkg = com.mobile.legends
09-27 11:35:31.437  1576  1576 D GameModeManager: cursor.pkg = com.mobile.legends
09-27 11:35:31.437  1576  1576 D GameModeManager: cursor.pkg = com.youmusic.magictiles
09-27 11:35:31.437  1576  1576 D GameModeManager: cursor.pkg = com.mobile.legends
09-27 11:35:31.437  1576  1576 D GameModeManager: cursor.pkg = net.froemling.bombsquad
09-27 11:35:31.437  1576  1576 D GameModeManager: cursor.pkg = com.mobile.legends
09-27 11:35:31.437  1576  1576 D GameModeManager: cursor.pkg = com.mobile.legends
09-27 11:35:31.437  1576  1576 D GameModeManager: cursor.pkg = com.mobile.legends
09-27 11:35:31.437  1576  1576 D GameModeManager: cursor.pkg = com.miniclip.eightballpool
09-27 11:35:31.437  1576  1576 D GameModeManager: cursor.pkg = com.mobile.legends
09-27 11:35:31.437  1576  1576 D GameModeManager: cursor.pkg = com.miniclip.eightballpool
09-27 11:35:31.437  1576  1576 D GameModeManager: cursor.pkg = com.mobile.legends
09-27 11:35:31.437  1576  1576 D GameModeManager: cursor.pkg = com.mobile.legends
09-27 11:35:31.437  1576  1576 D GameModeManager: cursor.pkg = com.mobile.legends
09-27 11:35:31.437  1576  1576 D GameModeManager: cursor.pkg = com.mobile.legends
09-27 11:35:31.437  1576  1576 D GameModeManager: cursor.pkg = com.mobile.legends
09-27 11:35:31.437  1576  1576 D GameModeManager: cursor.pkg = com.mobile.legends
09-27 11:35:31.437  1576  1576 D GameModeManager: cursor.pkg = com.mobile.legends
09-27 11:35:31.437  1576  1576 D GameModeManager: cursor.pkg = com.mobile.legends
09-27 11:35:31.437  1576  1576 D GameModeManager: cursor.pkg = com.mobile.legends
09-27 11:35:31.437  1576  1576 D GameModeManager: cursor.pkg = com.mobile.legends
09-27 11:35:31.437  1576  1576 D GameModeManager: cursor.pkg = com.mobile.legends
09-27 11:35:31.437  1576  1576 D GameModeManager: cursor.pkg = com.mobile.legends
09-27 11:35:31.437  1576  1576 D GameModeManager: cursor.pkg = com.bandagames.mpuzzle.gp
09-27 11:35:31.437  1576  1576 D GameModeManager: cursor.pkg = com.mobile.legends
09-27 11:35:31.437  1576  1576 D GameModeManager: cursor.pkg = com.mobile.legends
09-27 11:35:31.437  1576  1576 D GameModeManager: cursor.pkg = com.mobile.legends
09-27 11:35:31.437  1576  1576 D GameModeManager: cursor.pkg = com.mobile.legends
09-27 11:35:31.437  1576  1576 D GameModeManager: cursor.pkg = com.bandagames.mpuzzle.gp
09-27 11:35:31.437  1576  1576 D GameModeManager: cursor.pkg = com.mobile.legends
09-27 11:35:31.437  1576  1576 D GameModeManager: cursor.pkg = com.mobile.legends
09-27 11:35:31.437  1576  1576 D GameModeManager: cursor.pkg = com.mobile.legends
09-27 11:35:31.437  1576  1576 D GameModeManager: cursor.pkg = com.mobile.legends
09-27 11:35:31.437  1576  1576 D GameModeManager: cursor.pkg = com.bandagames.mpuzzle.gp
09-27 11:35:31.437  1576  1576 D GameModeManager: cursor.pkg = com.mobile.legends
09-27 11:35:31.437  1576  1576 D GameModeManager: cursor.pkg = com.mobile.legends
09-27 11:35:31.437  1576  1576 D GameModeManager: cursor.pkg = com.bandagames.mpuzzle.gp
09-27 11:35:31.437  1576  1576 D GameModeManager: cursor.pkg = com.bandagames.mpuzzle.gp
09-27 11:35:31.438  1576  1576 D GameModeManager: cursor.pkg = com.bandagames.mpuzzle.gp
09-27 11:35:31.438  1576  1576 D GameModeManager: cursor.pkg = com.bandagames.mpuzzle.gp
09-27 11:35:31.438  1576  1576 D GameModeManager: cursor.pkg = com.bandagames.mpuzzle.gp
09-27 11:35:31.438  1576  1576 D GameModeManager: cursor.pkg = com.bandagames.mpuzzle.gp
09-27 11:35:31.438  1576  1576 D GameModeManager: cursor.pkg = com.bandagames.mpuzzle.gp
09-27 11:35:31.438  1576  1576 D GameModeManager: cursor.pkg = com.bandagames.mpuzzle.gp
09-27 11:35:31.438  1576  1576 D GameModeManager: cursor.pkg = com.mobile.legends
09-27 11:35:31.438  1576  1576 D GameModeManager: cursor.pkg = com.mobile.legends
09-27 11:35:31.438  1576  1576 D GameModeManager: cursor.pkg = com.mobile.legends
09-27 11:35:31.438  1576  1576 D GameModeManager: cursor.pkg = com.mobile.legends
09-27 11:35:31.438  1576  1576 D GameModeManager: cursor.pkg = com.mobile.legends
09-27 11:35:31.438  1576  1576 D GameModeManager: cursor.pkg = com.mobile.legends
09-27 11:35:31.438  1576  1576 D GameModeManager: cursor.pkg = com.mobile.legends
09-27 11:35:31.438  1576  1576 D GameModeManager: cursor.pkg = com.mobile.legends
09-27 11:35:31.438  1576  1576 D GameModeManager: cursor.pkg = com.mobile.legends
09-27 11:35:31.438  1576  1576 D GameModeManager: cursor.pkg = com.mobile.legends
09-27 11:35:31.438  1576  1576 D GameModeManager: cursor.pkg = com.mobile.legends
09-27 11:35:31.438  1576  1576 D GameModeManager: cursor.pkg = com.mobile.legends
09-27 11:35:31.438  1576  1576 D GameModeManager: cursor.pkg = com.mobile.legends
09-27 11:35:31.438  1576  1576 D GameModeManager: cursor.pkg = com.mobile.legends
09-27 11:35:31.438  1576  1576 D GameModeManager: cursor.pkg = com.mobile.legends
09-27 11:35:31.438  1576  1576 D GameModeManager: cursor.pkg = com.mobile.legends
09-27 11:35:31.438  1576  1576 D GameModeManager: cursor.pkg = com.mobile.legends
09-27 11:35:31.438  1576  1576 D GameModeManager: cursor.pkg = com.mobile.legends
09-27 11:35:31.438  1576  1576 D GameModeManager: cursor.pkg = com.mobile.legends
09-27 11:35:31.438  1576  1576 D GameModeManager: cursor.pkg = com.mobile.legends
09-27 11:35:31.438  1576  1576 D GameModeManager: cursor.pkg = com.mobile.legends
09-27 11:35:31.438  1576  1576 D GameModeManager: cursor.pkg = com.mobile.legends
09-27 11:35:31.438  1576  1576 D GameModeManager: cursor.pkg = com.mobile.legends
09-27 11:35:31.438  1576  1576 D GameModeManager: cursor.pkg = com.mobile.legends
09-27 11:35:31.438  1576  1576 D GameModeManager: cursor.pkg = com.halfbrick.jetpackjoyride
09-27 11:35:31.438  1576  1576 D GameModeManager: cursor.pkg = com.halfbrick.jetpackjoyride
09-27 11:35:31.438  1576  1576 D GameModeManager: cursor.pkg = com.halfbrick.jetpackjoyride
09-27 11:35:31.438  1576  1576 D GameModeManager: cursor.pkg = com.halfbrick.jetpackjoyride
09-27 11:35:31.438  1576  1576 D GameModeManager: cursor.pkg = com.halfbrick.jetpackjoyride
09-27 11:35:31.438  1576  1576 D GameModeManager: cursor.pkg = com.halfbrick.jetpackjoyride
09-27 11:35:31.438  1576  1576 D GameModeManager: cursor.pkg = com.halfbrick.jetpackjoyride
09-27 11:35:31.438  1576  1576 D GameModeManager: cursor.pkg = com.halfbrick.jetpackjoyride
09-27 11:35:31.438  1576  1576 D GameModeManager: cursor.pkg = com.skgames.trafficrider
09-27 11:35:31.438  1576  1576 D GameModeManager: cursor.pkg = com.ea.game.simcitymobile_row
09-27 11:35:31.438  1576  1576 D GameModeManager: cursor.pkg = com.mobile.legends
09-27 11:35:31.438  1576  1576 D GameModeManager: cursor.pkg = com.mobile.legends
09-27 11:35:31.438  1576  1576 D GameModeManager: cursor.pkg = com.mobile.legends
09-27 11:35:31.438  1576  1576 D GameModeManager: cursor.pkg = com.mobile.legends
09-27 11:35:31.438  1576  1576 D GameModeManager: cursor.pkg = com.sega.sonicdash
09-27 11:35:31.438  1576  1576 D GameModeManager: cursor.pkg = com.rebeltwins.aliensdrivemecrazy
09-27 11:35:31.438  1576  1576 D GameModeManager: cursor.pkg = com.gameloft.android.ANMP.GloftGOHM
09-27 11:35:31.438  1576  1576 D GameModeManager: cursor.pkg = com.mobile.legends
09-27 11:35:31.438  1576  1576 D GameModeManager: cursor.pkg = com.ea.games.simsfreeplay_row
09-27 11:35:31.439  1576  1576 D GameModeManager: cursor.pkg = mobi.bestfreegames.bike.mayhem.extreme.mountain.racing.free
09-27 11:35:31.439  1576  1576 D GameModeManager: cursor.pkg = com.vectorunit.yellow
09-27 11:35:31.439  1576  1576 D GameModeManager: cursor.pkg = com.supercell.clashofclans
09-27 11:35:31.439  1576  1576 D GameModeManager: cursor.pkg = com.topfreegames.bikeracefreeworld
09-27 11:35:31.439  1576  1576 D GameModeManager: cursor.pkg = com.imangi.templerun
09-27 11:35:31.439  1576  1576 D GameModeManager: cursor.pkg = com.imangi.templerun2
09-27 11:35:31.440 28697 28809 D Surface : Surface::disconnect(this=0x780d0af000,api=1)
09-27 11:35:31.440   315  2474 I BufferQueueProducer: [com.bbk.launcher2/com.bbk.launcher2.Launcher](this:0x7646b0c000,id:3281,api:1,p:-1,c:315) disconnect(P): api 1
09-27 11:35:31.441   315  2474 I BufferQueueConsumer: [com.bbk.launcher2/com.bbk.launcher2.Launcher](this:0x7646b0c000,id:3281,api:1,p:-1,c:315) getReleasedBuffers: returning mask 0xffffffffffffffff
09-27 11:35:31.441   315  2474 D GraphicBuffer: free, handle(0x7644283bc0) (w:720 h:1280 s:720 f:0x1 u:0x000b00)
09-27 11:35:31.441  1576  1576 D GameModeManager: The package:com.example.dogglers is moved to foreground
09-27 11:35:31.441   315  2474 D GraphicBuffer: free, handle(0x76442829c0) (w:720 h:1280 s:720 f:0x1 u:0x000b00)
09-27 11:35:31.442 14564 14564 D LifecycleMonitor: Lifecycle status change: androidx.test.core.app.InstrumentationActivityInvoker$BootstrapActivity@7d11107 in: CREATED
09-27 11:35:31.442 28697 28809 D GraphicBuffer: unregister, handle(0x780c695100) (w:720 h:1280 s:720 f:0x1 u:0x000b00)
09-27 11:35:31.443 14564 14564 V ActivityScenario: Activity lifecycle changed event received but ignored because the intent does not match. startActivityIntent=Intent { act=android.intent.action.MAIN cat=[android.intent.category.LAUNCHER] cmp=com.example.dogglers/.MainActivity }, activity.getIntent()=Intent { act=android.intent.action.MAIN cat=[android.intent.category.LAUNCHER] flg=0x10008000 cmp=com.example.dogglers/androidx.test.core.app.InstrumentationActivityInvoker$BootstrapActivity (has extras) }, activity=androidx.test.core.app.InstrumentationActivityInvoker$BootstrapActivity@7d11107
09-27 11:35:31.443 28697 28809 D GraphicBuffer: unregister, handle(0x780c72a840) (w:720 h:1280 s:720 f:0x1 u:0x000b00)
09-27 11:35:31.443 28697 28809 D GraphicBuffer: unregister, handle(0x780c6156c0) (w:720 h:1280 s:720 f:0x1 u:0x000b00)
09-27 11:35:31.444 28697 28809 D Surface : Surface::disconnect(this=0x780d0af000,api=1)
09-27 11:35:31.444   315   998 I BufferQueueProducer: [com.bbk.launcher2/com.bbk.launcher2.Launcher](this:0x7646b0c000,id:3281,api:1,p:-1,c:315) disconnect(P): api 1
09-27 11:35:31.446 14564 14564 D LifecycleMonitor: Lifecycle status change: androidx.test.core.app.InstrumentationActivityInvoker$BootstrapActivity@7d11107 in: STARTED
09-27 11:35:31.447 14564 14564 V ActivityScenario: Activity lifecycle changed event received but ignored because the intent does not match. startActivityIntent=Intent { act=android.intent.action.MAIN cat=[android.intent.category.LAUNCHER] cmp=com.example.dogglers/.MainActivity }, activity.getIntent()=Intent { act=android.intent.action.MAIN cat=[android.intent.category.LAUNCHER] flg=0x10008000 cmp=com.example.dogglers/androidx.test.core.app.InstrumentationActivityInvoker$BootstrapActivity (has extras) }, activity=androidx.test.core.app.InstrumentationActivityInvoker$BootstrapActivity@7d11107
09-27 11:35:31.458  1576  3491 I SLService1: ActivityController mIsAndroidN_VivoMultiWindow = true, mIsMultiWindowOn = false
09-27 11:35:31.458  1576  3491 I SLService1: [Monitor]1--------[] t [com.example.dogglers] f []
09-27 11:35:31.458  1576  3491 I SLService1: HAHA1 >>>> true <<<<
09-27 11:35:31.459  1576  2492 D SLService: optionsFromCallbacks = null
09-27 11:35:31.469 14564 14564 D LifecycleMonitor: Lifecycle status change: androidx.test.core.app.InstrumentationActivityInvoker$BootstrapActivity@7d11107 in: RESUMED
09-27 11:35:31.469 14564 14564 V ActivityScenario: Activity lifecycle changed event received but ignored because the intent does not match. startActivityIntent=Intent { act=android.intent.action.MAIN cat=[android.intent.category.LAUNCHER] cmp=com.example.dogglers/.MainActivity }, activity.getIntent()=Intent { act=android.intent.action.MAIN cat=[android.intent.category.LAUNCHER] flg=0x10008000 cmp=com.example.dogglers/androidx.test.core.app.InstrumentationActivityInvoker$BootstrapActivity (has extras) }, activity=androidx.test.core.app.InstrumentationActivityInvoker$BootstrapActivity@7d11107
09-27 11:35:31.471 14564 14564 D LifecycleMonitor: Lifecycle status change: androidx.test.core.app.InstrumentationActivityInvoker$BootstrapActivity@7d11107 in: PAUSED
09-27 11:35:31.471 14564 14564 V ActivityScenario: Activity lifecycle changed event received but ignored because the intent does not match. startActivityIntent=Intent { act=android.intent.action.MAIN cat=[android.intent.category.LAUNCHER] cmp=com.example.dogglers/.MainActivity }, activity.getIntent()=Intent { act=android.intent.action.MAIN cat=[android.intent.category.LAUNCHER] flg=0x10008000 cmp=com.example.dogglers/androidx.test.core.app.InstrumentationActivityInvoker$BootstrapActivity (has extras) }, activity=androidx.test.core.app.InstrumentationActivityInvoker$BootstrapActivity@7d11107
09-27 11:35:31.473  1078  2785 D PerfServiceWrapper: [PerfServiceWrapper] appBoostEnable
09-27 11:35:31.473  1078  2785 D PerfService: [PerfService] appBoostEnable: com.example.dogglers
09-27 11:35:31.473  1078  2785 D PerfServiceManager: [PerfService] appBoostEnable com.example.dogglers
09-27 11:35:31.489  4585  4889 I FloatWindowManagerService: top = com.example.dogglers
09-27 11:35:31.489  4585  4889 I FloatWindowManagerService:  ; Last is : com.bbk.launcher2 ; To is : com.example.dogglers
09-27 11:35:31.489  4585  4889 I FloatWindowManagerService: cur  : com.example.dogglers is al , nothing to need to do !
09-27 11:35:31.490  2069  4665 I UpSlideHelper: UpSlide|toggleUpSlideViewInCamera isInCamera = false
09-27 11:35:31.497 14564 14564 D LifecycleMonitor: Lifecycle status change: com.example.dogglers.MainActivity@ccc80b8 in: PRE_ON_CREATE
09-27 11:35:31.498 14564 14564 V ActivityScenario: Activity lifecycle changed event received but ignored because the reported transition was not ON_CREATE while the last known transition was PRE_ON_CREATE
09-27 11:35:31.521  1576  1772 D GameModeManager: GameModeOverseaHandler--handleMessage 3001
09-27 11:35:31.533 14564 14564 D PhoneWindow: DEBUG_SYSTEMUI:origin statusbar style
09-27 11:35:31.533 14564 14564 D PhoneWindow: DEBUG_SYSTEMUI:windowDrawsFlag set
09-27 11:35:31.533 14564 14564 D PhoneWindow: DEBUG_SYSTEMUI:IconColor=1
09-27 11:35:31.534 14564 14564 D PhoneWindow: DEBUG_SYSTEMUI:StatusBarColor final set ff3700b3
09-27 11:35:31.552 14564 14564 D LifecycleMonitor: Lifecycle status change: com.example.dogglers.MainActivity@ccc80b8 in: CREATED
09-27 11:35:31.553 14564 14564 V ActivityScenario: Update currentActivityStage to CREATED, currentActivity=com.example.dogglers.MainActivity@ccc80b8
09-27 11:35:31.554 14564 14564 D LifecycleMonitor: Lifecycle status change: com.example.dogglers.MainActivity@ccc80b8 in: STARTED
09-27 11:35:31.555 14564 14564 V ActivityScenario: Update currentActivityStage to STARTED, currentActivity=com.example.dogglers.MainActivity@ccc80b8
09-27 11:35:31.561 14564 14564 D LifecycleMonitor: Lifecycle status change: com.example.dogglers.MainActivity@ccc80b8 in: RESUMED
09-27 11:35:31.561 14564 14564 V ActivityScenario: Update currentActivityStage to RESUMED, currentActivity=com.example.dogglers.MainActivity@ccc80b8
09-27 11:35:31.563 14564 14564 V PhoneWindow: DecorView setVisiblity: visibility = 4, Parent = null, this = DecorView@63716db[]
09-27 11:35:31.564 14564 14564 D WindowClient: Add to mViews: DecorView@63716db[MainActivity], this = android.view.WindowManagerGlobal@b39bad9
09-27 11:35:31.566 14564 14597 D OpenGLRenderer: CanvasContext() 0x7801c17000
09-27 11:35:31.566 14564 14564 D ViewRootImpl[MainActivity]: hardware acceleration is enabled, this = ViewRoot{cfa79f com.example.dogglers/com.example.dogglers.MainActivity,ident = 7}
09-27 11:35:31.569 14564 14564 V PhoneWindow: DecorView setVisiblity: visibility = 0, Parent = ViewRoot{cfa79f com.example.dogglers/com.example.dogglers.MainActivity,ident = 7}, this = DecorView@63716db[MainActivity]
09-27 11:35:31.583   315   315 I BufferQueue: [unnamed-315-3283](this:0x7644286800,id:3283,api:0,p:-1,c:-1) BufferQueue core=(315:/system/bin/surfaceflinger)
09-27 11:35:31.583   315   315 I BufferQueueConsumer: [unnamed-315-3283](this:0x7644286800,id:3283,api:0,p:-1,c:315) connect(C): consumer=(315:/system/bin/surfaceflinger) controlledByApp=false
09-27 11:35:31.583   315   315 I BufferQueueConsumer: [unnamed-315-2636](this:0x7644286800,id:3283,api:0,p:-1,c:315) setConsumerName: unnamed-315-2636
09-27 11:35:31.583   315   315 I BufferQueueConsumer: [com.example.dogglers/com.example.dogglers.MainActivity](this:0x7644286800,id:3283,api:0,p:-1,c:315) setConsumerName: com.example.dogglers/com.example.dogglers.MainActivity
09-27 11:35:31.583   315   315 I BufferQueueProducer: [](this:0x7644286800,id:3283,api:0,p:-1,c:315) setMaxDequeuedBufferCount: maxDequeuedBuffers = 2
09-27 11:35:31.583   315   315 I BufferQueueConsumer: [com.example.dogglers/com.example.dogglers.MainActivity](this:0x7644286800,id:3283,api:0,p:-1,c:315) setDefaultBufferSize: width=1 height=1
09-27 11:35:31.587  1443  1443 D PhoneStatusBar: setSystemUiVisibility vis=608 mask=ffffffff oldVal=408 newVal=608 diff=200
09-27 11:35:31.590  2069  2069 I WhiteListHelper: UpSlide|isPkgHidedInVisitorMode >>> pkg = com.facebook.orca, mHideIconList = null
09-27 11:35:31.591  2069  2069 I WhiteListHelper: UpSlide|isPkgHidedInVisitorMode >>> pkg = com.example.dogglers, mHideIconList = null
09-27 11:35:31.605   315   315 I BufferQueueConsumer: [com.example.dogglers/com.example.dogglers.MainActivity](this:0x7644286800,id:3283,api:0,p:-1,c:315) setDefaultBufferSize: width=720 height=1280
09-27 11:35:31.610 28697 28697 D PhoneWindow: DEBUG_SYSTEMUI:setStatusBarColor:0
09-27 11:35:31.610 14564 14564 D Surface : Surface::allocateBuffers(this=0x7812cbf600)
09-27 11:35:31.610 14564 14597 D OpenGLRenderer: CanvasContext() 0x7801c17000 initialize window=0x7812cbf600, title=com.example.dogglers/com.example.dogglers.MainActivity
09-27 11:35:31.610 14564 14597 D Surface : Surface::connect(this=0x7812cbf600,api=1)
09-27 11:35:31.610   315   335 I BufferQueueProducer: [com.example.dogglers/com.example.dogglers.MainActivity](this:0x7644286800,id:3283,api:1,p:14564,c:315) connect(P): api=1 producer=(14564:com.example.dogglers) producerControlledByApp=true
09-27 11:35:31.611 14564 14597 W libEGL  : [ANDROID_RECORDABLE] format: 1
09-27 11:35:31.612   315  2474 D GraphicBuffer: alloc, handle(0x76442829c0) (w:720 h:1280 s:720 f:0x1 u:0x000900) err(0)
09-27 11:35:31.613   315  2474 D GraphicBuffer: alloc, handle(0x764c224840) (w:720 h:1280 s:720 f:0x1 u:0x000900) err(0)
09-27 11:35:31.615   315  2474 D GraphicBuffer: alloc, handle(0x7644283bc0) (w:720 h:1280 s:720 f:0x1 u:0x000900) err(0)
09-27 11:35:31.616 14564 14597 D mali_winsys: EGLint new_window_surface(egl_winsys_display*, void*, EGLSurface, EGLConfig, egl_winsys_surface**, egl_color_buffer_format*, EGLBoolean) returns 0x3000
09-27 11:35:31.648   315   998 I BufferQueueProducer: [com.example.dogglers/com.example.dogglers.MainActivity](this:0x7644286800,id:3283,api:1,p:14564,c:315) new GraphicBuffer needed
09-27 11:35:31.648   315   998 D GraphicBuffer: free, handle(0x7644283bc0) (w:720 h:1280 s:720 f:0x1 u:0x000900)
09-27 11:35:31.650   315   998 D GraphicBuffer: alloc, handle(0x7644283bc0) (w:720 h:1280 s:720 f:0x1 u:0x000b00) err(0)
09-27 11:35:31.651 14564 14597 D GraphicBuffer: register, handle(0x7810380ec0) (w:720 h:1280 s:720 f:0x1 u:0x000b00)
09-27 11:35:31.655   315   998 I BufferQueueProducer: [com.example.dogglers/com.example.dogglers.MainActivity](this:0x7644286800,id:3283,api:1,p:14564,c:315) new GraphicBuffer needed
09-27 11:35:31.655   315   998 D GraphicBuffer: free, handle(0x764c224840) (w:720 h:1280 s:720 f:0x1 u:0x000900)
09-27 11:35:31.655   315   315 D MALI    : eglCreateImageKHR:513: [Crop] 0 0 0 0  img[720 1280]
09-27 11:35:31.657   315   998 D GraphicBuffer: alloc, handle(0x764c224840) (w:720 h:1280 s:720 f:0x1 u:0x000b00) err(0)
09-27 11:35:31.658 14564 14597 D GraphicBuffer: register, handle(0x780e6a3240) (w:720 h:1280 s:720 f:0x1 u:0x000b00)
09-27 11:35:31.661 14564 14564 V InputMethodManager: onWindowFocus: null softInputMode=288 first=true flags=#81810100
09-27 11:35:31.666  1078  1182 I ActivityManager: Displayed com.example.dogglers/.MainActivity: +193ms (total +1s112ms)
09-27 11:35:31.667  1343  1343 I GoogleInputMethodServic: GoogleInputMethodService.onFinishInput():3274
09-27 11:35:31.668  1343  1343 I GoogleInputMethodServic: GoogleInputMethodService.updateDeviceLockedStatus():2166 repeatCheckTimes = 0, unlocked = true
09-27 11:35:31.668  1343  1343 I GoogleInputMethodServic: GoogleInputMethodService.onStartInput():1957 onStartInput(EditorInfo{inputType=0x0(NULL) imeOptions=0x0 privateImeOptions=null actionName=UNSPECIFIED actionLabel=null actionId=0 initialSelStart=-1 initialSelEnd=-1 initialCapsMode=0x0 hintText=null label=null packageName=com.example.dogglers fieldId=-1 fieldName=null extras=null}, false)
09-27 11:35:31.668  1343  1343 I GoogleInputMethodServic: GoogleInputMethodService.shouldHideHeaderOnInitialState():4078 ShouldHideHeaderOnInitialState = false
09-27 11:35:31.669  1343  1343 I GoogleInputMethodServic: GoogleInputMethodService.updateDeviceLockedStatus():2166 repeatCheckTimes = 2, unlocked = true
09-27 11:35:31.670  1078  1182 D WindowClient: Remove from mViews: DecorView@4146fd7[dogglers], this = android.view.WindowManagerGlobal@b7c1b19
09-27 11:35:31.675   315  2474 I BufferQueueProducer: [com.example.dogglers/com.example.dogglers.MainActivity](this:0x7644286800,id:3283,api:1,p:14564,c:315) new GraphicBuffer needed
09-27 11:35:31.675   315  2474 D GraphicBuffer: free, handle(0x76442829c0) (w:720 h:1280 s:720 f:0x1 u:0x000900)
09-27 11:35:31.677   315  2474 D GraphicBuffer: alloc, handle(0x76442829c0) (w:720 h:1280 s:720 f:0x1 u:0x000b00) err(0)
09-27 11:35:31.678  1443  1443 D ImageWallpaper: onVisibilityChanged: mVisible, visible=true, false
09-27 11:35:31.678  1443  1443 D ImageWallpaper: Visibility changed to visible=false
09-27 11:35:31.678 14564 14597 D GraphicBuffer: register, handle(0x781037f900) (w:720 h:1280 s:720 f:0x1 u:0x000b00)
09-27 11:35:31.684 14564 14564 I ViewInteraction: Performing 'single click' action on view view.getId() is <2131230936/com.example.dogglers:id/grid_btn>
09-27 11:35:31.686  1078  2787 I PerfService: PerfServiceNative_boostEnableAsync:6
09-27 11:35:31.688   315   315 D MALI    : eglCreateImageKHR:513: [Crop] 0 0 0 0  img[720 1280]
09-27 11:35:31.688 28697 28697 D Launcher: onSaveInstanceState
09-27 11:35:31.688  2053  4441 I _V_RMS-Reclaim: available=1567664KB, current watermark=716800KB, last watermark=716800KB, current stopline=800, last stopline=1000
09-27 11:35:31.689  2053  4441 I _V_RMS-Reclaim: Reclaiming took : 1ms
09-27 11:35:31.691 28697 28697 V LoaderManager: destroyLoader in LoaderManager{55ca5cd in Launcher{bf69b35}} of 0
09-27 11:35:31.692 28697 28697 V LoaderManager: destroyLoader in LoaderManager{55ca5cd in Launcher{bf69b35}} of 1
09-27 11:35:31.692 28697 28697 V LoaderManager: destroyLoader in LoaderManager{55ca5cd in Launcher{bf69b35}} of 2
09-27 11:35:31.692 28697 28697 V LoaderManager: destroyLoader in LoaderManager{55ca5cd in Launcher{bf69b35}} of 3
09-27 11:35:31.692 28697 28697 V LoaderManager: destroyLoader in LoaderManager{55ca5cd in Launcher{bf69b35}} of 4
09-27 11:35:31.692 28697 28697 V LoaderManager: destroyLoader in LoaderManager{55ca5cd in Launcher{bf69b35}} of 5
09-27 11:35:31.692 28697 28697 V LoaderManager: destroyLoader in LoaderManager{55ca5cd in Launcher{bf69b35}} of 6
09-27 11:35:31.692 28697 28697 V LoaderManager: destroyLoader in LoaderManager{55ca5cd in Launcher{bf69b35}} of 7
09-27 11:35:31.692 28697 28697 V LoaderManager: destroyLoader in LoaderManager{55ca5cd in Launcher{bf69b35}} of 8
09-27 11:35:31.692 28697 28697 V LoaderManager: destroyLoader in LoaderManager{55ca5cd in Launcher{bf69b35}} of 9
09-27 11:35:31.693 28697 28697 D Launcher: onStop: mState is WORKSPACE
09-27 11:35:31.694 28697 28697 V LoaderManager: destroyLoader in LoaderManager{55ca5cd in Launcher{bf69b35}} of 0
09-27 11:35:31.694 28697 28697 V LoaderManager: destroyLoader in LoaderManager{55ca5cd in Launcher{bf69b35}} of 1
09-27 11:35:31.694 28697 28697 V LoaderManager: destroyLoader in LoaderManager{55ca5cd in Launcher{bf69b35}} of 2
09-27 11:35:31.694 28697 28697 V LoaderManager: destroyLoader in LoaderManager{55ca5cd in Launcher{bf69b35}} of 3
09-27 11:35:31.694 28697 28697 V LoaderManager: destroyLoader in LoaderManager{55ca5cd in Launcher{bf69b35}} of 4
09-27 11:35:31.694 28697 28697 V LoaderManager: destroyLoader in LoaderManager{55ca5cd in Launcher{bf69b35}} of 5
09-27 11:35:31.694 28697 28697 V LoaderManager: destroyLoader in LoaderManager{55ca5cd in Launcher{bf69b35}} of 6
09-27 11:35:31.694 28697 28697 V LoaderManager: destroyLoader in LoaderManager{55ca5cd in Launcher{bf69b35}} of 7
09-27 11:35:31.694 28697 28697 V LoaderManager: destroyLoader in LoaderManager{55ca5cd in Launcher{bf69b35}} of 8
09-27 11:35:31.694 28697 28697 V LoaderManager: destroyLoader in LoaderManager{55ca5cd in Launcher{bf69b35}} of 9
09-27 11:35:31.696 28697 28697 D BlurRenderView: test gpu blur GpuTextureRenderView onPause mIsResumeState: false, mHandle: 516125494064
09-27 11:35:31.696 28697 28697 D GpuRenderEngine: test gpu blur jni nativePause handle: 516125494064, pCRenderManager: 0x782b7a0b30
09-27 11:35:31.696 28697 28697 D GpuRenderEngine: test gpu blur CBlur pause <--
09-27 11:35:31.696 28697 28697 D GpuRenderEngine: test gpu blur CBlur resetStates <--
09-27 11:35:31.697 28697 28697 D yuan    : onVisibilityChanged----android.widget.ListView{a3a98fe V.ED..C.. ......I. 0,0-0,0}
09-27 11:35:31.697 28697 28697 D yuan    : onVisibilityChanged----com.bbk.launcher2.search.AnimPinnedHeaderListView{ce800f VFED.VC.. ......I. 0,0-0,0 #7f0c0085 app:id/listview}
09-27 11:35:31.697 28697 28697 V PhoneWindow: DecorView setVisiblity: visibility = 4, Parent = ViewRoot{9d7d295 com.bbk.launcher2/com.bbk.launcher2.Launcher,ident = 0}, this = DecorView@ddf085[Launcher]
09-27 11:35:31.698 14564 14564 D LifecycleMonitor: Lifecycle status change: androidx.test.core.app.InstrumentationActivityInvoker$BootstrapActivity@7d11107 in: STOPPED
09-27 11:35:31.699 14564 14564 V ActivityScenario: Activity lifecycle changed event received but ignored because the intent does not match. startActivityIntent=Intent { act=android.intent.action.MAIN cat=[android.intent.category.LAUNCHER] cmp=com.example.dogglers/.MainActivity }, activity.getIntent()=Intent { act=android.intent.action.MAIN cat=[android.intent.category.LAUNCHER] flg=0x10008000 cmp=com.example.dogglers/androidx.test.core.app.InstrumentationActivityInvoker$BootstrapActivity (has extras) }, activity=androidx.test.core.app.InstrumentationActivityInvoker$BootstrapActivity@7d11107
09-27 11:35:31.703  1078  1158 V NetworkPolicy: updateRuleForRestrictBackgroundLocked(10039): isForeground=false, isBlacklisted=false, isWhitelisted=true, oldRule=1 (ALLOW_METERED), newRule=1 (ALLOW_METERED), newUidRules=1 (ALLOW_METERED), oldUidRules=1 (ALLOW_METERED)
09-27 11:35:31.703  1078  1158 V NetworkPolicy: updateRulesForNonMeteredNetworksLocked(10039), isIdle: false, mRestrictPower: false, mDeviceIdleMode: false, isForeground=false, isWhitelisted=false, oldRule=0 (NONE), newRule=0 (NONE), newUidRules=1 (ALLOW_METERED), oldUidRules=1 (ALLOW_METERED)
09-27 11:35:31.704   315   315 D MALI    : eglCreateImageKHR:513: [Crop] 0 0 0 0  img[720 1280]
09-27 11:35:31.712 14912 14948 I _V_SecureService2: onForegroundActivitiesChanged() pid = 28697, uid = 10039, foregroundActivities = false
09-27 11:35:31.712  1078  1158 D VivoAppMonitor: onForegroundActivitiesChanged: pid=28697, uid=10039, foregroundActivities=false
09-27 11:35:31.712  1078  1158 D touchscreenjni: chenpeng JNI called
09-27 11:35:31.713  1078  1158 E touchscreen: Open /sys/touchscreen/app_name failed
09-27 11:35:31.713  4414  4644 I _V_UsageAppManager: dealAppInfoList.getPid()=28697,dealAppInfoList.getUid()=10039,dealAppInfoList.getPkgName()=com.bbk.launcher2
09-27 11:35:31.713  4414  4644 I _V_UsageAppManager: dealAppInfoList_mForgroundInfo_pid=14564,mForgroundInfo_pkgName=com.example.dogglers,mForgroundInfo_uid=10471,mBackgroundInfo_pid=28697,mBackgroundInfo_pkgName=com.bbk.launcher2,mBackgroundInfo_uid=10039
09-27 11:35:31.713  1576  1588 I SLService2: HAHA2 pid = 28697, uid = 10039, f = false
09-27 11:35:31.714  4414  4644 I _V_UsageAppManager: getversionCode=322
09-27 11:35:31.714  4414  4644 I _V_UsageAppManager: getVersionName_name=3.2
09-27 11:35:31.716  4585  4889 I FloatWindowManagerService:  pid = 28697, uid = 10039, fore = false ; now is : com.bbk.launcher2
09-27 11:35:31.718  1576  3486 I ProxCoverNoticeService: isHomeLauncher = false
09-27 11:35:31.719  1576  3486 I ProxCoverNoticeService: top activity name = com.example.dogglers
09-27 11:35:31.719  1576  3486 E ProxCoverNoticeService: monitor view is null, no need to update minimum
09-27 11:35:31.719  1576  3486 I ProxCoverNoticeService: onForegroundActivitiesChanged, pid = 28697, uid = 10039, pkg = com.bbk.launcher2, foregroundActivities = false
09-27 11:35:31.720   315   315 I BufferQueueConsumer: [com.bbk.launcher2/com.bbk.launcher2.Launcher](this:0x7646b0c000,id:3281,api:1,p:-1,c:-1) disconnect(C)
09-27 11:35:31.721   315   315 I BufferQueue: [com.bbk.launcher2/com.bbk.launcher2.Launcher](this:0x7646b0c000,id:3281,api:1,p:-1,c:-1) ~BufferQueueCore
09-27 11:35:31.721  1576  3486 I ProxCoverNoticeService: isKeyguardLocked = false, isDeviceLocked = false, isKeyguardSecure = true, isDeviceSecure = true, inKeyguardRestrictedInputMode = false
09-27 11:35:31.722   315   315 D GraphicBuffer: free, handle(0x764c224c00) (w:720 h:1280 s:720 f:0x1 u:0x000b00)
09-27 11:35:31.728  1078  4465 I PerfService: PerfServiceNative_boostEnableTimeoutMsAsync:6, 100
09-27 11:35:31.733  1576  3491 I SLService1: ActivityController mIsAndroidN_VivoMultiWindow = true, mIsMultiWindowOn = false
09-27 11:35:31.733  1576  3491 I SLService1: [Monitor]1--------[] t [com.example.dogglers] f []
09-27 11:35:31.733  1576  3491 I SLService1: HAHA1 >>>> true <<<<
09-27 11:35:31.733  1576  2492 D SLService: optionsFromCallbacks = null
09-27 11:35:31.753 14564 14564 D LifecycleMonitor: Lifecycle status change: com.example.dogglers.MainActivity@ccc80b8 in: PAUSED
09-27 11:35:31.754 14564 14564 V ActivityScenario: Update currentActivityStage to PAUSED, currentActivity=com.example.dogglers.MainActivity@ccc80b8
09-27 11:35:31.755  1078  1555 D PerfServiceWrapper: [PerfServiceWrapper] appBoostEnable
09-27 11:35:31.755  1078  1555 D PerfService: [PerfService] appBoostEnable: com.example.dogglers
09-27 11:35:31.755  1078  1555 D PerfServiceManager: [PerfService] appBoostEnable com.example.dogglers
09-27 11:35:31.771  1078  1182 D Surface : Surface::disconnect(this=0x7834c55c00,api=2)
09-27 11:35:31.771   315  2474 I BufferQueueProducer: [Starting com.example.dogglers](this:0x764425e800,id:3282,api:2,p:-1,c:315) disconnect(P): api 2
09-27 11:35:31.771   315  2474 I BufferQueueConsumer: [Starting com.example.dogglers](this:0x764425e800,id:3282,api:2,p:-1,c:315) getReleasedBuffers: returning mask 0xffffffffffffffff
09-27 11:35:31.772  1078  1182 D GraphicBuffer: unregister, handle(0x78047ad0c0) (w:720 h:1280 s:720 f:0x1 u:0x000933)
09-27 11:35:31.774 14564 14564 D LifecycleMonitor: Lifecycle status change: com.example.dogglers.GridListActivity@8e18a38 in: PRE_ON_CREATE
09-27 11:35:31.775 14564 14564 V ActivityScenario: Activity lifecycle changed event received but ignored because the intent does not match. startActivityIntent=Intent { act=android.intent.action.MAIN cat=[android.intent.category.LAUNCHER] cmp=com.example.dogglers/.MainActivity }, activity.getIntent()=Intent { cmp=com.example.dogglers/.GridListActivity }, activity=com.example.dogglers.GridListActivity@8e18a38
09-27 11:35:31.786   315   315 I BufferQueueConsumer: [Starting com.example.dogglers](this:0x764425e800,id:3282,api:2,p:-1,c:-1) disconnect(C)
09-27 11:35:31.787   315   315 I BufferQueue: [Starting com.example.dogglers](this:0x764425e800,id:3282,api:2,p:-1,c:-1) ~BufferQueueCore
09-27 11:35:31.787   315   315 D GraphicBuffer: free, handle(0x764c224a80) (w:720 h:1280 s:720 f:0x1 u:0x000933)
09-27 11:35:31.794 14564 14564 D PhoneWindow: DEBUG_SYSTEMUI:origin statusbar style
09-27 11:35:31.794 14564 14564 D PhoneWindow: DEBUG_SYSTEMUI:windowDrawsFlag set
09-27 11:35:31.795 14564 14564 D PhoneWindow: DEBUG_SYSTEMUI:IconColor=1
09-27 11:35:31.795 14564 14564 D PhoneWindow: DEBUG_SYSTEMUI:StatusBarColor final set ff3700b3
09-27 11:35:31.814 14564 14564 D LifecycleMonitor: Lifecycle status change: com.example.dogglers.GridListActivity@8e18a38 in: CREATED
09-27 11:35:31.814 14564 14564 V ActivityScenario: Activity lifecycle changed event received but ignored because the intent does not match. startActivityIntent=Intent { act=android.intent.action.MAIN cat=[android.intent.category.LAUNCHER] cmp=com.example.dogglers/.MainActivity }, activity.getIntent()=Intent { cmp=com.example.dogglers/.GridListActivity }, activity=com.example.dogglers.GridListActivity@8e18a38
09-27 11:35:31.816 14564 14564 D LifecycleMonitor: Lifecycle status change: com.example.dogglers.GridListActivity@8e18a38 in: STARTED
09-27 11:35:31.816 14564 14564 V ActivityScenario: Activity lifecycle changed event received but ignored because the intent does not match. startActivityIntent=Intent { act=android.intent.action.MAIN cat=[android.intent.category.LAUNCHER] cmp=com.example.dogglers/.MainActivity }, activity.getIntent()=Intent { cmp=com.example.dogglers/.GridListActivity }, activity=com.example.dogglers.GridListActivity@8e18a38
09-27 11:35:31.821   315   315 I DisplayDevice: [Built-in Screen (type:0)] fps:60.557659,dur:1007.30,max:19.69,min:13.79
