09-27 11:35:35.216  1576  3486 I ProxCoverNoticeService: isHomeLauncher = false
09-27 11:35:35.217  1576  3486 I ProxCoverNoticeService: top activity name = com.example.dogglers
09-27 11:35:35.217  1576  3486 E ProxCoverNoticeService: monitor view is null, no need to update minimum
09-27 11:35:35.217  1576  3486 I ProxCoverNoticeService: onForegroundActivitiesChanged, pid = 28697, uid = 10039, pkg = com.bbk.launcher2, foregroundActivities = false
09-27 11:35:35.218  1576  3486 I ProxCoverNoticeService: isKeyguardLocked = false, isDeviceLocked = false, isKeyguardSecure = true, isDeviceSecure = true, inKeyguardRestrictedInputMode = false
09-27 11:35:35.218   315   315 I BufferQueueConsumer: [com.bbk.launcher2/com.bbk.launcher2.Launcher](this:0x764429d000,id:3295,api:1,p:-1,c:-1) disconnect(C)
09-27 11:35:35.218   315   315 I BufferQueue: [com.bbk.launcher2/com.bbk.launcher2.Launcher](this:0x764429d000,id:3295,api:1,p:-1,c:-1) ~BufferQueueCore
09-27 11:35:35.219   315   315 D GraphicBuffer: free, handle(0x7644284d00) (w:720 h:1280 s:720 f:0x1 u:0x000b00)
09-27 11:35:35.223 14564 14564 D LifecycleMonitor: Lifecycle status change: androidx.test.core.app.InstrumentationActivityInvoker$EmptyActivity@fde1e2a in: RESUMED
09-27 11:35:35.224 14564 14564 V ActivityScenario: Activity lifecycle changed event received but ignored because the intent does not match. startActivityIntent=Intent { act=android.intent.action.MAIN cat=[android.intent.category.LAUNCHER] cmp=com.example.dogglers/.MainActivity }, activity.getIntent()=Intent { act=android.intent.action.MAIN cat=[android.intent.category.LAUNCHER] flg=0x10000000 cmp=com.example.dogglers/androidx.test.core.app.InstrumentationActivityInvoker$EmptyActivity }, activity=androidx.test.core.app.InstrumentationActivityInvoker$EmptyActivity@fde1e2a
09-27 11:35:35.225 14564 14564 V PhoneWindow: DecorView setVisiblity: visibility = 4, Parent = null, this = DecorView@7b85391[]
09-27 11:35:35.226 14564 14564 D WindowClient: Add to mViews: DecorView@7b85391[InstrumentationActivityInvoker$EmptyActivity], this = android.view.WindowManagerGlobal@b39bad9
09-27 11:35:35.227 14564 14597 D OpenGLRenderer: CanvasContext() 0x780e756800
09-27 11:35:35.228 14564 14564 D ViewRootImpl[InstrumentationActivityInvoker$EmptyActivity]: hardware acceleration is enabled, this = ViewRoot{c6aab93 com.example.dogglers/androidx.test.core.app.InstrumentationActivityInvoker$EmptyActivity,ident = 16}
09-27 11:35:35.231 14564 14564 V PhoneWindow: DecorView setVisiblity: visibility = 0, Parent = ViewRoot{c6aab93 com.example.dogglers/androidx.test.core.app.InstrumentationActivityInvoker$EmptyActivity,ident = 16}, this = DecorView@7b85391[InstrumentationActivityInvoker$EmptyActivity]
09-27 11:35:35.236  1078  1182 D Surface : Surface::disconnect(this=0x77feec2400,api=2)
09-27 11:35:35.237   315  2474 I BufferQueueProducer: [Starting com.example.dogglers](this:0x7644285000,id:3296,api:2,p:-1,c:315) disconnect(P): api 2
09-27 11:35:35.237   315  2474 I BufferQueueConsumer: [Starting com.example.dogglers](this:0x7644285000,id:3296,api:2,p:-1,c:315) getReleasedBuffers: returning mask 0xffffffffffffffff
09-27 11:35:35.237 14564 14564 D LifecycleMonitor: Lifecycle status change: com.example.dogglers.MainActivity@2b3ff7c in: STOPPED
09-27 11:35:35.237  1078  1182 D GraphicBuffer: unregister, handle(0x77fef92140) (w:720 h:1280 s:720 f:0x1 u:0x000933)
09-27 11:35:35.237 14564 14564 V ActivityScenario: Update currentActivityStage to STOPPED, currentActivity=com.example.dogglers.MainActivity@2b3ff7c
09-27 11:35:35.239 14564 14564 V PhoneWindow: DecorView setVisiblity: visibility = 4, Parent = ViewRoot{6e19122 com.example.dogglers/com.example.dogglers.MainActivity,ident = 15}, this = DecorView@afb000e[MainActivity]
09-27 11:35:35.239 14564 14564 D LifecycleMonitor: Lifecycle status change: androidx.test.core.app.InstrumentationActivityInvoker$BootstrapActivity@3c7949b in: STOPPED
09-27 11:35:35.240 14564 14564 V ActivityScenario: Activity lifecycle changed event received but ignored because the intent does not match. startActivityIntent=Intent { act=android.intent.action.MAIN cat=[android.intent.category.LAUNCHER] cmp=com.example.dogglers/.MainActivity }, activity.getIntent()=Intent { act=android.intent.action.MAIN cat=[android.intent.category.LAUNCHER] flg=0x10008000 cmp=com.example.dogglers/androidx.test.core.app.InstrumentationActivityInvoker$BootstrapActivity (has extras) }, activity=androidx.test.core.app.InstrumentationActivityInvoker$BootstrapActivity@3c7949b
09-27 11:35:35.245   315   315 I BufferQueue: [unnamed-315-3298](this:0x764429d000,id:3298,api:0,p:-1,c:-1) BufferQueue core=(315:/system/bin/surfaceflinger)
09-27 11:35:35.245   315   315 I BufferQueueConsumer: [unnamed-315-3298](this:0x764429d000,id:3298,api:0,p:-1,c:315) connect(C): consumer=(315:/system/bin/surfaceflinger) controlledByApp=false
09-27 11:35:35.245   315   315 I BufferQueueConsumer: [unnamed-315-2651](this:0x764429d000,id:3298,api:0,p:-1,c:315) setConsumerName: unnamed-315-2651
09-27 11:35:35.245   315   315 I BufferQueueConsumer: [com.example.dogglers/androidx.test.core.app.InstrumentationActivityInvoker$EmptyActivity](this:0x764429d000,id:3298,api:0,p:-1,c:315) setConsumerName: com.example.dogglers/androidx.test.core.app.InstrumentationActivityInvoker$EmptyActivity
09-27 11:35:35.246   315   315 I BufferQueueProducer: [](this:0x764429d000,id:3298,api:0,p:-1,c:315) setMaxDequeuedBufferCount: maxDequeuedBuffers = 2
09-27 11:35:35.246   315   315 I BufferQueueConsumer: [com.example.dogglers/androidx.test.core.app.InstrumentationActivityInvoker$EmptyActivity](this:0x764429d000,id:3298,api:0,p:-1,c:315) setDefaultBufferSize: width=720 height=1280
09-27 11:35:35.248  1443  1443 D PhoneStatusBar: setSystemUiVisibility vis=408 mask=ffffffff oldVal=608 newVal=408 diff=200
09-27 11:35:35.251   315   315 I BufferQueueConsumer: [Starting com.example.dogglers](this:0x7644285000,id:3296,api:2,p:-1,c:-1) disconnect(C)
09-27 11:35:35.251   315   315 I BufferQueue: [Starting com.example.dogglers](this:0x7644285000,id:3296,api:2,p:-1,c:-1) ~BufferQueueCore
09-27 11:35:35.252 14564 14597 D OpenGLRenderer: CanvasContext() 0x780e756800 initialize window=0x7812da9400, title=com.example.dogglers/androidx.test.core.app.InstrumentationActivityInvoker$EmptyActivity
09-27 11:35:35.252 14564 14564 D Surface : Surface::allocateBuffers(this=0x7812da9400)
09-27 11:35:35.252 14564 14597 D Surface : Surface::connect(this=0x7812da9400,api=1)
09-27 11:35:35.252   315   315 D GraphicBuffer: free, handle(0x764c224900) (w:720 h:1280 s:720 f:0x1 u:0x000933)
09-27 11:35:35.252   315  2474 I BufferQueueProducer: [com.example.dogglers/androidx.test.core.app.InstrumentationActivityInvoker$EmptyActivity](this:0x764429d000,id:3298,api:1,p:14564,c:315) connect(P): api=1 producer=(14564:com.example.dogglers) producerControlledByApp=true
09-27 11:35:35.252 14564 14597 W libEGL  : [ANDROID_RECORDABLE] format: 1
09-27 11:35:35.254   315   335 D GraphicBuffer: alloc, handle(0x76442ae2c0) (w:720 h:1280 s:720 f:0x1 u:0x000900) err(0)
09-27 11:35:35.255   315   335 D GraphicBuffer: alloc, handle(0x7644317d00) (w:720 h:1280 s:720 f:0x1 u:0x000900) err(0)
09-27 11:35:35.256   315   335 D GraphicBuffer: alloc, handle(0x764435e9c0) (w:720 h:1280 s:720 f:0x1 u:0x000900) err(0)
09-27 11:35:35.257 14564 14597 D mali_winsys: EGLint new_window_surface(egl_winsys_display*, void*, EGLSurface, EGLConfig, egl_winsys_surface**, egl_color_buffer_format*, EGLBoolean) returns 0x3000
09-27 11:35:35.259 14564 14597 D Surface : Surface::disconnect(this=0x7812cbbe00,api=1)
09-27 11:35:35.259   315  2474 I BufferQueueProducer: [com.example.dogglers/com.example.dogglers.MainActivity](this:0x7644286800,id:3297,api:1,p:-1,c:315) disconnect(P): api 1
09-27 11:35:35.259   315  2474 D GraphicBuffer: free, handle(0x7644316680) (w:720 h:1280 s:720 f:0x1 u:0x000b00)
09-27 11:35:35.259   315  2474 I BufferQueueConsumer: [com.example.dogglers/com.example.dogglers.MainActivity](this:0x7644286800,id:3297,api:1,p:-1,c:315) getReleasedBuffers: returning mask 0xffffffffffffffff
09-27 11:35:35.260   315  2474 D GraphicBuffer: free, handle(0x7644284040) (w:720 h:1280 s:720 f:0x1 u:0x000b00)
09-27 11:35:35.260 14564 14597 D GraphicBuffer: unregister, handle(0x7810380a40) (w:720 h:1280 s:720 f:0x1 u:0x000b00)
09-27 11:35:35.260 14564 14597 D GraphicBuffer: unregister, handle(0x780e730b80) (w:720 h:1280 s:720 f:0x1 u:0x000b00)
09-27 11:35:35.261 14564 14597 D GraphicBuffer: unregister, handle(0x7810381ac0) (w:720 h:1280 s:720 f:0x1 u:0x000b00)
09-27 11:35:35.261 14564 14597 D Surface : Surface::disconnect(this=0x7812cbbe00,api=1)
09-27 11:35:35.262   315   998 I BufferQueueProducer: [com.example.dogglers/com.example.dogglers.MainActivity](this:0x7644286800,id:3297,api:1,p:-1,c:315) disconnect(P): api 1
09-27 11:35:35.269 14564 14564 V InputMethodManager: onWindowFocus: null softInputMode=288 first=true flags=#1810100
09-27 11:35:35.271  1343  1343 I GoogleInputMethodServic: GoogleInputMethodService.onFinishInput():3274
09-27 11:35:35.272  1343  1343 I GoogleInputMethodServic: GoogleInputMethodService.updateDeviceLockedStatus():2166 repeatCheckTimes = 0, unlocked = true
09-27 11:35:35.272  1343  1343 I GoogleInputMethodServic: GoogleInputMethodService.onStartInput():1957 onStartInput(EditorInfo{inputType=0x0(NULL) imeOptions=0x0 privateImeOptions=null actionName=UNSPECIFIED actionLabel=null actionId=0 initialSelStart=-1 initialSelEnd=-1 initialCapsMode=0x0 hintText=null label=null packageName=com.example.dogglers fieldId=-1 fieldName=null extras=null}, false)
09-27 11:35:35.273  1343  1343 I GoogleInputMethodServic: GoogleInputMethodService.shouldHideHeaderOnInitialState():4078 ShouldHideHeaderOnInitialState = false
09-27 11:35:35.274  1343  1343 I GoogleInputMethodServic: GoogleInputMethodService.updateDeviceLockedStatus():2166 repeatCheckTimes = 2, unlocked = true
09-27 11:35:35.274   315   335 I BufferQueueProducer: [com.example.dogglers/androidx.test.core.app.InstrumentationActivityInvoker$EmptyActivity](this:0x764429d000,id:3298,api:1,p:14564,c:315) new GraphicBuffer needed
09-27 11:35:35.274   315   335 D GraphicBuffer: free, handle(0x764435e9c0) (w:720 h:1280 s:720 f:0x1 u:0x000900)
09-27 11:35:35.276   315   335 D GraphicBuffer: alloc, handle(0x764435e9c0) (w:720 h:1280 s:720 f:0x1 u:0x000b00) err(0)
09-27 11:35:35.277 14564 14597 D GraphicBuffer: register, handle(0x780e6a39c0) (w:720 h:1280 s:720 f:0x1 u:0x000b00)
09-27 11:35:35.279   315   380 I BufferQueueProducer: [com.example.dogglers/androidx.test.core.app.InstrumentationActivityInvoker$EmptyActivity](this:0x764429d000,id:3298,api:1,p:14564,c:315) new GraphicBuffer needed
09-27 11:35:35.279   315   380 D GraphicBuffer: free, handle(0x7644317d00) (w:720 h:1280 s:720 f:0x1 u:0x000900)
09-27 11:35:35.281   315   380 D GraphicBuffer: alloc, handle(0x7644317d00) (w:720 h:1280 s:720 f:0x1 u:0x000b00) err(0)
09-27 11:35:35.282 14564 14597 D GraphicBuffer: register, handle(0x780e6a4f80) (w:720 h:1280 s:720 f:0x1 u:0x000b00)
09-27 11:35:35.285   315   315 D MALI    : eglCreateImageKHR:513: [Crop] 0 0 0 0  img[720 1280]
09-27 11:35:35.285  1576  3491 I SLService3: HAHA3 : com.example.dogglers
09-27 11:35:35.293 14564 14564 D LifecycleMonitor: Lifecycle status change: com.example.dogglers.MainActivity@2b3ff7c in: DESTROYED
09-27 11:35:35.294 14564 14564 V ActivityScenario: Update currentActivityStage to DESTROYED, currentActivity=null
09-27 11:35:35.295  2069  2069 I WhiteListHelper: UpSlide|isPkgHidedInVisitorMode >>> pkg = com.facebook.orca, mHideIconList = null
09-27 11:35:35.296  1078  1182 I ActivityManager: Displayed com.example.dogglers/androidx.test.core.app.InstrumentationActivityInvoker$EmptyActivity: +121ms
09-27 11:35:35.297  2069  2069 I WhiteListHelper: UpSlide|isPkgHidedInVisitorMode >>> pkg = com.example.dogglers, mHideIconList = null
09-27 11:35:35.298  2069 15994 I UpSlideHelper: UpSlide|toggleUpSlideViewInCamera isInCamera = false
09-27 11:35:35.300 14564 14564 D WindowClient: Remove from mViews: DecorView@afb000e[MainActivity], this = android.view.WindowManagerGlobal@b39bad9
09-27 11:35:35.300  1576  1590 I SLService1: ActivityController mIsAndroidN_VivoMultiWindow = true, mIsMultiWindowOn = false
09-27 11:35:35.301  1576  1590 I SLService1: [Monitor]1--------[] t [com.example.dogglers] f []
09-27 11:35:35.301  1576  1590 I SLService1: HAHA1 >>>> true <<<<
09-27 11:35:35.301   315   315 I BufferQueueConsumer: [com.example.dogglers/com.example.dogglers.MainActivity](this:0x7644286800,id:3297,api:1,p:-1,c:-1) disconnect(C)
09-27 11:35:35.302  1576  1652 D SLService: optionsFromCallbacks = null
09-27 11:35:35.302   315   315 D GraphicBuffer: free, handle(0x764c224840) (w:720 h:1280 s:720 f:0x1 u:0x000b00)
09-27 11:35:35.302   315   315 I BufferQueue: [com.example.dogglers/com.example.dogglers.MainActivity](this:0x7644286800,id:3297,api:1,p:-1,c:-1) ~BufferQueueCore
09-27 11:35:35.315  1576  2492 I SLService3: HAHA3 : com.example.dogglers
09-27 11:35:35.318 14564 14564 D LifecycleMonitor: Lifecycle status change: androidx.test.core.app.InstrumentationActivityInvoker$EmptyActivity@fde1e2a in: PAUSED
09-27 11:35:35.319 14564 14564 V ActivityScenario: Activity lifecycle changed event received but ignored because the intent does not match. startActivityIntent=Intent { act=android.intent.action.MAIN cat=[android.intent.category.LAUNCHER] cmp=com.example.dogglers/.MainActivity }, activity.getIntent()=Intent { act=android.intent.action.MAIN cat=[android.intent.category.LAUNCHER] flg=0x10000000 cmp=com.example.dogglers/androidx.test.core.app.InstrumentationActivityInvoker$EmptyActivity }, activity=androidx.test.core.app.InstrumentationActivityInvoker$EmptyActivity@fde1e2a
09-27 11:35:35.320  1078  2789 D PerfServiceWrapper: [PerfServiceWrapper] appBoostEnable
09-27 11:35:35.320  1078  2789 D PerfService: [PerfService] appBoostEnable: com.example.dogglers
09-27 11:35:35.320  1078  2789 D PerfServiceManager: [PerfService] appBoostEnable com.example.dogglers
09-27 11:35:35.331 14564 14564 D LifecycleMonitor: Lifecycle status change: androidx.test.core.app.InstrumentationActivityInvoker$BootstrapActivity@3c7949b in: DESTROYED
09-27 11:35:35.332 14564 14564 V ActivityScenario: Activity lifecycle changed event received but ignored because the intent does not match. startActivityIntent=Intent { act=android.intent.action.MAIN cat=[android.intent.category.LAUNCHER] cmp=com.example.dogglers/.MainActivity }, activity.getIntent()=Intent { act=android.intent.action.MAIN cat=[android.intent.category.LAUNCHER] flg=0x10008000 cmp=com.example.dogglers/androidx.test.core.app.InstrumentationActivityInvoker$BootstrapActivity (has extras) }, activity=androidx.test.core.app.InstrumentationActivityInvoker$BootstrapActivity@3c7949b
09-27 11:35:35.338 14564 14564 D LifecycleMonitor: Lifecycle status change: androidx.test.core.app.InstrumentationActivityInvoker$EmptyActivity@8c2be7 in: PRE_ON_CREATE
09-27 11:35:35.338 14564 14564 V ActivityScenario: Activity lifecycle changed event received but ignored because the intent does not match. startActivityIntent=Intent { act=android.intent.action.MAIN cat=[android.intent.category.LAUNCHER] cmp=com.example.dogglers/.MainActivity }, activity.getIntent()=Intent { act=android.intent.action.MAIN cat=[android.intent.category.LAUNCHER] flg=0x10000000 cmp=com.example.dogglers/androidx.test.core.app.InstrumentationActivityInvoker$EmptyActivity }, activity=androidx.test.core.app.InstrumentationActivityInvoker$EmptyActivity@8c2be7
09-27 11:35:35.344 14564 14564 D PhoneWindow: DEBUG_SYSTEMUI:origin statusbar style
09-27 11:35:35.344 14564 14564 D PhoneWindow: DEBUG_SYSTEMUI:IconColor=1
09-27 11:35:35.344 14564 14564 D PhoneWindow: DEBUG_SYSTEMUI:StatusBarColor final set ff000000
09-27 11:35:35.347 14564 14564 D LifecycleMonitor: Lifecycle status change: androidx.test.core.app.InstrumentationActivityInvoker$EmptyActivity@8c2be7 in: CREATED
09-27 11:35:35.348 14564 14564 V ActivityScenario: Activity lifecycle changed event received but ignored because the intent does not match. startActivityIntent=Intent { act=android.intent.action.MAIN cat=[android.intent.category.LAUNCHER] cmp=com.example.dogglers/.MainActivity }, activity.getIntent()=Intent { act=android.intent.action.MAIN cat=[android.intent.category.LAUNCHER] flg=0x10000000 cmp=com.example.dogglers/androidx.test.core.app.InstrumentationActivityInvoker$EmptyActivity }, activity=androidx.test.core.app.InstrumentationActivityInvoker$EmptyActivity@8c2be7
09-27 11:35:35.349 14564 14564 D LifecycleMonitor: Lifecycle status change: androidx.test.core.app.InstrumentationActivityInvoker$EmptyActivity@8c2be7 in: STARTED
09-27 11:35:35.349 14564 14564 V ActivityScenario: Activity lifecycle changed event received but ignored because the intent does not match. startActivityIntent=Intent { act=android.intent.action.MAIN cat=[android.intent.category.LAUNCHER] cmp=com.example.dogglers/.MainActivity }, activity.getIntent()=Intent { act=android.intent.action.MAIN cat=[android.intent.category.LAUNCHER] flg=0x10000000 cmp=com.example.dogglers/androidx.test.core.app.InstrumentationActivityInvoker$EmptyActivity }, activity=androidx.test.core.app.InstrumentationActivityInvoker$EmptyActivity@8c2be7
09-27 11:35:35.355 14564 14564 D LifecycleMonitor: Lifecycle status change: androidx.test.core.app.InstrumentationActivityInvoker$EmptyActivity@8c2be7 in: RESUMED
09-27 11:35:35.355 14564 14564 V ActivityScenario: Activity lifecycle changed event received but ignored because the intent does not match. startActivityIntent=Intent { act=android.intent.action.MAIN cat=[android.intent.category.LAUNCHER] cmp=com.example.dogglers/.MainActivity }, activity.getIntent()=Intent { act=android.intent.action.MAIN cat=[android.intent.category.LAUNCHER] flg=0x10000000 cmp=com.example.dogglers/androidx.test.core.app.InstrumentationActivityInvoker$EmptyActivity }, activity=androidx.test.core.app.InstrumentationActivityInvoker$EmptyActivity@8c2be7
09-27 11:35:35.356 14564 14564 V PhoneWindow: DecorView setVisiblity: visibility = 4, Parent = null, this = DecorView@a27d632[]
09-27 11:35:35.357 14564 14564 D WindowClient: Add to mViews: DecorView@a27d632[InstrumentationActivityInvoker$EmptyActivity], this = android.view.WindowManagerGlobal@b39bad9
09-27 11:35:35.359 14564 14597 D OpenGLRenderer: CanvasContext() 0x780e75a000
09-27 11:35:35.359 14564 14564 D ViewRootImpl[InstrumentationActivityInvoker$EmptyActivity]: hardware acceleration is enabled, this = ViewRoot{5a1712c com.example.dogglers/androidx.test.core.app.InstrumentationActivityInvoker$EmptyActivity,ident = 17}
09-27 11:35:35.362 14564 14564 V PhoneWindow: DecorView setVisiblity: visibility = 0, Parent = ViewRoot{5a1712c com.example.dogglers/androidx.test.core.app.InstrumentationActivityInvoker$EmptyActivity,ident = 17}, this = DecorView@a27d632[InstrumentationActivityInvoker$EmptyActivity]
09-27 11:35:35.370   315   315 I BufferQueue: [unnamed-315-3299](this:0x7644286800,id:3299,api:0,p:-1,c:-1) BufferQueue core=(315:/system/bin/surfaceflinger)
09-27 11:35:35.370   315   315 I BufferQueueConsumer: [unnamed-315-3299](this:0x7644286800,id:3299,api:0,p:-1,c:315) connect(C): consumer=(315:/system/bin/surfaceflinger) controlledByApp=false
09-27 11:35:35.370   315   315 I BufferQueueConsumer: [unnamed-315-2652](this:0x7644286800,id:3299,api:0,p:-1,c:315) setConsumerName: unnamed-315-2652
09-27 11:35:35.370   315   315 I BufferQueueConsumer: [com.example.dogglers/androidx.test.core.app.InstrumentationActivityInvoker$EmptyActivity](this:0x7644286800,id:3299,api:0,p:-1,c:315) setConsumerName: com.example.dogglers/androidx.test.core.app.InstrumentationActivityInvoker$EmptyActivity
09-27 11:35:35.370   315   315 I BufferQueueProducer: [](this:0x7644286800,id:3299,api:0,p:-1,c:315) setMaxDequeuedBufferCount: maxDequeuedBuffers = 2
09-27 11:35:35.370   315   315 I BufferQueueConsumer: [com.example.dogglers/androidx.test.core.app.InstrumentationActivityInvoker$EmptyActivity](this:0x7644286800,id:3299,api:0,p:-1,c:315) setDefaultBufferSize: width=1 height=1
09-27 11:35:35.383   315   315 I BufferQueueConsumer: [com.example.dogglers/androidx.test.core.app.InstrumentationActivityInvoker$EmptyActivity](this:0x7644286800,id:3299,api:0,p:-1,c:315) setDefaultBufferSize: width=720 height=1280
09-27 11:35:35.388 14564 14597 D OpenGLRenderer: CanvasContext() 0x780e75a000 initialize window=0x7812cbbe00, title=com.example.dogglers/androidx.test.core.app.InstrumentationActivityInvoker$EmptyActivity
09-27 11:35:35.388 14564 14564 D Surface : Surface::allocateBuffers(this=0x7812cbbe00)
09-27 11:35:35.388 14564 14597 D Surface : Surface::connect(this=0x7812cbbe00,api=1)
09-27 11:35:35.388   315   998 I BufferQueueProducer: [com.example.dogglers/androidx.test.core.app.InstrumentationActivityInvoker$EmptyActivity](this:0x7644286800,id:3299,api:1,p:14564,c:315) connect(P): api=1 producer=(14564:com.example.dogglers) producerControlledByApp=true
09-27 11:35:35.389 14564 14597 W libEGL  : [ANDROID_RECORDABLE] format: 1
09-27 11:35:35.390   315   335 D GraphicBuffer: alloc, handle(0x764435f200) (w:720 h:1280 s:720 f:0x1 u:0x000900) err(0)
09-27 11:35:35.391   315   335 D GraphicBuffer: alloc, handle(0x764435f740) (w:720 h:1280 s:720 f:0x1 u:0x000900) err(0)
09-27 11:35:35.393   315   335 D GraphicBuffer: alloc, handle(0x764435fe00) (w:720 h:1280 s:720 f:0x1 u:0x000900) err(0)
09-27 11:35:35.394 14564 14597 D mali_winsys: EGLint new_window_surface(egl_winsys_display*, void*, EGLSurface, EGLConfig, egl_winsys_surface**, egl_color_buffer_format*, EGLBoolean) returns 0x3000
09-27 11:35:35.396 14564 14564 V InputMethodManager: onWindowFocus: null softInputMode=288 first=true flags=#1810100
09-27 11:35:35.398  1343  1343 I GoogleInputMethodServic: GoogleInputMethodService.onFinishInput():3274
09-27 11:35:35.399  1343  1343 I GoogleInputMethodServic: GoogleInputMethodService.updateDeviceLockedStatus():2166 repeatCheckTimes = 0, unlocked = true
09-27 11:35:35.399  1343  1343 I GoogleInputMethodServic: GoogleInputMethodService.onStartInput():1957 onStartInput(EditorInfo{inputType=0x0(NULL) imeOptions=0x0 privateImeOptions=null actionName=UNSPECIFIED actionLabel=null actionId=0 initialSelStart=-1 initialSelEnd=-1 initialCapsMode=0x0 hintText=null label=null packageName=com.example.dogglers fieldId=-1 fieldName=null extras=null}, false)
09-27 11:35:35.399  1343  1343 I GoogleInputMethodServic: GoogleInputMethodService.shouldHideHeaderOnInitialState():4078 ShouldHideHeaderOnInitialState = false
09-27 11:35:35.400  1343  1343 I GoogleInputMethodServic: GoogleInputMethodService.updateDeviceLockedStatus():2166 repeatCheckTimes = 2, unlocked = true
09-27 11:35:35.404   315   335 I BufferQueueProducer: [com.example.dogglers/androidx.test.core.app.InstrumentationActivityInvoker$EmptyActivity](this:0x7644286800,id:3299,api:1,p:14564,c:315) new GraphicBuffer needed
09-27 11:35:35.404   315   335 D GraphicBuffer: free, handle(0x764435fe00) (w:720 h:1280 s:720 f:0x1 u:0x000900)
09-27 11:35:35.406   315   335 D GraphicBuffer: alloc, handle(0x764435fe00) (w:720 h:1280 s:720 f:0x1 u:0x000b00) err(0)
09-27 11:35:35.407 14564 14597 D GraphicBuffer: register, handle(0x780e6a3f00) (w:720 h:1280 s:720 f:0x1 u:0x000b00)
09-27 11:35:35.411   315   998 I BufferQueueProducer: [com.example.dogglers/androidx.test.core.app.InstrumentationActivityInvoker$EmptyActivity](this:0x7644286800,id:3299,api:1,p:14564,c:315) new GraphicBuffer needed
09-27 11:35:35.411   315   998 D GraphicBuffer: free, handle(0x764435f740) (w:720 h:1280 s:720 f:0x1 u:0x000900)
09-27 11:35:35.413   315   998 D GraphicBuffer: alloc, handle(0x764435f740) (w:720 h:1280 s:720 f:0x1 u:0x000b00) err(0)
09-27 11:35:35.414 14564 14597 D GraphicBuffer: register, handle(0x780e72efc0) (w:720 h:1280 s:720 f:0x1 u:0x000b00)
09-27 11:35:35.416  1576  1588 I SLService3: HAHA3 : com.example.dogglers
09-27 11:35:35.417   315   315 D MALI    : eglCreateImageKHR:513: [Crop] 0 0 0 0  img[720 1280]
09-27 11:35:35.426  1576  3486 I SLService3: HAHA3 : com.facebook.orca
09-27 11:35:35.450  1078  1556 I BufferQueue: [unnamed-1078-192](this:0x7807529800,id:192,api:0,p:-1,c:-1) BufferQueue core=(1078:system_server)
09-27 11:35:35.450  1078  1556 I BufferQueueConsumer: [unnamed-1078-192](this:0x7807529800,id:192,api:0,p:-1,c:1078) connect(C): consumer=(1078:system_server) controlledByApp=false
09-27 11:35:35.450  1078  1556 I BufferQueueConsumer: [unnamed-1078-192](this:0x7807529800,id:192,api:0,p:-1,c:1078) setConsumerName: unnamed-1078-192
09-27 11:35:35.450  1078  1556 I BufferQueueConsumer: [ScreenshotClient](this:0x7807529800,id:192,api:0,p:-1,c:1078) setConsumerName: ScreenshotClient
09-27 11:35:35.451   315   315 D Surface : Surface::connect(this=0x7649148e00,api=1)
09-27 11:35:35.452  1078  1556 I BufferQueueProducer: [ScreenshotClient](this:0x7807529800,id:192,api:1,p:315,c:1078) connect(P): api=1 producer=(315:/system/bin/surfaceflinger) producerControlledByApp=false
09-27 11:35:35.452  1078  1556 I BufferQueueProducer: [ScreenshotClient](this:0x7807529800,id:192,api:1,p:315,c:1078) new GraphicBuffer needed
09-27 11:35:35.453   315   380 D GraphicBuffer: alloc, handle(0x76443165c0) (w:432 h:768 s:432 f:0x1 u:0x000333) err(0)
09-27 11:35:35.454  1078  1556 D GraphicBuffer: register, handle(0x780ce3ccc0) (w:432 h:768 s:432 f:0x1 u:0x000333)
09-27 11:35:35.454   315   333 D GraphicBuffer: free, handle(0x76443165c0) (w:432 h:768 s:432 f:0x1 u:0x000333)
09-27 11:35:35.454   315   315 D GraphicBuffer: register, handle(0x764c224840) (w:432 h:768 s:432 f:0x1 u:0x000333)
09-27 11:35:35.457   315   315 D Surface : Surface::disconnect(this=0x7649148e00,api=1)
09-27 11:35:35.458  1078  1556 I BufferQueueProducer: [ScreenshotClient](this:0x7807529800,id:192,api:1,p:-1,c:1078) disconnect(P): api 1
09-27 11:35:35.458  1078  1556 I BufferQueueConsumer: [ScreenshotClient](this:0x7807529800,id:192,api:1,p:-1,c:1078) getReleasedBuffers: returning mask 0xffffffffffffffff
09-27 11:35:35.458   315   348 D GraphicBuffer: unregister, handle(0x764c224840) (w:432 h:768 s:432 f:0x1 u:0x000333)
09-27 11:35:35.462  1078  1556 I BufferQueueConsumer: [ScreenshotClient](this:0x7807529800,id:192,api:1,p:-1,c:-1) disconnect(C)
09-27 11:35:35.462  1078  1556 D GraphicBuffer: unregister, handle(0x780ce3ccc0) (w:432 h:768 s:432 f:0x1 u:0x000333)
09-27 11:35:35.462  1078  1556 I BufferQueue: [ScreenshotClient](this:0x7807529800,id:192,api:1,p:-1,c:-1) ~BufferQueueCore
09-27 11:35:35.466 14564 14564 D LifecycleMonitor: Lifecycle status change: androidx.test.core.app.InstrumentationActivityInvoker$EmptyActivity@8c2be7 in: PAUSED
09-27 11:35:35.466  2069  2085 I UpSlideHelper: UpSlide|toggleUpSlideViewInCamera isInCamera = false
09-27 11:35:35.466 14564 14564 V ActivityScenario: Activity lifecycle changed event received but ignored because the intent does not match. startActivityIntent=Intent { act=android.intent.action.MAIN cat=[android.intent.category.LAUNCHER] cmp=com.example.dogglers/.MainActivity }, activity.getIntent()=Intent { act=android.intent.action.MAIN cat=[android.intent.category.LAUNCHER] flg=0x10000000 cmp=com.example.dogglers/androidx.test.core.app.InstrumentationActivityInvoker$EmptyActivity }, activity=androidx.test.core.app.InstrumentationActivityInvoker$EmptyActivity@8c2be7
09-27 11:35:35.469  1078  1303 I libPerfService: [perfNotifyAppState] foreground:com.bbk.launcher2, pid:28697
09-27 11:35:35.469  1078  1303 I libPerfService: [switchSportsMode] enable:0
09-27 11:35:35.473  1078  1214 D Sensors : activate handle =0, enable = 0
09-27 11:35:35.473  1078  1214 D Sensors : handleToDriver handle(0)
09-27 11:35:35.473  1078  1214 D Sensors : use new sensor index=2, mSensors[index](270dd800)
09-27 11:35:35.473  1078  1214 D Sensors : support batch active
09-27 11:35:35.473  1078  1214 D BATCH   : no batch control attr
09-27 11:35:35.473  1078  1214 D Accel   : ACC enable: handle:0, en:0
09-27 11:35:35.473  1078  1214 D Accel   : path:/sys/class/misc/m_acc_misc/accactive
09-27 11:35:35.473  1078  1214 D Accel   : ACC enable(0) done
09-27 11:35:35.480 14912 19989 I _V_SecureService2: onForegroundActivitiesChanged() pid = 28697, uid = 10039, foregroundActivities = true
09-27 11:35:35.480  1078  1158 D VivoAppMonitor: onForegroundActivitiesChanged: pid=28697, uid=10039, foregroundActivities=true
09-27 11:35:35.481  4414  4644 I _V_UsageAppManager: dealAppInfoList.getPid()=28697,dealAppInfoList.getUid()=10039,dealAppInfoList.getPkgName()=com.bbk.launcher2
09-27 11:35:35.481  4414  4644 I _V_UsageAppManager: dealAppInfoList_mForgroundInfo_pid=28697,mForgroundInfo_pkgName=com.bbk.launcher2,mForgroundInfo_uid=10039,mBackgroundInfo_pid=14564,mBackgroundInfo_pkgName=com.example.dogglers,mBackgroundInfo_uid=10471
09-27 11:35:35.481  2069  2069 I WhiteListHelper: UpSlide|isPkgHidedInVisitorMode >>> pkg = com.facebook.orca, mHideIconList = null
09-27 11:35:35.481 14912 14990 I _V_SecureService3: runningNetworkLimitReminder ConnectivityManager not null， uid = 10039
09-27 11:35:35.481  1078  1158 D VivoAppMonitor: mForgroundAppName=com.bbk.launcher2, mLastForgroundAppName = com.example.dogglers
09-27 11:35:35.482  1078  1158 D touchscreenjni: chenpeng JNI called
09-27 11:35:35.482  1078  1158 E touchscreen: Open /sys/touchscreen/app_name failed
09-27 11:35:35.482  4414  4644 I _V_UsageAppManager: getversionCode=322
09-27 11:35:35.482  4414  4644 I _V_UsageAppManager: getVersionName_name=3.2
09-27 11:35:35.482  1576  1590 I SLService2: HAHA2 pid = 28697, uid = 10039, f = true
09-27 11:35:35.483  1576  1652 I ProxCoverNoticeService: isHomeLauncher = true
09-27 11:35:35.484 14564 14597 D Surface : Surface::disconnect(this=0x7812da9400,api=1)
09-27 11:35:35.484   315   333 I BufferQueueProducer: [com.example.dogglers/androidx.test.core.app.InstrumentationActivityInvoker$EmptyActivity](this:0x764429d000,id:3298,api:1,p:-1,c:315) disconnect(P): api 1
09-27 11:35:35.484   315   333 D GraphicBuffer: free, handle(0x76442ae2c0) (w:720 h:1280 s:720 f:0x1 u:0x000900)
09-27 11:35:35.484  1576  1652 I ProxCoverNoticeService: top activity name = com.bbk.launcher2
09-27 11:35:35.484  1576  1652 E ProxCoverNoticeService: monitor view is null, no need to update fullscreen
09-27 11:35:35.485  1576  1652 I ProxCoverNoticeService: onForegroundActivitiesChanged, pid = 28697, uid = 10039, pkg = com.bbk.launcher2, foregroundActivities = true
09-27 11:35:35.485   315   333 D GraphicBuffer: free, handle(0x7644317d00) (w:720 h:1280 s:720 f:0x1 u:0x000b00)
09-27 11:35:35.485   315   333 I BufferQueueConsumer: [com.example.dogglers/androidx.test.core.app.InstrumentationActivityInvoker$EmptyActivity](this:0x764429d000,id:3298,api:1,p:-1,c:315) getReleasedBuffers: returning mask 0xffffffffffffffff
09-27 11:35:35.485  2069  2069 I WhiteListHelper: UpSlide|isPkgHidedInVisitorMode >>> pkg = com.example.dogglers, mHideIconList = null
09-27 11:35:35.487 14564 14597 D GraphicBuffer: unregister, handle(0x780e6a39c0) (w:720 h:1280 s:720 f:0x1 u:0x000b00)
09-27 11:35:35.487 14564 14597 D GraphicBuffer: unregister, handle(0x780e6a4f80) (w:720 h:1280 s:720 f:0x1 u:0x000b00)
09-27 11:35:35.488 14564 14597 D Surface : Surface::disconnect(this=0x7812da9400,api=1)
09-27 11:35:35.488  2069  2069 D VivoTheme: load old package name start
09-27 11:35:35.489  4585  4889 I FloatWindowManagerService:  pid = 28697, uid = 10039, fore = true ; now is : com.bbk.launcher2
09-27 11:35:35.489   315   998 I BufferQueueProducer: [com.example.dogglers/androidx.test.core.app.InstrumentationActivityInvoker$EmptyActivity](this:0x764429d000,id:3298,api:1,p:-1,c:315) disconnect(P): api 1
09-27 11:35:35.489  2069  2069 W ResourceType: Failure getting entry for 0x7f0d0000 (t=12 e=0) (error -75)
09-27 11:35:35.490  2069  2069 W PackageManager: Failure retrieving resources for com.example.dogglers: Resource ID #0x7f0d0000
09-27 11:35:35.490  2069  2069 W ResourceType: Failure getting entry for 0x7f0d0000 (t=12 e=0) (error -75)
09-27 11:35:35.490  2069  2069 W PackageManager: Failure retrieving resources for com.example.dogglers: Resource ID #0x7f0d0000
09-27 11:35:35.491 14912 14990 I _V_SecureService3: runningNetworkLimitReminder There is no active network info!
09-27 11:35:35.492  1078  1158 V NetworkPolicy: updateRuleForRestrictBackgroundLocked(10039): isForeground=true, isBlacklisted=false, isWhitelisted=true, oldRule=1 (ALLOW_METERED), newRule=1 (ALLOW_METERED), newUidRules=1 (ALLOW_METERED), oldUidRules=1 (ALLOW_METERED)
09-27 11:35:35.492  1078  1158 V NetworkPolicy: updateRulesForNonMeteredNetworksLocked(10039), isIdle: false, mRestrictPower: false, mDeviceIdleMode: false, isForeground=true, isWhitelisted=false, oldRule=0 (NONE), newRule=0 (NONE), newUidRules=1 (ALLOW_METERED), oldUidRules=1 (ALLOW_METERED)
09-27 11:35:35.495  2069  2069 D VivoTheme: load old package name start
09-27 11:35:35.495  1576  1652 I ProxCoverNoticeService: isKeyguardLocked = false, isDeviceLocked = false, isKeyguardSecure = true, isDeviceSecure = true, inKeyguardRestrictedInputMode = false
09-27 11:35:35.496  1509  4651 I _V_ABE  : PowerEngineService enter the forgound
09-27 11:35:35.496  1576  1576 D GameModeManager: cursor.count = 169
09-27 11:35:35.496  1576  1576 D GameModeManager: cursor.pkg = com.mobile.legends
09-27 11:35:35.496  1576  1576 D GameModeManager: cursor.pkg = com.mobile.legends
09-27 11:35:35.496  1576  1576 D GameModeManager: cursor.pkg = com.miniclip.plagueinc
09-27 11:35:35.496  1576  1576 D GameModeManager: cursor.pkg = com.firsttouchgames.story
09-27 11:35:35.496  1576  1576 D GameModeManager: cursor.pkg = com.jumpgames.rswrb
09-27 11:35:35.496  1576  1576 D GameModeManager: cursor.pkg = com.miniclip.plagueinc
09-27 11:35:35.496  1576  1576 D GameModeManager: cursor.pkg = com.kiloo.subwaysurf
09-27 11:35:35.496  1576  1576 D GameModeManager: cursor.pkg = com.mediocre.smashhit
09-27 11:35:35.496  1576  1576 D GameModeManager: cursor.pkg = com.gameloft.android.ANMP.GloftA8HM
09-27 11:35:35.496  1576  1576 D GameModeManager: cursor.pkg = com.mobile.legends
09-27 11:35:35.496  1576  1576 D GameModeManager: cursor.pkg = com.mobile.legends
09-27 11:35:35.496  1576  1576 D GameModeManager: cursor.pkg = com.mobile.legends
09-27 11:35:35.497  1576  1576 D GameModeManager: cursor.pkg = com.miniclip.plagueinc
09-27 11:35:35.497  1576  1576 D GameModeManager: cursor.pkg = com.outfit7.mytalkingtomfree
09-27 11:35:35.497  1576  1576 D GameModeManager: cursor.pkg = com.kiloo.subwaysurf
09-27 11:35:35.497  1576  1576 D GameModeManager: cursor.pkg = com.outfit7.mytalkingtomfree
09-27 11:35:35.497  1576  1576 D GameModeManager: cursor.pkg = com.kiloo.subwaysurf
09-27 11:35:35.497  1576  1576 D GameModeManager: cursor.pkg = com.miniclip.plagueinc
09-27 11:35:35.497  1576  1576 D GameModeManager: cursor.pkg = com.kiloo.subwaysurf
09-27 11:35:35.497  1576  1576 D GameModeManager: cursor.pkg = com.miniclip.plagueinc
09-27 11:35:35.497  1576  1576 D GameModeManager: cursor.pkg = com.miniclip.plagueinc
09-27 11:35:35.497  1576  1576 D GameModeManager: cursor.pkg = com.youmusic.magictiles
09-27 11:35:35.497  1576  1576 D GameModeManager: cursor.pkg = com.skgames.trafficrider
09-27 11:35:35.497  1576  1576 D GameModeManager: cursor.pkg = com.gameloft.android.ANMP.GloftGOHM
09-27 11:35:35.497  1576  1576 D GameModeManager: cursor.pkg = com.roblox.client
09-27 11:35:35.497  1576  1576 D GameModeManager: cursor.pkg = com.mobile.legends
09-27 11:35:35.497  1576  1576 D GameModeManager: cursor.pkg = com.mobile.legends
09-27 11:35:35.497  1576  1576 D GameModeManager: cursor.pkg = com.mobile.legends
09-27 11:35:35.497  1576  1576 D GameModeManager: cursor.pkg = com.mobile.legends
09-27 11:35:35.497  1576  1576 D GameModeManager: cursor.pkg = com.mobile.legends
09-27 11:35:35.497  1576  1576 D GameModeManager: cursor.pkg = com.mobile.legends
09-27 11:35:35.497  1576  1576 D GameModeManager: cursor.pkg = com.mobile.legends
09-27 11:35:35.497  1576  1576 D GameModeManager: cursor.pkg = com.mobile.legends
09-27 11:35:35.497  1576  1576 D GameModeManager: cursor.pkg = com.mobile.legends
09-27 11:35:35.497  1576  1576 D GameModeManager: cursor.pkg = com.mobile.legends
09-27 11:35:35.497  1576  1576 D GameModeManager: cursor.pkg = com.mobile.legends
09-27 11:35:35.497  1576  1576 D GameModeManager: cursor.pkg = com.mobile.legends
09-27 11:35:35.497  1576  1576 D GameModeManager: cursor.pkg = com.chillingo.robberybobfree.android.row
09-27 11:35:35.497  1576  1576 D GameModeManager: cursor.pkg = com.gameloft.android.ANMP.GloftGGHM
09-27 11:35:35.497  1576  1576 D GameModeManager: cursor.pkg = com.mobile.legends
09-27 11:35:35.497  1576  1576 D GameModeManager: cursor.pkg = com.mobile.legends
09-27 11:35:35.497  1576  1576 D GameModeManager: cursor.pkg = com.mobile.legends
09-27 11:35:35.497  1576  1576 D GameModeManager: cursor.pkg = com.mobile.legends
09-27 11:35:35.497  1576  1576 D GameModeManager: cursor.pkg = com.mobile.legends
09-27 11:35:35.497  1576  1576 D GameModeManager: cursor.pkg = com.mobile.legends
09-27 11:35:35.497  1576  1576 D GameModeManager: cursor.pkg = com.miniclip.eightballpool
09-27 11:35:35.497  1576  1576 D GameModeManager: cursor.pkg = com.mobile.legends
09-27 11:35:35.497  1576  1576 D GameModeManager: cursor.pkg = com.wb.goog.mkx
09-27 11:35:35.497  1576  1576 D GameModeManager: cursor.pkg = com.mobile.legends
09-27 11:35:35.497  1576  1576 D GameModeManager: cursor.pkg = com.mobile.legends
09-27 11:35:35.497  1576  1576 D GameModeManager: cursor.pkg = com.mobile.legends
09-27 11:35:35.497  1576  1576 D GameModeManager: cursor.pkg = com.mobile.legends
09-27 11:35:35.497  1576  1576 D GameModeManager: cursor.pkg = com.mobile.legends
09-27 11:35:35.497  1576  1576 D GameModeManager: cursor.pkg = com.miniclip.eightballpool
09-27 11:35:35.497  1576  1576 D GameModeManager: cursor.pkg = com.mobile.legends
09-27 11:35:35.497  1576  1576 D GameModeManager: cursor.pkg = com.mobile.legends
09-27 11:35:35.497  1576  1576 D GameModeManager: cursor.pkg = com.mobile.legends
09-27 11:35:35.497  1576  1576 D GameModeManager: cursor.pkg = com.glu.deerhunt2
09-27 11:35:35.497  1576  1576 D GameModeManager: cursor.pkg = com.mobile.legends
09-27 11:35:35.497  1576  1576 D GameModeManager: cursor.pkg = com.mobile.legends
09-27 11:35:35.497  1576  1576 D GameModeManager: cursor.pkg = com.mobile.legends
09-27 11:35:35.497  1576  1576 D GameModeManager: cursor.pkg = com.mobile.legends
09-27 11:35:35.497  1576  1576 D GameModeManager: cursor.pkg = com.mobile.legends
09-27 11:35:35.497  1576  1576 D GameModeManager: cursor.pkg = com.gameloft.android.ANMP.GloftDOHM
09-27 11:35:35.497  1576  1576 D GameModeManager: cursor.pkg = com.mobile.legends
09-27 11:35:35.497  1576  1576 D GameModeManager: cursor.pkg = com.mobile.legends
09-27 11:35:35.497  1576  1576 D GameModeManager: cursor.pkg = com.mobile.legends
09-27 11:35:35.498  1576  1576 D GameModeManager: cursor.pkg = uk.co.aifactory.chessfree
09-27 11:35:35.498  1576  1576 D GameModeManager: cursor.pkg = com.mobile.legends
09-27 11:35:35.498  1576  1576 D GameModeManager: cursor.pkg = com.fingersoft.hcr2
09-27 11:35:35.498  1576  1576 D GameModeManager: cursor.pkg = com.mobile.legends
09-27 11:35:35.498  1576  1576 D GameModeManager: cursor.pkg = com.youmusic.magictiles
09-27 11:35:35.498  1576  1576 D GameModeManager: cursor.pkg = com.youmusic.magictiles
09-27 11:35:35.498  1576  1576 D GameModeManager: cursor.pkg = com.mobile.legends
09-27 11:35:35.498  1576  1576 D GameModeManager: cursor.pkg = com.mobile.legends
09-27 11:35:35.498  1576  1576 D GameModeManager: cursor.pkg = com.mobile.legends
09-27 11:35:35.498  1576  1576 D GameModeManager: cursor.pkg = com.mobile.legends
09-27 11:35:35.498  1576  1576 D GameModeManager: cursor.pkg = com.mobile.legends
09-27 11:35:35.498  1576  1576 D GameModeManager: cursor.pkg = com.youmusic.magictiles
09-27 11:35:35.498  1576  1576 D GameModeManager: cursor.pkg = com.mobile.legends
09-27 11:35:35.498  1576  1576 D GameModeManager: cursor.pkg = net.froemling.bombsquad
09-27 11:35:35.498  1576  1576 D GameModeManager: cursor.pkg = com.mobile.legends
09-27 11:35:35.498  1576  1576 D GameModeManager: cursor.pkg = com.mobile.legends
09-27 11:35:35.498  1576  1576 D GameModeManager: cursor.pkg = com.mobile.legends
09-27 11:35:35.498  1576  1576 D GameModeManager: cursor.pkg = com.miniclip.eightballpool
09-27 11:35:35.498  1576  1576 D GameModeManager: cursor.pkg = com.mobile.legends
09-27 11:35:35.498  1576  1576 D GameModeManager: cursor.pkg = com.miniclip.eightballpool
09-27 11:35:35.498  1576  1576 D GameModeManager: cursor.pkg = com.mobile.legends
09-27 11:35:35.498  1576  1576 D GameModeManager: cursor.pkg = com.mobile.legends
09-27 11:35:35.498  1576  1576 D GameModeManager: cursor.pkg = com.mobile.legends
09-27 11:35:35.498  1576  1576 D GameModeManager: cursor.pkg = com.mobile.legends
09-27 11:35:35.498  1576  1576 D GameModeManager: cursor.pkg = com.mobile.legends
09-27 11:35:35.498  1576  1576 D GameModeManager: cursor.pkg = com.mobile.legends
09-27 11:35:35.498  1576  1576 D GameModeManager: cursor.pkg = com.mobile.legends
09-27 11:35:35.498  1576  1576 D GameModeManager: cursor.pkg = com.mobile.legends
09-27 11:35:35.498  1576  1576 D GameModeManager: cursor.pkg = com.mobile.legends
09-27 11:35:35.498  1576  1576 D GameModeManager: cursor.pkg = com.mobile.legends
09-27 11:35:35.498  1576  1576 D GameModeManager: cursor.pkg = com.mobile.legends
09-27 11:35:35.498  1576  1576 D GameModeManager: cursor.pkg = com.mobile.legends
09-27 11:35:35.498  1576  1576 D GameModeManager: cursor.pkg = com.bandagames.mpuzzle.gp
09-27 11:35:35.498  1576  1576 D GameModeManager: cursor.pkg = com.mobile.legends
09-27 11:35:35.498  1576  1576 D GameModeManager: cursor.pkg = com.mobile.legends
09-27 11:35:35.498  1576  1576 D GameModeManager: cursor.pkg = com.mobile.legends
09-27 11:35:35.498  1576  1576 D GameModeManager: cursor.pkg = com.mobile.legends
09-27 11:35:35.498  1576  1576 D GameModeManager: cursor.pkg = com.bandagames.mpuzzle.gp
09-27 11:35:35.498  1576  1576 D GameModeManager: cursor.pkg = com.mobile.legends
09-27 11:35:35.498  1576  1576 D GameModeManager: cursor.pkg = com.mobile.legends
09-27 11:35:35.498  1576  1576 D GameModeManager: cursor.pkg = com.mobile.legends
09-27 11:35:35.498  1576  1576 D GameModeManager: cursor.pkg = com.mobile.legends
09-27 11:35:35.498  1576  1576 D GameModeManager: cursor.pkg = com.bandagames.mpuzzle.gp
09-27 11:35:35.498  1576  1576 D GameModeManager: cursor.pkg = com.mobile.legends
09-27 11:35:35.498  1576  1576 D GameModeManager: cursor.pkg = com.mobile.legends
09-27 11:35:35.498  1576  1576 D GameModeManager: cursor.pkg = com.bandagames.mpuzzle.gp
09-27 11:35:35.498  1576  1576 D GameModeManager: cursor.pkg = com.bandagames.mpuzzle.gp
09-27 11:35:35.498 14564 14591 I TestRunner: finished: horizontal_list_button_is_displayed(com.example.dogglers.ButtonTests)
