09-27 11:35:28.794 28697 28697 V LoaderManager: destroyLoader in LoaderManager{55ca5cd in Launcher{bf69b35}} of 3
09-27 11:35:28.794 28697 28697 V LoaderManager: destroyLoader in LoaderManager{55ca5cd in Launcher{bf69b35}} of 4
09-27 11:35:28.794 28697 28697 V LoaderManager: destroyLoader in LoaderManager{55ca5cd in Launcher{bf69b35}} of 5
09-27 11:35:28.794 28697 28697 V LoaderManager: destroyLoader in LoaderManager{55ca5cd in Launcher{bf69b35}} of 6
09-27 11:35:28.794 28697 28697 V LoaderManager: destroyLoader in LoaderManager{55ca5cd in Launcher{bf69b35}} of 7
09-27 11:35:28.794 28697 28697 V LoaderManager: destroyLoader in LoaderManager{55ca5cd in Launcher{bf69b35}} of 8
09-27 11:35:28.794 28697 28697 V LoaderManager: destroyLoader in LoaderManager{55ca5cd in Launcher{bf69b35}} of 9
09-27 11:35:28.795 14065 14097 I Finsky  : [9536] fyc.run(34): Component class com.google.android.finsky.wearsupport.WearSupportService disabled via PackageManager.
09-27 11:35:28.796 28697 28697 D Launcher: onStop: mState is WORKSPACE
09-27 11:35:28.796 28697 28697 V LoaderManager: destroyLoader in LoaderManager{55ca5cd in Launcher{bf69b35}} of 0
09-27 11:35:28.796 28697 28697 V LoaderManager: destroyLoader in LoaderManager{55ca5cd in Launcher{bf69b35}} of 1
09-27 11:35:28.796 28697 28697 V LoaderManager: destroyLoader in LoaderManager{55ca5cd in Launcher{bf69b35}} of 2
09-27 11:35:28.797 28697 28697 V LoaderManager: destroyLoader in LoaderManager{55ca5cd in Launcher{bf69b35}} of 3
09-27 11:35:28.797 28697 28697 V LoaderManager: destroyLoader in LoaderManager{55ca5cd in Launcher{bf69b35}} of 4
09-27 11:35:28.797 28697 28697 V LoaderManager: destroyLoader in LoaderManager{55ca5cd in Launcher{bf69b35}} of 5
09-27 11:35:28.797 28697 28697 V LoaderManager: destroyLoader in LoaderManager{55ca5cd in Launcher{bf69b35}} of 6
09-27 11:35:28.797 28697 28697 V LoaderManager: destroyLoader in LoaderManager{55ca5cd in Launcher{bf69b35}} of 7
09-27 11:35:28.797 28697 28697 V LoaderManager: destroyLoader in LoaderManager{55ca5cd in Launcher{bf69b35}} of 8
09-27 11:35:28.797 28697 28697 V LoaderManager: destroyLoader in LoaderManager{55ca5cd in Launcher{bf69b35}} of 9
09-27 11:35:28.797  1078  1158 V NetworkPolicy: updateRuleForRestrictBackgroundLocked(10039): isForeground=false, isBlacklisted=false, isWhitelisted=true, oldRule=1 (ALLOW_METERED), newRule=1 (ALLOW_METERED), newUidRules=1 (ALLOW_METERED), oldUidRules=1 (ALLOW_METERED)
09-27 11:35:28.798  1078  1158 V NetworkPolicy: updateRulesForNonMeteredNetworksLocked(10039), isIdle: false, mRestrictPower: false, mDeviceIdleMode: false, isForeground=false, isWhitelisted=false, oldRule=0 (NONE), newRule=0 (NONE), newUidRules=1 (ALLOW_METERED), oldUidRules=1 (ALLOW_METERED)
09-27 11:35:28.798 14065 14097 I Finsky  : [9536] fyc.run(34): Component class com.google.android.finsky.wearsupport.WearChangeListenerService disabled via PackageManager.
09-27 11:35:28.799  1576  1652 I SLService1: ActivityController mIsAndroidN_VivoMultiWindow = true, mIsMultiWindowOn = false
09-27 11:35:28.799  1576  1652 I SLService1: [Monitor]1--------[] t [com.example.dogglers] f []
09-27 11:35:28.799  1576  1652 I SLService1: HAHA1 >>>> true <<<<
09-27 11:35:28.799 28697 28697 D BlurRenderView: test gpu blur GpuTextureRenderView onPause mIsResumeState: false, mHandle: 516125494064
09-27 11:35:28.799 28697 28697 D GpuRenderEngine: test gpu blur jni nativePause handle: 516125494064, pCRenderManager: 0x782b7a0b30
09-27 11:35:28.799 28697 28697 D GpuRenderEngine: test gpu blur CBlur pause <--
09-27 11:35:28.799 28697 28697 D GpuRenderEngine: test gpu blur CBlur resetStates <--
09-27 11:35:28.800  1576  3491 D SLService: optionsFromCallbacks = null
09-27 11:35:28.800 28697 28697 D yuan    : onVisibilityChanged----android.widget.ListView{a3a98fe V.ED..C.. ......I. 0,0-0,0}
09-27 11:35:28.800 28697 28697 D yuan    : onVisibilityChanged----com.bbk.launcher2.search.AnimPinnedHeaderListView{ce800f VFED.VC.. ......I. 0,0-0,0 #7f0c0085 app:id/listview}
09-27 11:35:28.800 28697 28697 V PhoneWindow: DecorView setVisiblity: visibility = 4, Parent = ViewRoot{9d7d295 com.bbk.launcher2/com.bbk.launcher2.Launcher,ident = 0}, this = DecorView@ddf085[Launcher]
09-27 11:35:28.803   315   315 I DisplayDevice: [Built-in Screen (type:0)] fps:31.611238,dur:1012.30,max:379.35,min:13.89
09-27 11:35:28.805   315   315 I SurfaceFlinger: FPS: 31
09-27 11:35:28.817 14564 14564 D LifecycleMonitor: Lifecycle status change: com.example.dogglers.MainActivity@9a1e182 in: PAUSED
09-27 11:35:28.818 14564 14564 V ActivityScenario: Update currentActivityStage to PAUSED, currentActivity=com.example.dogglers.MainActivity@9a1e182
09-27 11:35:28.818  1078  1182 D Surface : Surface::disconnect(this=0x7814e67000,api=2)
09-27 11:35:28.818   315   380 I BufferQueueProducer: [Starting com.example.dogglers](this:0x764425d000,id:3270,api:2,p:-1,c:315) disconnect(P): api 2
09-27 11:35:28.819   315   380 I BufferQueueConsumer: [Starting com.example.dogglers](this:0x764425d000,id:3270,api:2,p:-1,c:315) getReleasedBuffers: returning mask 0xffffffffffffffff
09-27 11:35:28.819  1078  1182 D GraphicBuffer: unregister, handle(0x78047ae140) (w:720 h:1280 s:720 f:0x1 u:0x000933)
09-27 11:35:28.820 14065 14138 I Finsky  : [9570] aeyo.c(2): registerListener
09-27 11:35:28.820 14065 14138 I Finsky  : [9570] jgb.g(1): getDownloads()
09-27 11:35:28.823 14065 14065 I Finsky  : [1] taw.run(16): Detected restoreservicev2://recovery not needed, will not run
09-27 11:35:28.828  1078  4470 D PerfServiceWrapper: [PerfServiceWrapper] appBoostEnable
09-27 11:35:28.828  1078  4470 D PerfService: [PerfService] appBoostEnable: com.example.dogglers
09-27 11:35:28.828  1078  4470 D PerfServiceManager: [PerfService] appBoostEnable com.example.dogglers
09-27 11:35:28.833   315   315 I BufferQueueConsumer: [Starting com.example.dogglers](this:0x764425d000,id:3270,api:2,p:-1,c:-1) disconnect(C)
09-27 11:35:28.833   315   315 I BufferQueueConsumer: [com.bbk.launcher2/com.bbk.launcher2.Launcher](this:0x7644236800,id:3269,api:1,p:-1,c:-1) disconnect(C)
09-27 11:35:28.833   315   315 I BufferQueue: [Starting com.example.dogglers](this:0x764425d000,id:3270,api:2,p:-1,c:-1) ~BufferQueueCore
09-27 11:35:28.834   315   315 D GraphicBuffer: free, handle(0x7644282f00) (w:720 h:1280 s:720 f:0x1 u:0x000b00)
09-27 11:35:28.834   315   315 D GraphicBuffer: free, handle(0x76443165c0) (w:720 h:1280 s:720 f:0x1 u:0x000933)
09-27 11:35:28.843   315  2474 I BufferQueue: [com.bbk.launcher2/com.bbk.launcher2.Launcher](this:0x7644236800,id:3269,api:1,p:-1,c:-1) ~BufferQueueCore
09-27 11:35:28.845  1078  1158 D VivoAppMonitor: onForegroundActivitiesChanged: pid=28697, uid=10039, foregroundActivities=false
09-27 11:35:28.846  1078  1158 D touchscreenjni: chenpeng JNI called
09-27 11:35:28.846  1078  1158 E touchscreen: Open /sys/touchscreen/app_name failed
09-27 11:35:28.846 14912 14930 I _V_SecureService2: onForegroundActivitiesChanged() pid = 28697, uid = 10039, foregroundActivities = false
09-27 11:35:28.847  4414  4644 I _V_UsageAppManager: dealAppInfoList.getPid()=28697,dealAppInfoList.getUid()=10039,dealAppInfoList.getPkgName()=com.bbk.launcher2
09-27 11:35:28.847  4414  4644 I _V_UsageAppManager: dealAppInfoList_mForgroundInfo_pid=14564,mForgroundInfo_pkgName=com.example.dogglers,mForgroundInfo_uid=10471,mBackgroundInfo_pid=28697,mBackgroundInfo_pkgName=com.bbk.launcher2,mBackgroundInfo_uid=10039
09-27 11:35:28.848  1576  1590 I SLService2: HAHA2 pid = 28697, uid = 10039, f = false
09-27 11:35:28.849  4414  4644 I _V_UsageAppManager: getversionCode=322
09-27 11:35:28.849  4414  4644 I _V_UsageAppManager: getVersionName_name=3.2
09-27 11:35:28.853  4585  4889 I FloatWindowManagerService:  pid = 28697, uid = 10039, fore = false ; now is : com.bbk.launcher2
09-27 11:35:28.853 14564 14564 D LifecycleMonitor: Lifecycle status change: androidx.test.core.app.InstrumentationActivityInvoker$EmptyActivity@4d999b9 in: PRE_ON_CREATE
09-27 11:35:28.854 14065 14138 I Finsky  : [9570] rp.run(15): Initialized AssetModuleDownloader.
09-27 11:35:28.854 14564 14564 V ActivityScenario: Activity lifecycle changed event received but ignored because the intent does not match. startActivityIntent=Intent { act=android.intent.action.MAIN cat=[android.intent.category.LAUNCHER] cmp=com.example.dogglers/.MainActivity }, activity.getIntent()=Intent { act=android.intent.action.MAIN cat=[android.intent.category.LAUNCHER] flg=0x10000000 cmp=com.example.dogglers/androidx.test.core.app.InstrumentationActivityInvoker$EmptyActivity }, activity=androidx.test.core.app.InstrumentationActivityInvoker$EmptyActivity@4d999b9
09-27 11:35:28.854  1576  3486 I ProxCoverNoticeService: isHomeLauncher = false
09-27 11:35:28.855 14177 14177 I Finsky:background: [1] muh.onCreate(2): IPC-SERVER: Starting gRPC host service...
09-27 11:35:28.856  1576  3486 I ProxCoverNoticeService: top activity name = com.example.dogglers
09-27 11:35:28.856  1576  3486 E ProxCoverNoticeService: monitor view is null, no need to update minimum
09-27 11:35:28.856  1576  3486 I ProxCoverNoticeService: onForegroundActivitiesChanged, pid = 28697, uid = 10039, pkg = com.bbk.launcher2, foregroundActivities = false
09-27 11:35:28.859  1576  3486 I ProxCoverNoticeService: isKeyguardLocked = false, isDeviceLocked = false, isKeyguardSecure = true, isDeviceSecure = true, inKeyguardRestrictedInputMode = false
09-27 11:35:28.861 14177 14248 I Finsky:background: [9534] jdl.f(1): getDownloads()
09-27 11:35:28.865 14564 14564 D PhoneWindow: DEBUG_SYSTEMUI:origin statusbar style
09-27 11:35:28.865 14564 14564 D PhoneWindow: DEBUG_SYSTEMUI:IconColor=1
09-27 11:35:28.865 14564 14564 D PhoneWindow: DEBUG_SYSTEMUI:StatusBarColor final set ff000000
09-27 11:35:28.869 14564 14564 D LifecycleMonitor: Lifecycle status change: androidx.test.core.app.InstrumentationActivityInvoker$EmptyActivity@4d999b9 in: CREATED
09-27 11:35:28.869 14564 14564 V ActivityScenario: Activity lifecycle changed event received but ignored because the intent does not match. startActivityIntent=Intent { act=android.intent.action.MAIN cat=[android.intent.category.LAUNCHER] cmp=com.example.dogglers/.MainActivity }, activity.getIntent()=Intent { act=android.intent.action.MAIN cat=[android.intent.category.LAUNCHER] flg=0x10000000 cmp=com.example.dogglers/androidx.test.core.app.InstrumentationActivityInvoker$EmptyActivity }, activity=androidx.test.core.app.InstrumentationActivityInvoker$EmptyActivity@4d999b9
09-27 11:35:28.870 14564 14564 D LifecycleMonitor: Lifecycle status change: androidx.test.core.app.InstrumentationActivityInvoker$EmptyActivity@4d999b9 in: STARTED
09-27 11:35:28.870 14564 14564 V ActivityScenario: Activity lifecycle changed event received but ignored because the intent does not match. startActivityIntent=Intent { act=android.intent.action.MAIN cat=[android.intent.category.LAUNCHER] cmp=com.example.dogglers/.MainActivity }, activity.getIntent()=Intent { act=android.intent.action.MAIN cat=[android.intent.category.LAUNCHER] flg=0x10000000 cmp=com.example.dogglers/androidx.test.core.app.InstrumentationActivityInvoker$EmptyActivity }, activity=androidx.test.core.app.InstrumentationActivityInvoker$EmptyActivity@4d999b9
09-27 11:35:28.876 14564 14564 D LifecycleMonitor: Lifecycle status change: androidx.test.core.app.InstrumentationActivityInvoker$EmptyActivity@4d999b9 in: RESUMED
09-27 11:35:28.876 14564 14564 V ActivityScenario: Activity lifecycle changed event received but ignored because the intent does not match. startActivityIntent=Intent { act=android.intent.action.MAIN cat=[android.intent.category.LAUNCHER] cmp=com.example.dogglers/.MainActivity }, activity.getIntent()=Intent { act=android.intent.action.MAIN cat=[android.intent.category.LAUNCHER] flg=0x10000000 cmp=com.example.dogglers/androidx.test.core.app.InstrumentationActivityInvoker$EmptyActivity }, activity=androidx.test.core.app.InstrumentationActivityInvoker$EmptyActivity@4d999b9
09-27 11:35:28.877 14564 14564 V PhoneWindow: DecorView setVisiblity: visibility = 4, Parent = null, this = DecorView@116b3ac[]
09-27 11:35:28.878 14564 14564 D WindowClient: Add to mViews: DecorView@116b3ac[InstrumentationActivityInvoker$EmptyActivity], this = android.view.WindowManagerGlobal@b39bad9
09-27 11:35:28.880 14564 14597 D OpenGLRenderer: CanvasContext() 0x782e4d5800
09-27 11:35:28.880 14564 14564 D ViewRootImpl[InstrumentationActivityInvoker$EmptyActivity]: hardware acceleration is enabled, this = ViewRoot{41352d6 com.example.dogglers/androidx.test.core.app.InstrumentationActivityInvoker$EmptyActivity,ident = 1}
09-27 11:35:28.884 14564 14564 V PhoneWindow: DecorView setVisiblity: visibility = 0, Parent = ViewRoot{41352d6 com.example.dogglers/androidx.test.core.app.InstrumentationActivityInvoker$EmptyActivity,ident = 1}, this = DecorView@116b3ac[InstrumentationActivityInvoker$EmptyActivity]
09-27 11:35:28.889   315   315 I BufferQueue: [unnamed-315-3272](this:0x764425d000,id:3272,api:0,p:-1,c:-1) BufferQueue core=(315:/system/bin/surfaceflinger)
09-27 11:35:28.889   315   315 I BufferQueueConsumer: [unnamed-315-3272](this:0x764425d000,id:3272,api:0,p:-1,c:315) connect(C): consumer=(315:/system/bin/surfaceflinger) controlledByApp=false
09-27 11:35:28.889   315   315 I BufferQueueConsumer: [unnamed-315-2625](this:0x764425d000,id:3272,api:0,p:-1,c:315) setConsumerName: unnamed-315-2625
09-27 11:35:28.889   315   315 I BufferQueueConsumer: [com.example.dogglers/androidx.test.core.app.InstrumentationActivityInvoker$EmptyActivity](this:0x764425d000,id:3272,api:0,p:-1,c:315) setConsumerName: com.example.dogglers/androidx.test.core.app.InstrumentationActivityInvoker$EmptyActivity
09-27 11:35:28.889   315   315 I BufferQueueProducer: [](this:0x764425d000,id:3272,api:0,p:-1,c:315) setMaxDequeuedBufferCount: maxDequeuedBuffers = 2
09-27 11:35:28.889   315   315 I BufferQueueConsumer: [com.example.dogglers/androidx.test.core.app.InstrumentationActivityInvoker$EmptyActivity](this:0x764425d000,id:3272,api:0,p:-1,c:315) setDefaultBufferSize: width=1 height=1
09-27 11:35:28.892  1443  1443 D PhoneStatusBar: setSystemUiVisibility vis=408 mask=ffffffff oldVal=608 newVal=408 diff=200
09-27 11:35:28.899   315   315 I BufferQueueConsumer: [com.example.dogglers/androidx.test.core.app.InstrumentationActivityInvoker$EmptyActivity](this:0x764425d000,id:3272,api:0,p:-1,c:315) setDefaultBufferSize: width=720 height=1280
09-27 11:35:28.904 14564 14564 D Surface : Surface::allocateBuffers(this=0x7812cbf600)
09-27 11:35:28.904 14564 14597 D OpenGLRenderer: CanvasContext() 0x782e4d5800 initialize window=0x7812cbf600, title=com.example.dogglers/androidx.test.core.app.InstrumentationActivityInvoker$EmptyActivity
09-27 11:35:28.904 14564 14597 D Surface : Surface::connect(this=0x7812cbf600,api=1)
09-27 11:35:28.905   315   380 I BufferQueueProducer: [com.example.dogglers/androidx.test.core.app.InstrumentationActivityInvoker$EmptyActivity](this:0x764425d000,id:3272,api:1,p:14564,c:315) connect(P): api=1 producer=(14564:com.example.dogglers) producerControlledByApp=true
09-27 11:35:28.905 14564 14597 W libEGL  : [ANDROID_RECORDABLE] format: 1
09-27 11:35:28.906   315   998 D GraphicBuffer: alloc, handle(0x764c2243c0) (w:720 h:1280 s:720 f:0x1 u:0x000900) err(0)
09-27 11:35:28.907   315   998 D GraphicBuffer: alloc, handle(0x764435e9c0) (w:720 h:1280 s:720 f:0x1 u:0x000900) err(0)
09-27 11:35:28.909   315   998 D GraphicBuffer: alloc, handle(0x7644317100) (w:720 h:1280 s:720 f:0x1 u:0x000900) err(0)
09-27 11:35:28.910 14564 14597 D mali_winsys: EGLint new_window_surface(egl_winsys_display*, void*, EGLSurface, EGLConfig, egl_winsys_surface**, egl_color_buffer_format*, EGLBoolean) returns 0x3000
09-27 11:35:28.912  1576  3491 I SLService3: HAHA3 : com.example.dogglers
09-27 11:35:28.915 14564 14564 V InputMethodManager: onWindowFocus: null softInputMode=288 first=true flags=#1810100
09-27 11:35:28.918  1343  1343 I GoogleInputMethodServic: GoogleInputMethodService.onFinishInput():3274
09-27 11:35:28.920  1343  1343 I GoogleInputMethodServic: GoogleInputMethodService.updateDeviceLockedStatus():2166 repeatCheckTimes = 0, unlocked = true
09-27 11:35:28.920  1343  1343 I GoogleInputMethodServic: GoogleInputMethodService.onStartInput():1957 onStartInput(EditorInfo{inputType=0x0(NULL) imeOptions=0x0 privateImeOptions=null actionName=UNSPECIFIED actionLabel=null actionId=0 initialSelStart=-1 initialSelEnd=-1 initialCapsMode=0x0 hintText=null label=null packageName=com.example.dogglers fieldId=-1 fieldName=null extras=null}, false)
09-27 11:35:28.920  1343  1343 I GoogleInputMethodServic: GoogleInputMethodService.shouldHideHeaderOnInitialState():4078 ShouldHideHeaderOnInitialState = false
09-27 11:35:28.921  1343  1343 I GoogleInputMethodServic: GoogleInputMethodService.updateDeviceLockedStatus():2166 repeatCheckTimes = 2, unlocked = true
09-27 11:35:28.925 14564 14597 D OpenGLRenderer: CacheTexture 3 upload: x, y, width height = 0, 0, 79, 241
09-27 11:35:28.925 14564 14597 D OpenGLRenderer: ProgramCache.generateProgram: 1099511627784
09-27 11:35:28.925  1576  1590 I SLService1: ActivityController mIsAndroidN_VivoMultiWindow = true, mIsMultiWindowOn = false
09-27 11:35:28.925  1576  1590 I SLService1: [Monitor]1--------[] t [com.example.dogglers] f []
09-27 11:35:28.925  1576  1590 I SLService1: HAHA1 >>>> true <<<<
09-27 11:35:28.926  1576  1652 D SLService: optionsFromCallbacks = null
09-27 11:35:28.928   315  2474 I BufferQueueProducer: [com.example.dogglers/androidx.test.core.app.InstrumentationActivityInvoker$EmptyActivity](this:0x764425d000,id:3272,api:1,p:14564,c:315) new GraphicBuffer needed
09-27 11:35:28.928   315  2474 D GraphicBuffer: free, handle(0x7644317100) (w:720 h:1280 s:720 f:0x1 u:0x000900)
09-27 11:35:28.929   315  2474 D GraphicBuffer: alloc, handle(0x7644317100) (w:720 h:1280 s:720 f:0x1 u:0x000b00) err(0)
09-27 11:35:28.930 14564 14597 D GraphicBuffer: register, handle(0x780e6a36c0) (w:720 h:1280 s:720 f:0x1 u:0x000b00)
09-27 11:35:28.933 14564 14597 D OpenGLRenderer: ProgramCache.generateProgram: 1
09-27 11:35:28.938   315   380 I BufferQueueProducer: [com.example.dogglers/androidx.test.core.app.InstrumentationActivityInvoker$EmptyActivity](this:0x764425d000,id:3272,api:1,p:14564,c:315) new GraphicBuffer needed
09-27 11:35:28.938   315   380 D GraphicBuffer: free, handle(0x764435e9c0) (w:720 h:1280 s:720 f:0x1 u:0x000900)
09-27 11:35:28.940   315   380 D GraphicBuffer: alloc, handle(0x764435e9c0) (w:720 h:1280 s:720 f:0x1 u:0x000b00) err(0)
09-27 11:35:28.941 14564 14597 D GraphicBuffer: register, handle(0x780e6a5100) (w:720 h:1280 s:720 f:0x1 u:0x000b00)
09-27 11:35:28.948  1576  2492 I SLService3: HAHA3 : com.example.dogglers
09-27 11:35:28.949   315   315 D MALI    : eglCreateImageKHR:513: [Crop] 0 0 0 0  img[720 1280]
09-27 11:35:28.952 14564 14564 D LifecycleMonitor: Lifecycle status change: androidx.test.core.app.InstrumentationActivityInvoker$EmptyActivity@4d999b9 in: PAUSED
09-27 11:35:28.952 14564 14564 V ActivityScenario: Activity lifecycle changed event received but ignored because the intent does not match. startActivityIntent=Intent { act=android.intent.action.MAIN cat=[android.intent.category.LAUNCHER] cmp=com.example.dogglers/.MainActivity }, activity.getIntent()=Intent { act=android.intent.action.MAIN cat=[android.intent.category.LAUNCHER] flg=0x10000000 cmp=com.example.dogglers/androidx.test.core.app.InstrumentationActivityInvoker$EmptyActivity }, activity=androidx.test.core.app.InstrumentationActivityInvoker$EmptyActivity@4d999b9
09-27 11:35:28.953  2069  2069 I WhiteListHelper: UpSlide|isPkgHidedInVisitorMode >>> pkg = com.facebook.orca, mHideIconList = null
09-27 11:35:28.954  2069  2069 I WhiteListHelper: UpSlide|isPkgHidedInVisitorMode >>> pkg = com.example.dogglers, mHideIconList = null
09-27 11:35:28.956  1078  1134 D PerfServiceWrapper: [PerfServiceWrapper] appBoostEnable
09-27 11:35:28.956  1078  1134 D PerfService: [PerfService] appBoostEnable: com.example.dogglers
09-27 11:35:28.956  1078  1134 D PerfServiceManager: [PerfService] appBoostEnable com.example.dogglers
09-27 11:35:28.977 14564 14564 D LifecycleMonitor: Lifecycle status change: androidx.test.core.app.InstrumentationActivityInvoker$BootstrapActivity@b3b6d21 in: DESTROYED
09-27 11:35:28.977 14564 14564 V ActivityScenario: Activity lifecycle changed event received but ignored because the intent does not match. startActivityIntent=Intent { act=android.intent.action.MAIN cat=[android.intent.category.LAUNCHER] cmp=com.example.dogglers/.MainActivity }, activity.getIntent()=Intent { act=android.intent.action.MAIN cat=[android.intent.category.LAUNCHER] flg=0x10008000 cmp=com.example.dogglers/androidx.test.core.app.InstrumentationActivityInvoker$BootstrapActivity (has extras) }, activity=androidx.test.core.app.InstrumentationActivityInvoker$BootstrapActivity@b3b6d21
09-27 11:35:28.984 14564 14564 D LifecycleMonitor: Lifecycle status change: androidx.test.core.app.InstrumentationActivityInvoker$EmptyActivity@f376329 in: PRE_ON_CREATE
09-27 11:35:28.985 14564 14564 V ActivityScenario: Activity lifecycle changed event received but ignored because the intent does not match. startActivityIntent=Intent { act=android.intent.action.MAIN cat=[android.intent.category.LAUNCHER] cmp=com.example.dogglers/.MainActivity }, activity.getIntent()=Intent { act=android.intent.action.MAIN cat=[android.intent.category.LAUNCHER] flg=0x10000000 cmp=com.example.dogglers/androidx.test.core.app.InstrumentationActivityInvoker$EmptyActivity }, activity=androidx.test.core.app.InstrumentationActivityInvoker$EmptyActivity@f376329
09-27 11:35:28.990 14564 14564 D PhoneWindow: DEBUG_SYSTEMUI:origin statusbar style
09-27 11:35:28.990 14564 14564 D PhoneWindow: DEBUG_SYSTEMUI:IconColor=1
09-27 11:35:28.990 14564 14564 D PhoneWindow: DEBUG_SYSTEMUI:StatusBarColor final set ff000000
09-27 11:35:28.993 14564 14564 D LifecycleMonitor: Lifecycle status change: androidx.test.core.app.InstrumentationActivityInvoker$EmptyActivity@f376329 in: CREATED
09-27 11:35:28.994 14564 14564 V ActivityScenario: Activity lifecycle changed event received but ignored because the intent does not match. startActivityIntent=Intent { act=android.intent.action.MAIN cat=[android.intent.category.LAUNCHER] cmp=com.example.dogglers/.MainActivity }, activity.getIntent()=Intent { act=android.intent.action.MAIN cat=[android.intent.category.LAUNCHER] flg=0x10000000 cmp=com.example.dogglers/androidx.test.core.app.InstrumentationActivityInvoker$EmptyActivity }, activity=androidx.test.core.app.InstrumentationActivityInvoker$EmptyActivity@f376329
09-27 11:35:28.994 14564 14564 D LifecycleMonitor: Lifecycle status change: androidx.test.core.app.InstrumentationActivityInvoker$EmptyActivity@f376329 in: STARTED
09-27 11:35:28.995 14564 14564 V ActivityScenario: Activity lifecycle changed event received but ignored because the intent does not match. startActivityIntent=Intent { act=android.intent.action.MAIN cat=[android.intent.category.LAUNCHER] cmp=com.example.dogglers/.MainActivity }, activity.getIntent()=Intent { act=android.intent.action.MAIN cat=[android.intent.category.LAUNCHER] flg=0x10000000 cmp=com.example.dogglers/androidx.test.core.app.InstrumentationActivityInvoker$EmptyActivity }, activity=androidx.test.core.app.InstrumentationActivityInvoker$EmptyActivity@f376329
09-27 11:35:29.001 14564 14564 D LifecycleMonitor: Lifecycle status change: androidx.test.core.app.InstrumentationActivityInvoker$EmptyActivity@f376329 in: RESUMED
09-27 11:35:29.001 14564 14564 V ActivityScenario: Activity lifecycle changed event received but ignored because the intent does not match. startActivityIntent=Intent { act=android.intent.action.MAIN cat=[android.intent.category.LAUNCHER] cmp=com.example.dogglers/.MainActivity }, activity.getIntent()=Intent { act=android.intent.action.MAIN cat=[android.intent.category.LAUNCHER] flg=0x10000000 cmp=com.example.dogglers/androidx.test.core.app.InstrumentationActivityInvoker$EmptyActivity }, activity=androidx.test.core.app.InstrumentationActivityInvoker$EmptyActivity@f376329
09-27 11:35:29.002 14564 14564 V PhoneWindow: DecorView setVisiblity: visibility = 4, Parent = null, this = DecorView@1045fdc[]
09-27 11:35:29.003 14564 14564 D WindowClient: Add to mViews: DecorView@1045fdc[InstrumentationActivityInvoker$EmptyActivity], this = android.view.WindowManagerGlobal@b39bad9
09-27 11:35:29.005 14564 14597 D OpenGLRenderer: CanvasContext() 0x782e4d9000
09-27 11:35:29.005 14564 14564 D ViewRootImpl[InstrumentationActivityInvoker$EmptyActivity]: hardware acceleration is enabled, this = ViewRoot{1041d86 com.example.dogglers/androidx.test.core.app.InstrumentationActivityInvoker$EmptyActivity,ident = 2}
09-27 11:35:29.009 14564 14564 V PhoneWindow: DecorView setVisiblity: visibility = 0, Parent = ViewRoot{1041d86 com.example.dogglers/androidx.test.core.app.InstrumentationActivityInvoker$EmptyActivity,ident = 2}, this = DecorView@1045fdc[InstrumentationActivityInvoker$EmptyActivity]
09-27 11:35:29.017   315   315 I BufferQueue: [unnamed-315-3273](this:0x76491d8000,id:3273,api:0,p:-1,c:-1) BufferQueue core=(315:/system/bin/surfaceflinger)
09-27 11:35:29.018   315   315 I BufferQueueConsumer: [unnamed-315-3273](this:0x76491d8000,id:3273,api:0,p:-1,c:315) connect(C): consumer=(315:/system/bin/surfaceflinger) controlledByApp=false
09-27 11:35:29.018   315   315 I BufferQueueConsumer: [unnamed-315-2626](this:0x76491d8000,id:3273,api:0,p:-1,c:315) setConsumerName: unnamed-315-2626
09-27 11:35:29.018   315   315 I BufferQueueConsumer: [com.example.dogglers/androidx.test.core.app.InstrumentationActivityInvoker$EmptyActivity](this:0x76491d8000,id:3273,api:0,p:-1,c:315) setConsumerName: com.example.dogglers/androidx.test.core.app.InstrumentationActivityInvoker$EmptyActivity
09-27 11:35:29.018   315   315 I BufferQueueProducer: [](this:0x76491d8000,id:3273,api:0,p:-1,c:315) setMaxDequeuedBufferCount: maxDequeuedBuffers = 2
09-27 11:35:29.018   315   315 I BufferQueueConsumer: [com.example.dogglers/androidx.test.core.app.InstrumentationActivityInvoker$EmptyActivity](this:0x76491d8000,id:3273,api:0,p:-1,c:315) setDefaultBufferSize: width=1 height=1
09-27 11:35:29.031   315   315 I BufferQueueConsumer: [com.example.dogglers/androidx.test.core.app.InstrumentationActivityInvoker$EmptyActivity](this:0x76491d8000,id:3273,api:0,p:-1,c:315) setDefaultBufferSize: width=720 height=1280
09-27 11:35:29.038 14564 14597 D OpenGLRenderer: CanvasContext() 0x782e4d9000 initialize window=0x7812cc0400, title=com.example.dogglers/androidx.test.core.app.InstrumentationActivityInvoker$EmptyActivity
09-27 11:35:29.038 14564 14564 D Surface : Surface::allocateBuffers(this=0x7812cc0400)
09-27 11:35:29.038 14564 14597 D Surface : Surface::connect(this=0x7812cc0400,api=1)
09-27 11:35:29.038   315   335 I BufferQueueProducer: [com.example.dogglers/androidx.test.core.app.InstrumentationActivityInvoker$EmptyActivity](this:0x76491d8000,id:3273,api:1,p:14564,c:315) connect(P): api=1 producer=(14564:com.example.dogglers) producerControlledByApp=true
09-27 11:35:29.038 14564 14597 W libEGL  : [ANDROID_RECORDABLE] format: 1
09-27 11:35:29.040   315  2474 D GraphicBuffer: alloc, handle(0x76443177c0) (w:720 h:1280 s:720 f:0x1 u:0x000900) err(0)
09-27 11:35:29.041   315  2474 D GraphicBuffer: alloc, handle(0x7646a5ac00) (w:720 h:1280 s:720 f:0x1 u:0x000900) err(0)
09-27 11:35:29.042   315  2474 D GraphicBuffer: alloc, handle(0x764c224d80) (w:720 h:1280 s:720 f:0x1 u:0x000900) err(0)
09-27 11:35:29.043 14065 14087 D SQLiteDatabase: endTransaction()
09-27 11:35:29.044 14564 14597 D mali_winsys: EGLint new_window_surface(egl_winsys_display*, void*, EGLSurface, EGLConfig, egl_winsys_surface**, egl_color_buffer_format*, EGLBoolean) returns 0x3000
09-27 11:35:29.046  1576  3486 I SLService3: HAHA3 : com.example.dogglers
09-27 11:35:29.047 14065 14087 D SQLiteDatabase: beginTransaction()
09-27 11:35:29.047 14564 14564 V InputMethodManager: onWindowFocus: null softInputMode=288 first=true flags=#1810100
09-27 11:35:29.050  1343  1343 I GoogleInputMethodServic: GoogleInputMethodService.onFinishInput():3274
09-27 11:35:29.051  1343  1343 I GoogleInputMethodServic: GoogleInputMethodService.updateDeviceLockedStatus():2166 repeatCheckTimes = 0, unlocked = true
09-27 11:35:29.051  1343  1343 I GoogleInputMethodServic: GoogleInputMethodService.onStartInput():1957 onStartInput(EditorInfo{inputType=0x0(NULL) imeOptions=0x0 privateImeOptions=null actionName=UNSPECIFIED actionLabel=null actionId=0 initialSelStart=-1 initialSelEnd=-1 initialCapsMode=0x0 hintText=null label=null packageName=com.example.dogglers fieldId=-1 fieldName=null extras=null}, false)
09-27 11:35:29.052  1343  1343 I GoogleInputMethodServic: GoogleInputMethodService.shouldHideHeaderOnInitialState():4078 ShouldHideHeaderOnInitialState = false
09-27 11:35:29.052  1343  1343 I GoogleInputMethodServic: GoogleInputMethodService.updateDeviceLockedStatus():2166 repeatCheckTimes = 2, unlocked = true
09-27 11:35:29.054   315  2474 I BufferQueueProducer: [com.example.dogglers/androidx.test.core.app.InstrumentationActivityInvoker$EmptyActivity](this:0x76491d8000,id:3273,api:1,p:14564,c:315) new GraphicBuffer needed
09-27 11:35:29.054   315  2474 D GraphicBuffer: free, handle(0x764c224d80) (w:720 h:1280 s:720 f:0x1 u:0x000900)
09-27 11:35:29.057   315  2474 D GraphicBuffer: alloc, handle(0x764c224d80) (w:720 h:1280 s:720 f:0x1 u:0x000b00) err(0)
09-27 11:35:29.058 14564 14597 D GraphicBuffer: register, handle(0x780e6a5a00) (w:720 h:1280 s:720 f:0x1 u:0x000b00)
09-27 11:35:29.062   315   333 I BufferQueueProducer: [com.example.dogglers/androidx.test.core.app.InstrumentationActivityInvoker$EmptyActivity](this:0x76491d8000,id:3273,api:1,p:14564,c:315) new GraphicBuffer needed
09-27 11:35:29.062   315   333 D GraphicBuffer: free, handle(0x7646a5ac00) (w:720 h:1280 s:720 f:0x1 u:0x000900)
09-27 11:35:29.064   315   333 D GraphicBuffer: alloc, handle(0x7646a5ac00) (w:720 h:1280 s:720 f:0x1 u:0x000b00) err(0)
09-27 11:35:29.065   315   315 D MALI    : eglCreateImageKHR:513: [Crop] 0 0 0 0  img[720 1280]
09-27 11:35:29.065 14564 14597 D GraphicBuffer: register, handle(0x780e72efc0) (w:720 h:1280 s:720 f:0x1 u:0x000b00)
09-27 11:35:29.067  1576  1588 I SLService3: HAHA3 : com.example.dogglers
09-27 11:35:29.077  1576  3491 I SLService3: HAHA3 : com.facebook.orca
09-27 11:35:29.087  2069  2085 I UpSlideHelper: UpSlide|toggleUpSlideViewInCamera isInCamera = false
09-27 11:35:29.087 14564 14564 D LifecycleMonitor: Lifecycle status change: androidx.test.core.app.InstrumentationActivityInvoker$EmptyActivity@4d999b9 in: STOPPED
09-27 11:35:29.088 14564 14564 V ActivityScenario: Activity lifecycle changed event received but ignored because the intent does not match. startActivityIntent=Intent { act=android.intent.action.MAIN cat=[android.intent.category.LAUNCHER] cmp=com.example.dogglers/.MainActivity }, activity.getIntent()=Intent { act=android.intent.action.MAIN cat=[android.intent.category.LAUNCHER] flg=0x10000000 cmp=com.example.dogglers/androidx.test.core.app.InstrumentationActivityInvoker$EmptyActivity }, activity=androidx.test.core.app.InstrumentationActivityInvoker$EmptyActivity@4d999b9
09-27 11:35:29.088  2069  2069 I WhiteListHelper: UpSlide|isPkgHidedInVisitorMode >>> pkg = com.facebook.orca, mHideIconList = null
09-27 11:35:29.090 14564 14564 D LifecycleMonitor: Lifecycle status change: androidx.test.core.app.InstrumentationActivityInvoker$EmptyActivity@4d999b9 in: DESTROYED
09-27 11:35:29.090 14564 14564 V ActivityScenario: Activity lifecycle changed event received but ignored because the intent does not match. startActivityIntent=Intent { act=android.intent.action.MAIN cat=[android.intent.category.LAUNCHER] cmp=com.example.dogglers/.MainActivity }, activity.getIntent()=Intent { act=android.intent.action.MAIN cat=[android.intent.category.LAUNCHER] flg=0x10000000 cmp=com.example.dogglers/androidx.test.core.app.InstrumentationActivityInvoker$EmptyActivity }, activity=androidx.test.core.app.InstrumentationActivityInvoker$EmptyActivity@4d999b9
09-27 11:35:29.090  2069  2069 I WhiteListHelper: UpSlide|isPkgHidedInVisitorMode >>> pkg = com.example.dogglers, mHideIconList = null
09-27 11:35:29.091 14564 14597 D Surface : Surface::disconnect(this=0x7812cbf600,api=1)
09-27 11:35:29.091   315  2474 I BufferQueueProducer: [com.example.dogglers/androidx.test.core.app.InstrumentationActivityInvoker$EmptyActivity](this:0x764425d000,id:3272,api:1,p:-1,c:315) disconnect(P): api 1
09-27 11:35:29.092   315  2474 D GraphicBuffer: free, handle(0x764c2243c0) (w:720 h:1280 s:720 f:0x1 u:0x000900)
09-27 11:35:29.092   315  2474 D GraphicBuffer: free, handle(0x764435e9c0) (w:720 h:1280 s:720 f:0x1 u:0x000b00)
09-27 11:35:29.092   315  2474 I BufferQueueConsumer: [com.example.dogglers/androidx.test.core.app.InstrumentationActivityInvoker$EmptyActivity](this:0x764425d000,id:3272,api:1,p:-1,c:315) getReleasedBuffers: returning mask 0xffffffffffffffff
09-27 11:35:29.093 14564 14597 D GraphicBuffer: unregister, handle(0x780e6a36c0) (w:720 h:1280 s:720 f:0x1 u:0x000b00)
09-27 11:35:29.093 14564 14597 D GraphicBuffer: unregister, handle(0x780e6a5100) (w:720 h:1280 s:720 f:0x1 u:0x000b00)
09-27 11:35:29.094 14564 14597 D Surface : Surface::disconnect(this=0x7812cbf600,api=1)
09-27 11:35:29.094   315   335 I BufferQueueProducer: [com.example.dogglers/androidx.test.core.app.InstrumentationActivityInvoker$EmptyActivity](this:0x764425d000,id:3272,api:1,p:-1,c:315) disconnect(P): api 1
09-27 11:35:29.097   315   315 I BufferQueueConsumer: [com.example.dogglers/androidx.test.core.app.InstrumentationActivityInvoker$EmptyActivity](this:0x764425d000,id:3272,api:1,p:-1,c:-1) disconnect(C)
09-27 11:35:29.097   315   315 D GraphicBuffer: free, handle(0x7644317100) (w:720 h:1280 s:720 f:0x1 u:0x000b00)
09-27 11:35:29.098   315   315 I BufferQueue: [com.example.dogglers/androidx.test.core.app.InstrumentationActivityInvoker$EmptyActivity](this:0x764425d000,id:3272,api:1,p:-1,c:-1) ~BufferQueueCore
09-27 11:35:29.101 14564 14564 D WindowClient: Remove from mViews: DecorView@116b3ac[InstrumentationActivityInvoker$EmptyActivity], this = android.view.WindowManagerGlobal@b39bad9
09-27 11:35:29.102 14564 14564 D LifecycleMonitor: Lifecycle status change: androidx.test.core.app.InstrumentationActivityInvoker$EmptyActivity@f376329 in: PAUSED
09-27 11:35:29.102 14564 14564 V ActivityScenario: Activity lifecycle changed event received but ignored because the intent does not match. startActivityIntent=Intent { act=android.intent.action.MAIN cat=[android.intent.category.LAUNCHER] cmp=com.example.dogglers/.MainActivity }, activity.getIntent()=Intent { act=android.intent.action.MAIN cat=[android.intent.category.LAUNCHER] flg=0x10000000 cmp=com.example.dogglers/androidx.test.core.app.InstrumentationActivityInvoker$EmptyActivity }, activity=androidx.test.core.app.InstrumentationActivityInvoker$EmptyActivity@f376329
09-27 11:35:29.104  1078  1303 I libPerfService: [perfNotifyAppState] foreground:com.bbk.launcher2, pid:28697
09-27 11:35:29.104  1078  1303 I libPerfService: [switchSportsMode] enable:0
09-27 11:35:29.110  1078  1214 D Sensors : activate handle =0, enable = 0
09-27 11:35:29.110  1078  1214 D Sensors : handleToDriver handle(0)
09-27 11:35:29.110  1078  1214 D Sensors : use new sensor index=2, mSensors[index](270dd800)
09-27 11:35:29.110  1078  1214 D Sensors : support batch active
09-27 11:35:29.110  1078  1214 D BATCH   : no batch control attr
09-27 11:35:29.110  1078  1214 D Accel   : ACC enable: handle:0, en:0
09-27 11:35:29.110  1078  1214 D Accel   : path:/sys/class/misc/m_acc_misc/accactive
09-27 11:35:29.110  1078  1214 D Accel   : ACC enable(0) done
09-27 11:35:29.120 28697 28697 D Launcher: onRestart -- mState = WORKSPACE
09-27 11:35:29.120 28697 28697 D Launcher: Launcher onRestart duration: 1
09-27 11:35:29.120 28697 28697 D Launcher: onStart -- mState = WORKSPACE
09-27 11:35:29.120 28697 28697 D Launcher: Launcher onStart duration: 0
09-27 11:35:29.120 14912 15010 I _V_SecureService2: onForegroundActivitiesChanged() pid = 28697, uid = 10039, foregroundActivities = true
09-27 11:35:29.120 14912 14990 I _V_SecureService3: runningNetworkLimitReminder ConnectivityManager not null， uid = 10039
09-27 11:35:29.121  1078  1158 D VivoAppMonitor: onForegroundActivitiesChanged: pid=28697, uid=10039, foregroundActivities=true
09-27 11:35:29.122 14912 14990 I _V_SecureService3: runningNetworkLimitReminder There is no active network info!
09-27 11:35:29.122  4414  4644 I _V_UsageAppManager: dealAppInfoList.getPid()=28697,dealAppInfoList.getUid()=10039,dealAppInfoList.getPkgName()=com.bbk.launcher2
09-27 11:35:29.122  4414  4644 I _V_UsageAppManager: dealAppInfoList_mForgroundInfo_pid=28697,mForgroundInfo_pkgName=com.bbk.launcher2,mForgroundInfo_uid=10039,mBackgroundInfo_pid=14564,mBackgroundInfo_pkgName=com.example.dogglers,mBackgroundInfo_uid=10471
09-27 11:35:29.123 14564 14597 D Surface : Surface::disconnect(this=0x7834c54e00,api=1)
09-27 11:35:29.123  1078  1158 D VivoAppMonitor: mForgroundAppName=com.bbk.launcher2, mLastForgroundAppName = com.example.dogglers
09-27 11:35:29.123   315   998 I BufferQueueProducer: [com.example.dogglers/com.example.dogglers.MainActivity](this:0x76491d6800,id:3271,api:1,p:-1,c:315) disconnect(P): api 1
09-27 11:35:29.123   315   998 I BufferQueueConsumer: [com.example.dogglers/com.example.dogglers.MainActivity](this:0x76491d6800,id:3271,api:1,p:-1,c:315) getReleasedBuffers: returning mask 0xffffffffffffffff
09-27 11:35:29.123  1078  1158 D touchscreenjni: chenpeng JNI called
09-27 11:35:29.123  1078  1158 E touchscreen: Open /sys/touchscreen/app_name failed
09-27 11:35:29.123   315   998 D GraphicBuffer: free, handle(0x7646a5b680) (w:720 h:1280 s:720 f:0x1 u:0x000b00)
09-27 11:35:29.124   315   998 D GraphicBuffer: free, handle(0x76442ae200) (w:720 h:1280 s:720 f:0x1 u:0x000b00)
09-27 11:35:29.124 14564 14597 D GraphicBuffer: unregister, handle(0x78103c2bc0) (w:720 h:1280 s:720 f:0x1 u:0x000b00)
09-27 11:35:29.124  1576  3486 I SLService2: HAHA2 pid = 28697, uid = 10039, f = true
09-27 11:35:29.125  4414  4644 I _V_UsageAppManager: getversionCode=322
09-27 11:35:29.125  4414  4644 I _V_UsageAppManager: getVersionName_name=3.2
09-27 11:35:29.125 14564 14597 D GraphicBuffer: unregister, handle(0x78102c0f00) (w:720 h:1280 s:720 f:0x1 u:0x000b00)
09-27 11:35:29.125  1576  3491 I ProxCoverNoticeService: isHomeLauncher = true
09-27 11:35:29.125 14564 14597 D GraphicBuffer: unregister, handle(0x78103c1f00) (w:720 h:1280 s:720 f:0x1 u:0x000b00)
09-27 11:35:29.126 14564 14597 D Surface : Surface::disconnect(this=0x7834c54e00,api=1)
09-27 11:35:29.126   315  2474 I BufferQueueProducer: [com.example.dogglers/com.example.dogglers.MainActivity](this:0x76491d6800,id:3271,api:1,p:-1,c:315) disconnect(P): api 1
09-27 11:35:29.129  1576  3491 I ProxCoverNoticeService: top activity name = com.bbk.launcher2
09-27 11:35:29.129  1576  3491 E ProxCoverNoticeService: monitor view is null, no need to update fullscreen
09-27 11:35:29.129  1576  3491 I ProxCoverNoticeService: onForegroundActivitiesChanged, pid = 28697, uid = 10039, pkg = com.bbk.launcher2, foregroundActivities = true
09-27 11:35:29.130  4585  4889 I FloatWindowManagerService:  pid = 28697, uid = 10039, fore = true ; now is : com.bbk.launcher2
09-27 11:35:29.130  1509  4651 I _V_ABE  : PowerEngineService enter the forgound
09-27 11:35:29.133  1576  1576 D GameModeManager: cursor.count = 169
09-27 11:35:29.133  1576  3491 I ProxCoverNoticeService: isKeyguardLocked = false, isDeviceLocked = false, isKeyguardSecure = true, isDeviceSecure = true, inKeyguardRestrictedInputMode = false
09-27 11:35:29.133  1576  1576 D GameModeManager: cursor.pkg = com.mobile.legends
09-27 11:35:29.133  1576  1576 D GameModeManager: cursor.pkg = com.mobile.legends
09-27 11:35:29.133  1576  1576 D GameModeManager: cursor.pkg = com.miniclip.plagueinc
09-27 11:35:29.133  1576  1576 D GameModeManager: cursor.pkg = com.firsttouchgames.story
09-27 11:35:29.133  1576  1576 D GameModeManager: cursor.pkg = com.jumpgames.rswrb
09-27 11:35:29.133  1576  1576 D GameModeManager: cursor.pkg = com.miniclip.plagueinc
09-27 11:35:29.133  1576  1576 D GameModeManager: cursor.pkg = com.kiloo.subwaysurf
09-27 11:35:29.133  1576  1576 D GameModeManager: cursor.pkg = com.mediocre.smashhit
09-27 11:35:29.133  1576  1576 D GameModeManager: cursor.pkg = com.gameloft.android.ANMP.GloftA8HM
09-27 11:35:29.133  1576  1576 D GameModeManager: cursor.pkg = com.mobile.legends
09-27 11:35:29.133  1576  1576 D GameModeManager: cursor.pkg = com.mobile.legends
09-27 11:35:29.133  1576  1576 D GameModeManager: cursor.pkg = com.mobile.legends
09-27 11:35:29.133  1576  1576 D GameModeManager: cursor.pkg = com.miniclip.plagueinc
09-27 11:35:29.133  1576  1576 D GameModeManager: cursor.pkg = com.outfit7.mytalkingtomfree
09-27 11:35:29.133  1576  1576 D GameModeManager: cursor.pkg = com.kiloo.subwaysurf
09-27 11:35:29.133  1576  1576 D GameModeManager: cursor.pkg = com.outfit7.mytalkingtomfree
09-27 11:35:29.133  1576  1576 D GameModeManager: cursor.pkg = com.kiloo.subwaysurf
09-27 11:35:29.133  1576  1576 D GameModeManager: cursor.pkg = com.miniclip.plagueinc
09-27 11:35:29.133  1576  1576 D GameModeManager: cursor.pkg = com.kiloo.subwaysurf
09-27 11:35:29.133  1576  1576 D GameModeManager: cursor.pkg = com.miniclip.plagueinc
09-27 11:35:29.133  1576  1576 D GameModeManager: cursor.pkg = com.miniclip.plagueinc
09-27 11:35:29.133  1576  1576 D GameModeManager: cursor.pkg = com.youmusic.magictiles
09-27 11:35:29.133  1576  1576 D GameModeManager: cursor.pkg = com.skgames.trafficrider
09-27 11:35:29.134  1078  1158 V NetworkPolicy: updateRuleForRestrictBackgroundLocked(10039): isForeground=true, isBlacklisted=false, isWhitelisted=true, oldRule=1 (ALLOW_METERED), newRule=1 (ALLOW_METERED), newUidRules=1 (ALLOW_METERED), oldUidRules=1 (ALLOW_METERED)
09-27 11:35:29.134  1576  1576 D GameModeManager: cursor.pkg = com.gameloft.android.ANMP.GloftGOHM
09-27 11:35:29.134  1576  1576 D GameModeManager: cursor.pkg = com.roblox.client
09-27 11:35:29.134  1576  1576 D GameModeManager: cursor.pkg = com.mobile.legends
09-27 11:35:29.134  1576  1576 D GameModeManager: cursor.pkg = com.mobile.legends
09-27 11:35:29.134  1576  1576 D GameModeManager: cursor.pkg = com.mobile.legends
09-27 11:35:29.134  1576  1576 D GameModeManager: cursor.pkg = com.mobile.legends
09-27 11:35:29.134  1576  1576 D GameModeManager: cursor.pkg = com.mobile.legends
09-27 11:35:29.134  1576  1576 D GameModeManager: cursor.pkg = com.mobile.legends
09-27 11:35:29.134  1576  1576 D GameModeManager: cursor.pkg = com.mobile.legends
09-27 11:35:29.135  1576  1576 D GameModeManager: cursor.pkg = com.mobile.legends
09-27 11:35:29.135  1576  1576 D GameModeManager: cursor.pkg = com.mobile.legends
09-27 11:35:29.135  1576  1576 D GameModeManager: cursor.pkg = com.mobile.legends
09-27 11:35:29.135  1576  1576 D GameModeManager: cursor.pkg = com.mobile.legends
09-27 11:35:29.135  1576  1576 D GameModeManager: cursor.pkg = com.mobile.legends
09-27 11:35:29.135  1576  1576 D GameModeManager: cursor.pkg = com.chillingo.robberybobfree.android.row
09-27 11:35:29.135  1576  1576 D GameModeManager: cursor.pkg = com.gameloft.android.ANMP.GloftGGHM
09-27 11:35:29.135  1576  1576 D GameModeManager: cursor.pkg = com.mobile.legends
09-27 11:35:29.135  1576  1576 D GameModeManager: cursor.pkg = com.mobile.legends
09-27 11:35:29.135  1078  1158 V NetworkPolicy: updateRulesForNonMeteredNetworksLocked(10039), isIdle: false, mRestrictPower: false, mDeviceIdleMode: false, isForeground=true, isWhitelisted=false, oldRule=0 (NONE), newRule=0 (NONE), newUidRules=1 (ALLOW_METERED), oldUidRules=1 (ALLOW_METERED)
09-27 11:35:29.135  1576  1576 D GameModeManager: cursor.pkg = com.mobile.legends
09-27 11:35:29.135  1576  1576 D GameModeManager: cursor.pkg = com.mobile.legends
09-27 11:35:29.136  1576  1576 D GameModeManager: cursor.pkg = com.mobile.legends
09-27 11:35:29.136  1576  1576 D GameModeManager: cursor.pkg = com.mobile.legends
09-27 11:35:29.136  1576  1576 D GameModeManager: cursor.pkg = com.miniclip.eightballpool
09-27 11:35:29.136  1576  1576 D GameModeManager: cursor.pkg = com.mobile.legends
09-27 11:35:29.136  1576  1576 D GameModeManager: cursor.pkg = com.wb.goog.mkx
09-27 11:35:29.136  1576  1576 D GameModeManager: cursor.pkg = com.mobile.legends
09-27 11:35:29.136  1576  1576 D GameModeManager: cursor.pkg = com.mobile.legends
09-27 11:35:29.136  1576  1576 D GameModeManager: cursor.pkg = com.mobile.legends
09-27 11:35:29.136  1576  1576 D GameModeManager: cursor.pkg = com.mobile.legends
09-27 11:35:29.136  1576  1576 D GameModeManager: cursor.pkg = com.mobile.legends
09-27 11:35:29.136  1576  1576 D GameModeManager: cursor.pkg = com.miniclip.eightballpool
09-27 11:35:29.136  1576  1576 D GameModeManager: cursor.pkg = com.mobile.legends
09-27 11:35:29.136  1576  1576 D GameModeManager: cursor.pkg = com.mobile.legends
09-27 11:35:29.136  1576  1576 D GameModeManager: cursor.pkg = com.mobile.legends
09-27 11:35:29.136  1576  1576 D GameModeManager: cursor.pkg = com.glu.deerhunt2
09-27 11:35:29.136  1576  1576 D GameModeManager: cursor.pkg = com.mobile.legends
09-27 11:35:29.136  1576  1576 D GameModeManager: cursor.pkg = com.mobile.legends
09-27 11:35:29.136  1576  1576 D GameModeManager: cursor.pkg = com.mobile.legends
09-27 11:35:29.136  1576  1576 D GameModeManager: cursor.pkg = com.mobile.legends
09-27 11:35:29.136  1576  1576 D GameModeManager: cursor.pkg = com.mobile.legends
09-27 11:35:29.137  1576  1576 D GameModeManager: cursor.pkg = com.gameloft.android.ANMP.GloftDOHM
09-27 11:35:29.137  1576  1576 D GameModeManager: cursor.pkg = com.mobile.legends
09-27 11:35:29.137  1576  1576 D GameModeManager: cursor.pkg = com.mobile.legends
09-27 11:35:29.137  1576  1576 D GameModeManager: cursor.pkg = com.mobile.legends
09-27 11:35:29.137  1576  1576 D GameModeManager: cursor.pkg = uk.co.aifactory.chessfree
09-27 11:35:29.137  1576  1576 D GameModeManager: cursor.pkg = com.mobile.legends
09-27 11:35:29.137  1576  1576 D GameModeManager: cursor.pkg = com.fingersoft.hcr2
09-27 11:35:29.137  1576  1576 D GameModeManager: cursor.pkg = com.mobile.legends
09-27 11:35:29.137  1576  1576 D GameModeManager: cursor.pkg = com.youmusic.magictiles
09-27 11:35:29.137  1576  1576 D GameModeManager: cursor.pkg = com.youmusic.magictiles
09-27 11:35:29.137  1576  1576 D GameModeManager: cursor.pkg = com.mobile.legends
09-27 11:35:29.137  1576  1576 D GameModeManager: cursor.pkg = com.mobile.legends
09-27 11:35:29.137  1576  1576 D GameModeManager: cursor.pkg = com.mobile.legends
09-27 11:35:29.137  1576  1576 D GameModeManager: cursor.pkg = com.mobile.legends
09-27 11:35:29.137  1576  1576 D GameModeManager: cursor.pkg = com.mobile.legends
09-27 11:35:29.137  1576  1576 D GameModeManager: cursor.pkg = com.youmusic.magictiles
09-27 11:35:29.137  1576  1576 D GameModeManager: cursor.pkg = com.mobile.legends
09-27 11:35:29.137  1576  1576 D GameModeManager: cursor.pkg = net.froemling.bombsquad
09-27 11:35:29.137  1576  1576 D GameModeManager: cursor.pkg = com.mobile.legends
09-27 11:35:29.137  1576  1576 D GameModeManager: cursor.pkg = com.mobile.legends
09-27 11:35:29.137  1576  1576 D GameModeManager: cursor.pkg = com.mobile.legends
09-27 11:35:29.137  1576  1576 D GameModeManager: cursor.pkg = com.miniclip.eightballpool
09-27 11:35:29.137  1576  1576 D GameModeManager: cursor.pkg = com.mobile.legends
09-27 11:35:29.137  1576  1576 D GameModeManager: cursor.pkg = com.miniclip.eightballpool
09-27 11:35:29.137  1576  1576 D GameModeManager: cursor.pkg = com.mobile.legends
09-27 11:35:29.137  1576  1576 D GameModeManager: cursor.pkg = com.mobile.legends
09-27 11:35:29.137  1576  1576 D GameModeManager: cursor.pkg = com.mobile.legends
09-27 11:35:29.137  1576  1576 D GameModeManager: cursor.pkg = com.mobile.legends
09-27 11:35:29.137  1576  1576 D GameModeManager: cursor.pkg = com.mobile.legends
09-27 11:35:29.137  1576  1576 D GameModeManager: cursor.pkg = com.mobile.legends
09-27 11:35:29.137  1576  1576 D GameModeManager: cursor.pkg = com.mobile.legends
09-27 11:35:29.137  1576  1576 D GameModeManager: cursor.pkg = com.mobile.legends
09-27 11:35:29.137  1576  1576 D GameModeManager: cursor.pkg = com.mobile.legends
09-27 11:35:29.138  1576  1576 D GameModeManager: cursor.pkg = com.mobile.legends
09-27 11:35:29.138  1576  1576 D GameModeManager: cursor.pkg = com.mobile.legends
09-27 11:35:29.138  1576  1576 D GameModeManager: cursor.pkg = com.mobile.legends
09-27 11:35:29.138  1576  1576 D GameModeManager: cursor.pkg = com.bandagames.mpuzzle.gp
09-27 11:35:29.138  1576  1576 D GameModeManager: cursor.pkg = com.mobile.legends
09-27 11:35:29.138  1576  1576 D GameModeManager: cursor.pkg = com.mobile.legends
09-27 11:35:29.138  1576  1576 D GameModeManager: cursor.pkg = com.mobile.legends
09-27 11:35:29.138  1576  1576 D GameModeManager: cursor.pkg = com.mobile.legends
09-27 11:35:29.138  1576  1576 D GameModeManager: cursor.pkg = com.bandagames.mpuzzle.gp
09-27 11:35:29.138  1576  1576 D GameModeManager: cursor.pkg = com.mobile.legends
09-27 11:35:29.138  1576  1576 D GameModeManager: cursor.pkg = com.mobile.legends
09-27 11:35:29.138  1576  1576 D GameModeManager: cursor.pkg = com.mobile.legends
09-27 11:35:29.138  1576  1576 D GameModeManager: cursor.pkg = com.mobile.legends
09-27 11:35:29.138  1576  1576 D GameModeManager: cursor.pkg = com.bandagames.mpuzzle.gp
09-27 11:35:29.138  1576  1576 D GameModeManager: cursor.pkg = com.mobile.legends
09-27 11:35:29.138  1576  1576 D GameModeManager: cursor.pkg = com.mobile.legends
09-27 11:35:29.138  1576  1576 D GameModeManager: cursor.pkg = com.bandagames.mpuzzle.gp
09-27 11:35:29.138  1576  1576 D GameModeManager: cursor.pkg = com.bandagames.mpuzzle.gp
09-27 11:35:29.138  1576  1576 D GameModeManager: cursor.pkg = com.bandagames.mpuzzle.gp
