09-27 11:35:29.256 14564 14591 I TestRunner: started: clicking_horizontal_list_button_displays_horizontal_list(com.example.dogglers.ButtonTests)
09-27 11:35:29.256  1078 26452 D Sensors : batch handle =0, flag=0, sampling=66667000, batchtimeout=0
09-27 11:35:29.256  1078 26452 D Sensors : handleToDriver handle(0)
09-27 11:35:29.256  1078 26452 D Sensors : handleToDriver handle(0)
09-27 11:35:29.256  1078 26452 D Accel   : setDelay: (handle=0, ns=66667000)
09-27 11:35:29.257  1078 26452 E Sensors : new setDelay handle(0),ns(66667000)m, error(0), index(2)
09-27 11:35:29.257  1078 26452 E Accel   : ACC batch: handle:0, en:0,samplingPeriodNs:66667000 maxBatchReportLatencyNs:0
09-27 11:35:29.257  1078 26452 D Accel   : path:/sys/class/misc/m_acc_misc/accbatch
09-27 11:35:29.257  1078 26452 D Accel   : ACC batch(0) done
09-27 11:35:29.257  1078 26452 E Sensors : sensor 0 go to common batch
09-27 11:35:29.257  1078 26452 D BATCH   : no batch control attr
09-27 11:35:29.257  1078 26452 D Sensors : activate handle =0, enable = 1
09-27 11:35:29.257  1078 26452 D Sensors : handleToDriver handle(0)
09-27 11:35:29.257  1078 26452 D Sensors : use new sensor index=2, mSensors[index](270dd800)
09-27 11:35:29.257  1078 26452 D Sensors : support batch active
09-27 11:35:29.257  1078 26452 D BATCH   : no batch control attr
09-27 11:35:29.257  1078 26452 D Accel   : ACC enable: handle:0, en:1
09-27 11:35:29.257  1078 26452 D Accel   : path:/sys/class/misc/m_acc_misc/accactive
09-27 11:35:29.257  1078 26452 D Accel   : ACC enable(1) done
09-27 11:35:29.258  1576  1576 D MotionRecognitionManager: registerMotionRecognitionListener 7
09-27 11:35:29.265 14564 14591 W SettingsInterface: Setting always_finish_activities has moved from android.provider.Settings.System to android.provider.Settings.Global, returning read-only value.
09-27 11:35:29.276  1576  3491 I SLService1: ActivityController mIsAndroidN_VivoMultiWindow = true, mIsMultiWindowOn = false
09-27 11:35:29.276  1576  3491 I SLService1: [Monitor]1--------[] t [com.example.dogglers] f []
09-27 11:35:29.276  1576  3491 I SLService1: HAHA1 >>>> true <<<<
09-27 11:35:29.277  1576  1588 D SLService: optionsFromCallbacks = null
09-27 11:35:29.283  1078  1182 D PhoneWindow: DEBUG_SYSTEMUI:origin statusbar style
09-27 11:35:29.283  1078  1182 D PhoneWindow: DEBUG_SYSTEMUI:IconColor=1
09-27 11:35:29.283  1078  1182 D PhoneWindow: DEBUG_SYSTEMUI:StatusBarColor final set ff000000
09-27 11:35:29.286  1078  1182 D WindowClient: Add to mViews: DecorView@23bff3b[dogglers], this = android.view.WindowManagerGlobal@b7c1b19
09-27 11:35:29.287  1078  1182 D ViewRootImpl[dogglers]: hardware acceleration is disabled, fakeHwAccelerated = true, HardwareRenderer.sRendererDisabled = false, forceHwAccelerated = false, HardwareRenderer.sSystemRendererDisabled = false, this = ViewRoot{5615417 Starting com.example.dogglers,ident = 154}
09-27 11:35:29.287  1443  1443 I StatusBarColorController: SystemUI|notifyStatusBarColorInfo:  iconColor = -1, bgColor = 0, mIsBgColorLight= false, mIsLightFlag= false, isLauncher= true, isKeyguardShowing= false
09-27 11:35:29.287  1443  1443 I StatusBarColorController: SystemUI|setIconsDark: mIsIconsDark= false, dark= false, mBarMode= 4, mIconColor= -1
09-27 11:35:29.292   315   315 I BufferQueue: [unnamed-315-3275](this:0x764425d000,id:3275,api:0,p:-1,c:-1) BufferQueue core=(315:/system/bin/surfaceflinger)
09-27 11:35:29.292 14564 14597 D OpenGLRenderer: ~CanvasContext() 0x782e4d2000
09-27 11:35:29.292   315   315 I BufferQueueConsumer: [unnamed-315-3275](this:0x764425d000,id:3275,api:0,p:-1,c:315) connect(C): consumer=(315:/system/bin/surfaceflinger) controlledByApp=false
09-27 11:35:29.292   315   315 I BufferQueueConsumer: [unnamed-315-2628](this:0x764425d000,id:3275,api:0,p:-1,c:315) setConsumerName: unnamed-315-2628
09-27 11:35:29.292   315   315 I BufferQueueConsumer: [Starting com.example.dogglers](this:0x764425d000,id:3275,api:0,p:-1,c:315) setConsumerName: Starting com.example.dogglers
09-27 11:35:29.292   315   315 I BufferQueueProducer: [](this:0x764425d000,id:3275,api:0,p:-1,c:315) setMaxDequeuedBufferCount: maxDequeuedBuffers = 2
09-27 11:35:29.292   315   315 I BufferQueueConsumer: [Starting com.example.dogglers](this:0x764425d000,id:3275,api:0,p:-1,c:315) setDefaultBufferSize: width=1 height=1
09-27 11:35:29.295  1443  1443 I StatusBarColorController: SystemUI|notifyStatusBarColorInfo:  iconColor = -1, bgColor = 0, mIsBgColorLight= false, mIsLightFlag= false, isLauncher= true, isKeyguardShowing= false
09-27 11:35:29.295 14564 14597 D OpenGLRenderer: ~CanvasContext() 0x782e4d5800
09-27 11:35:29.295  1443  1443 I StatusBarColorController: SystemUI|setIconsDark: mIsIconsDark= false, dark= false, mBarMode= 4, mIconColor= -1
09-27 11:35:29.296 14564 14597 D OpenGLRenderer: ~CanvasContext() 0x782e4d9000
09-27 11:35:29.300  1078  1303 D PerfServiceManager: [PerfService] MESSAGE_TIMER_RENDER_AWARE_DURATION timeout
09-27 11:35:29.301 14065 14087 D SQLiteDatabase: endTransaction()
09-27 11:35:29.306 14065 14087 W ProxyAndroidLoggerBackend: Too many Flogger logs received before configuration. Dropping old logs.
09-27 11:35:29.311   315   315 I BufferQueueConsumer: [Starting com.example.dogglers](this:0x764425d000,id:3275,api:0,p:-1,c:315) setDefaultBufferSize: width=720 height=1280
09-27 11:35:29.314  1443  1443 I StatusBarColorController: SystemUI|notifyStatusBarColorInfo:  iconColor = -1, bgColor = 0, mIsBgColorLight= false, mIsLightFlag= false, isLauncher= true, isKeyguardShowing= false
09-27 11:35:29.314  1443  1443 I StatusBarColorController: SystemUI|setIconsDark: mIsIconsDark= false, dark= false, mBarMode= 4, mIconColor= -1
09-27 11:35:29.316 28697 28697 D Launcher: onPause -- mState = WORKSPACE
09-27 11:35:29.316 28697 28697 D VivoDreamClockTimeLayout: onInactive
09-27 11:35:29.317  1078  1182 D Surface : Surface::connect(this=0x7814e67000,api=2)
09-27 11:35:29.318   315   335 I BufferQueueProducer: [Starting com.example.dogglers](this:0x764425d000,id:3275,api:2,p:1078,c:315) connect(P): api=2 producer=(1078:system_server) producerControlledByApp=false
09-27 11:35:29.318  1078  7241 D PerfServiceWrapper: [PerfServiceWrapper] appBoostEnable
09-27 11:35:29.318  1078  7241 D PerfService: [PerfService] appBoostEnable: com.example.dogglers
09-27 11:35:29.318  1078  7241 D PerfServiceManager: [PerfService] appBoostEnable com.example.dogglers
09-27 11:35:29.318   315   380 I BufferQueueProducer: [Starting com.example.dogglers](this:0x764425d000,id:3275,api:2,p:1078,c:315) new GraphicBuffer needed
09-27 11:35:29.319  1078  1214 D Sensors : flush handle =0
09-27 11:35:29.319  1078  1214 D Sensors : handleToDriver handle(0)
09-27 11:35:29.319  1078  1214 D Accel   : handle=0
09-27 11:35:29.319  1078  1214 E Sensors : go to batchsensor(0)
09-27 11:35:29.319  1078  1214 D BATCH   : BatchSensor::flush, handle = 0
09-27 11:35:29.319  1078  1210 D BATCH   : metadata.sensor =0
09-27 11:35:29.319  1078  1210 D BATCH   : BatchSensor::readEvents, handle = 0
09-27 11:35:29.320   315   380 D GraphicBuffer: alloc, handle(0x7646a5b500) (w:720 h:1280 s:720 f:0x1 u:0x000933) err(0)
09-27 11:35:29.321  1078  1182 D GraphicBuffer: register, handle(0x78047ae140) (w:720 h:1280 s:720 f:0x1 u:0x000933)
09-27 11:35:29.328   315   315 D MALI    : eglCreateImageKHR:513: [Crop] 0 0 0 0  img[720 1280]
09-27 11:35:29.330  1078  1303 I libPerfService: [perfNotifyAppState] foreground:com.example.dogglers, pid:14564
09-27 11:35:29.330  1078  1303 I libPerfService: [switchSportsMode] enable:0
09-27 11:35:29.338  1443  1443 I StatusBarColorController: SystemUI|notifyStatusBarColorInfo:  iconColor = 1, bgColor = ff000000, mIsBgColorLight= false, mIsLightFlag= false, isLauncher= false, isKeyguardShowing= false
09-27 11:35:29.338  1443  1443 I StatusBarColorController: SystemUI|setIconsDark: mIsIconsDark= false, dark= false, mBarMode= 4, mIconColor= 1
09-27 11:35:29.341 28697 28697 D Launcher: onWindowFocusChanged ,  hasFocus = false
09-27 11:35:29.343 14912 14930 I _V_SecureService2: onForegroundActivitiesChanged() pid = 14564, uid = 10471, foregroundActivities = true
09-27 11:35:29.344  1078  1158 D VivoAppMonitor: onForegroundActivitiesChanged: pid=14564, uid=10471, foregroundActivities=true
09-27 11:35:29.345 14912 14990 I _V_SecureService3: runningNetworkLimitReminder ConnectivityManager not null， uid = 10471
09-27 11:35:29.346  2069  4665 I UpSlideHelper: UpSlide|toggleUpSlideViewInCamera isInCamera = false
09-27 11:35:29.346  4414  4644 I _V_UsageAppManager: dealAppInfoList.getPid()=14564,dealAppInfoList.getUid()=10471,dealAppInfoList.getPkgName()=com.example.dogglers
09-27 11:35:29.346  4414  4644 I _V_UsageAppManager: dealAppInfoList_mForgroundInfo_pid=14564,mForgroundInfo_pkgName=com.example.dogglers,mForgroundInfo_uid=10471,mBackgroundInfo_pid=28697,mBackgroundInfo_pkgName=com.bbk.launcher2,mBackgroundInfo_uid=10039
09-27 11:35:29.347  1078  1158 D VivoAppMonitor: mForgroundAppName=com.example.dogglers, mLastForgroundAppName = com.bbk.launcher2
09-27 11:35:29.348  1509  4685 E _V_AppStatisticManager: addLruPkg pkgName = com.example.dogglers
09-27 11:35:29.348  4414  4644 I _V_UsageAppManager: getversionCode=1
09-27 11:35:29.348  4414  4644 I _V_UsageAppManager: getVersionName_name=1.0
09-27 11:35:29.350 14564 14564 D LifecycleMonitor: Lifecycle status change: androidx.test.core.app.InstrumentationActivityInvoker$BootstrapActivity@3af91d1 in: PRE_ON_CREATE
09-27 11:35:29.350  1078  1158 D touchscreenjni: chenpeng JNI called
09-27 11:35:29.350  1509  4651 I _V_ABE  : PowerEngineService enter the forgound
09-27 11:35:29.350  1078  1158 E touchscreen: Open /sys/touchscreen/app_name failed
09-27 11:35:29.350  4585  4889 I FloatWindowManagerService:  pid = 14564, uid = 10471, fore = true ; now is : com.example.dogglers
09-27 11:35:29.350 14564 14564 V ActivityScenario: Activity lifecycle changed event received but ignored because the intent does not match. startActivityIntent=Intent { act=android.intent.action.MAIN cat=[android.intent.category.LAUNCHER] cmp=com.example.dogglers/.MainActivity }, activity.getIntent()=Intent { act=android.intent.action.MAIN cat=[android.intent.category.LAUNCHER] flg=0x10008000 cmp=com.example.dogglers/androidx.test.core.app.InstrumentationActivityInvoker$BootstrapActivity (has extras) }, activity=androidx.test.core.app.InstrumentationActivityInvoker$BootstrapActivity@3af91d1
09-27 11:35:29.350  1576  1652 I SLService2: HAHA2 pid = 14564, uid = 10471, f = true
09-27 11:35:29.351  1576  2492 I ProxCoverNoticeService: isHomeLauncher = false
09-27 11:35:29.352 14912 14990 I _V_SecureService3: runningNetworkLimitReminder There is no active network info!
09-27 11:35:29.352  1576  2492 I ProxCoverNoticeService: top activity name = com.example.dogglers
09-27 11:35:29.352  1576  2492 E ProxCoverNoticeService: monitor view is null, no need to update minimum
09-27 11:35:29.352  1576  2492 I ProxCoverNoticeService: onForegroundActivitiesChanged, pid = 14564, uid = 10471, pkg = com.example.dogglers, foregroundActivities = true
09-27 11:35:29.355  1576  2492 I ProxCoverNoticeService: isKeyguardLocked = false, isDeviceLocked = false, isKeyguardSecure = true, isDeviceSecure = true, inKeyguardRestrictedInputMode = false
09-27 11:35:29.356  1443  1443 D PhoneStatusBar: setSystemUiVisibility vis=408 mask=ffffffff oldVal=608 newVal=408 diff=200
09-27 11:35:29.356  1576  1576 D GameModeManager: cursor.count = 169
09-27 11:35:29.356  1576  1576 D GameModeManager: cursor.pkg = com.mobile.legends
09-27 11:35:29.356  1576  1576 D GameModeManager: cursor.pkg = com.mobile.legends
09-27 11:35:29.357  1576  1576 D GameModeManager: cursor.pkg = com.miniclip.plagueinc
09-27 11:35:29.357  1576  1576 D GameModeManager: cursor.pkg = com.firsttouchgames.story
09-27 11:35:29.357  1576  1576 D GameModeManager: cursor.pkg = com.jumpgames.rswrb
09-27 11:35:29.357  1576  1576 D GameModeManager: cursor.pkg = com.miniclip.plagueinc
09-27 11:35:29.357  1576  1576 D GameModeManager: cursor.pkg = com.kiloo.subwaysurf
09-27 11:35:29.357  1576  1576 D GameModeManager: cursor.pkg = com.mediocre.smashhit
09-27 11:35:29.357  1576  1576 D GameModeManager: cursor.pkg = com.gameloft.android.ANMP.GloftA8HM
09-27 11:35:29.357  1576  1576 D GameModeManager: cursor.pkg = com.mobile.legends
09-27 11:35:29.357  1576  1576 D GameModeManager: cursor.pkg = com.mobile.legends
09-27 11:35:29.357  1576  1576 D GameModeManager: cursor.pkg = com.mobile.legends
09-27 11:35:29.357  1576  1576 D GameModeManager: cursor.pkg = com.miniclip.plagueinc
09-27 11:35:29.357  1576  1576 D GameModeManager: cursor.pkg = com.outfit7.mytalkingtomfree
09-27 11:35:29.358  1576  1576 D GameModeManager: cursor.pkg = com.kiloo.subwaysurf
09-27 11:35:29.358  1576  1576 D GameModeManager: cursor.pkg = com.outfit7.mytalkingtomfree
09-27 11:35:29.358  1576  1576 D GameModeManager: cursor.pkg = com.kiloo.subwaysurf
09-27 11:35:29.358  1576  1576 D GameModeManager: cursor.pkg = com.miniclip.plagueinc
09-27 11:35:29.358  1576  1576 D GameModeManager: cursor.pkg = com.kiloo.subwaysurf
09-27 11:35:29.358  1576  1576 D GameModeManager: cursor.pkg = com.miniclip.plagueinc
09-27 11:35:29.358  1576  1576 D GameModeManager: cursor.pkg = com.miniclip.plagueinc
09-27 11:35:29.358  1576  1576 D GameModeManager: cursor.pkg = com.youmusic.magictiles
09-27 11:35:29.358  1576  1576 D GameModeManager: cursor.pkg = com.skgames.trafficrider
09-27 11:35:29.358  1576  1576 D GameModeManager: cursor.pkg = com.gameloft.android.ANMP.GloftGOHM
09-27 11:35:29.358  1576  1576 D GameModeManager: cursor.pkg = com.roblox.client
09-27 11:35:29.358  1576  1576 D GameModeManager: cursor.pkg = com.mobile.legends
09-27 11:35:29.358  1576  1576 D GameModeManager: cursor.pkg = com.mobile.legends
09-27 11:35:29.358  1576  1576 D GameModeManager: cursor.pkg = com.mobile.legends
09-27 11:35:29.358  1576  1576 D GameModeManager: cursor.pkg = com.mobile.legends
09-27 11:35:29.358  1576  1576 D GameModeManager: cursor.pkg = com.mobile.legends
09-27 11:35:29.358  1576  1576 D GameModeManager: cursor.pkg = com.mobile.legends
09-27 11:35:29.358  1576  1576 D GameModeManager: cursor.pkg = com.mobile.legends
09-27 11:35:29.358  1576  1576 D GameModeManager: cursor.pkg = com.mobile.legends
09-27 11:35:29.358  1576  1576 D GameModeManager: cursor.pkg = com.mobile.legends
09-27 11:35:29.358  1576  1576 D GameModeManager: cursor.pkg = com.mobile.legends
09-27 11:35:29.358  1576  1576 D GameModeManager: cursor.pkg = com.mobile.legends
09-27 11:35:29.358  1576  1576 D GameModeManager: cursor.pkg = com.mobile.legends
09-27 11:35:29.358  1576  1576 D GameModeManager: cursor.pkg = com.chillingo.robberybobfree.android.row
09-27 11:35:29.358  1576  1576 D GameModeManager: cursor.pkg = com.gameloft.android.ANMP.GloftGGHM
09-27 11:35:29.358  1576  1576 D GameModeManager: cursor.pkg = com.mobile.legends
09-27 11:35:29.358  1576  1576 D GameModeManager: cursor.pkg = com.mobile.legends
09-27 11:35:29.358  1576  1576 D GameModeManager: cursor.pkg = com.mobile.legends
09-27 11:35:29.358  1576  1576 D GameModeManager: cursor.pkg = com.mobile.legends
09-27 11:35:29.358  1576  1576 D GameModeManager: cursor.pkg = com.mobile.legends
09-27 11:35:29.358  1576  1576 D GameModeManager: cursor.pkg = com.mobile.legends
09-27 11:35:29.358  1576  1576 D GameModeManager: cursor.pkg = com.miniclip.eightballpool
09-27 11:35:29.358  1576  1576 D GameModeManager: cursor.pkg = com.mobile.legends
09-27 11:35:29.358  1576  1576 D GameModeManager: cursor.pkg = com.wb.goog.mkx
09-27 11:35:29.359  1576  1576 D GameModeManager: cursor.pkg = com.mobile.legends
09-27 11:35:29.359  1576  1576 D GameModeManager: cursor.pkg = com.mobile.legends
09-27 11:35:29.359  1576  1576 D GameModeManager: cursor.pkg = com.mobile.legends
09-27 11:35:29.359  1576  1576 D GameModeManager: cursor.pkg = com.mobile.legends
09-27 11:35:29.359  1576  1576 D GameModeManager: cursor.pkg = com.mobile.legends
09-27 11:35:29.359  1576  1576 D GameModeManager: cursor.pkg = com.miniclip.eightballpool
09-27 11:35:29.359  1576  1576 D GameModeManager: cursor.pkg = com.mobile.legends
09-27 11:35:29.359  1576  1576 D GameModeManager: cursor.pkg = com.mobile.legends
09-27 11:35:29.359  1576  1576 D GameModeManager: cursor.pkg = com.mobile.legends
09-27 11:35:29.359  1576  1576 D GameModeManager: cursor.pkg = com.glu.deerhunt2
09-27 11:35:29.359  1576  1576 D GameModeManager: cursor.pkg = com.mobile.legends
09-27 11:35:29.359  1576  1576 D GameModeManager: cursor.pkg = com.mobile.legends
09-27 11:35:29.359  1576  1576 D GameModeManager: cursor.pkg = com.mobile.legends
09-27 11:35:29.359  1576  1576 D GameModeManager: cursor.pkg = com.mobile.legends
09-27 11:35:29.359  1576  1576 D GameModeManager: cursor.pkg = com.mobile.legends
09-27 11:35:29.359  1576  1576 D GameModeManager: cursor.pkg = com.gameloft.android.ANMP.GloftDOHM
09-27 11:35:29.359  1576  1576 D GameModeManager: cursor.pkg = com.mobile.legends
09-27 11:35:29.359  1576  1576 D GameModeManager: cursor.pkg = com.mobile.legends
09-27 11:35:29.359  1576  1576 D GameModeManager: cursor.pkg = com.mobile.legends
09-27 11:35:29.359  1576  1576 D GameModeManager: cursor.pkg = uk.co.aifactory.chessfree
09-27 11:35:29.359  1576  1576 D GameModeManager: cursor.pkg = com.mobile.legends
09-27 11:35:29.359  1576  1576 D GameModeManager: cursor.pkg = com.fingersoft.hcr2
09-27 11:35:29.359  1576  1576 D GameModeManager: cursor.pkg = com.mobile.legends
09-27 11:35:29.359 28697 28809 D Surface : Surface::disconnect(this=0x780d0af000,api=1)
09-27 11:35:29.359  1576  1576 D GameModeManager: cursor.pkg = com.youmusic.magictiles
09-27 11:35:29.359  1576  1576 D GameModeManager: cursor.pkg = com.youmusic.magictiles
09-27 11:35:29.359  1576  1576 D GameModeManager: cursor.pkg = com.mobile.legends
09-27 11:35:29.359  1576  1576 D GameModeManager: cursor.pkg = com.mobile.legends
09-27 11:35:29.359  1576  1576 D GameModeManager: cursor.pkg = com.mobile.legends
09-27 11:35:29.359  1576  1576 D GameModeManager: cursor.pkg = com.mobile.legends
09-27 11:35:29.359  1576  1576 D GameModeManager: cursor.pkg = com.mobile.legends
09-27 11:35:29.359  1576  1576 D GameModeManager: cursor.pkg = com.youmusic.magictiles
09-27 11:35:29.359  1576  1576 D GameModeManager: cursor.pkg = com.mobile.legends
09-27 11:35:29.359  1576  1576 D GameModeManager: cursor.pkg = net.froemling.bombsquad
09-27 11:35:29.359  1576  1576 D GameModeManager: cursor.pkg = com.mobile.legends
09-27 11:35:29.359  1576  1576 D GameModeManager: cursor.pkg = com.mobile.legends
09-27 11:35:29.360  1576  1576 D GameModeManager: cursor.pkg = com.mobile.legends
09-27 11:35:29.360  1576  1576 D GameModeManager: cursor.pkg = com.miniclip.eightballpool
09-27 11:35:29.360  1576  1576 D GameModeManager: cursor.pkg = com.mobile.legends
09-27 11:35:29.360  1576  1576 D GameModeManager: cursor.pkg = com.miniclip.eightballpool
09-27 11:35:29.360   315   333 I BufferQueueProducer: [com.bbk.launcher2/com.bbk.launcher2.Launcher](this:0x76491d6800,id:3274,api:1,p:-1,c:315) disconnect(P): api 1
09-27 11:35:29.360   315   333 D GraphicBuffer: free, handle(0x7644316680) (w:720 h:1280 s:720 f:0x1 u:0x000900)
09-27 11:35:29.360  1576  1576 D GameModeManager: cursor.pkg = com.mobile.legends
09-27 11:35:29.360  1576  1576 D GameModeManager: cursor.pkg = com.mobile.legends
09-27 11:35:29.360  1576  1576 D GameModeManager: cursor.pkg = com.mobile.legends
09-27 11:35:29.360  1576  1576 D GameModeManager: cursor.pkg = com.mobile.legends
09-27 11:35:29.360  1576  1576 D GameModeManager: cursor.pkg = com.mobile.legends
09-27 11:35:29.360  1576  1576 D GameModeManager: cursor.pkg = com.mobile.legends
09-27 11:35:29.360  1576  1576 D GameModeManager: cursor.pkg = com.mobile.legends
09-27 11:35:29.360  1576  1576 D GameModeManager: cursor.pkg = com.mobile.legends
09-27 11:35:29.360  1576  1576 D GameModeManager: cursor.pkg = com.mobile.legends
09-27 11:35:29.360   315   333 D GraphicBuffer: free, handle(0x764435f440) (w:720 h:1280 s:720 f:0x1 u:0x000b00)
09-27 11:35:29.360  1576  1576 D GameModeManager: cursor.pkg = com.mobile.legends
09-27 11:35:29.360  1576  1576 D GameModeManager: cursor.pkg = com.mobile.legends
09-27 11:35:29.360  1576  1576 D GameModeManager: cursor.pkg = com.mobile.legends
09-27 11:35:29.360  1576  1576 D GameModeManager: cursor.pkg = com.bandagames.mpuzzle.gp
09-27 11:35:29.360  1576  1576 D GameModeManager: cursor.pkg = com.mobile.legends
09-27 11:35:29.360  1576  1576 D GameModeManager: cursor.pkg = com.mobile.legends
09-27 11:35:29.360  1576  1576 D GameModeManager: cursor.pkg = com.mobile.legends
09-27 11:35:29.360  1576  1576 D GameModeManager: cursor.pkg = com.mobile.legends
09-27 11:35:29.360  1576  1576 D GameModeManager: cursor.pkg = com.bandagames.mpuzzle.gp
09-27 11:35:29.361  1576  1576 D GameModeManager: cursor.pkg = com.mobile.legends
09-27 11:35:29.361   315   333 I BufferQueueConsumer: [com.bbk.launcher2/com.bbk.launcher2.Launcher](this:0x76491d6800,id:3274,api:1,p:-1,c:315) getReleasedBuffers: returning mask 0xffffffffffffffff
09-27 11:35:29.361  1576  1576 D GameModeManager: cursor.pkg = com.mobile.legends
09-27 11:35:29.361  1576  1576 D GameModeManager: cursor.pkg = com.mobile.legends
09-27 11:35:29.361  1576  1576 D GameModeManager: cursor.pkg = com.mobile.legends
09-27 11:35:29.361  1576  1576 D GameModeManager: cursor.pkg = com.bandagames.mpuzzle.gp
09-27 11:35:29.361  1576  1576 D GameModeManager: cursor.pkg = com.mobile.legends
09-27 11:35:29.361  1576  1576 D GameModeManager: cursor.pkg = com.mobile.legends
09-27 11:35:29.361  1576  1576 D GameModeManager: cursor.pkg = com.bandagames.mpuzzle.gp
09-27 11:35:29.361  1576  1576 D GameModeManager: cursor.pkg = com.bandagames.mpuzzle.gp
09-27 11:35:29.361  1576  1576 D GameModeManager: cursor.pkg = com.bandagames.mpuzzle.gp
09-27 11:35:29.361  1576  1576 D GameModeManager: cursor.pkg = com.bandagames.mpuzzle.gp
09-27 11:35:29.361  1576  1576 D GameModeManager: cursor.pkg = com.bandagames.mpuzzle.gp
09-27 11:35:29.361  1576  1576 D GameModeManager: cursor.pkg = com.bandagames.mpuzzle.gp
09-27 11:35:29.361  1576  1576 D GameModeManager: cursor.pkg = com.bandagames.mpuzzle.gp
09-27 11:35:29.361  1576  1576 D GameModeManager: cursor.pkg = com.bandagames.mpuzzle.gp
09-27 11:35:29.361  1576  1576 D GameModeManager: cursor.pkg = com.mobile.legends
09-27 11:35:29.361  1576  1576 D GameModeManager: cursor.pkg = com.mobile.legends
09-27 11:35:29.361  1576  1576 D GameModeManager: cursor.pkg = com.mobile.legends
09-27 11:35:29.361  1576  1576 D GameModeManager: cursor.pkg = com.mobile.legends
09-27 11:35:29.361  1576  1576 D GameModeManager: cursor.pkg = com.mobile.legends
09-27 11:35:29.361  1576  1576 D GameModeManager: cursor.pkg = com.mobile.legends
09-27 11:35:29.361  1576  1576 D GameModeManager: cursor.pkg = com.mobile.legends
09-27 11:35:29.361  1576  1576 D GameModeManager: cursor.pkg = com.mobile.legends
09-27 11:35:29.361  1576  1576 D GameModeManager: cursor.pkg = com.mobile.legends
09-27 11:35:29.361  1576  1576 D GameModeManager: cursor.pkg = com.mobile.legends
09-27 11:35:29.361  1576  1576 D GameModeManager: cursor.pkg = com.mobile.legends
09-27 11:35:29.361  1576  1576 D GameModeManager: cursor.pkg = com.mobile.legends
09-27 11:35:29.362  1576  1576 D GameModeManager: cursor.pkg = com.mobile.legends
09-27 11:35:29.362  1576  1576 D GameModeManager: cursor.pkg = com.mobile.legends
09-27 11:35:29.362  1576  1576 D GameModeManager: cursor.pkg = com.mobile.legends
09-27 11:35:29.362  1576  1576 D GameModeManager: cursor.pkg = com.mobile.legends
09-27 11:35:29.362  1576  1576 D GameModeManager: cursor.pkg = com.mobile.legends
09-27 11:35:29.362 28697 28809 D GraphicBuffer: unregister, handle(0x780c72ae40) (w:720 h:1280 s:720 f:0x1 u:0x000b00)
09-27 11:35:29.362  1576  1576 D GameModeManager: cursor.pkg = com.mobile.legends
09-27 11:35:29.362  1576  1576 D GameModeManager: cursor.pkg = com.mobile.legends
09-27 11:35:29.362  1576  1576 D GameModeManager: cursor.pkg = com.mobile.legends
09-27 11:35:29.362  1576  1576 D GameModeManager: cursor.pkg = com.mobile.legends
09-27 11:35:29.362  1576  1576 D GameModeManager: cursor.pkg = com.mobile.legends
09-27 11:35:29.362  1576  1576 D GameModeManager: cursor.pkg = com.mobile.legends
09-27 11:35:29.362  1576  1576 D GameModeManager: cursor.pkg = com.mobile.legends
09-27 11:35:29.362  1576  1576 D GameModeManager: cursor.pkg = com.halfbrick.jetpackjoyride
09-27 11:35:29.362  1576  1576 D GameModeManager: cursor.pkg = com.halfbrick.jetpackjoyride
09-27 11:35:29.362  1576  1576 D GameModeManager: cursor.pkg = com.halfbrick.jetpackjoyride
09-27 11:35:29.362  1576  1576 D GameModeManager: cursor.pkg = com.halfbrick.jetpackjoyride
09-27 11:35:29.362  1576  1576 D GameModeManager: cursor.pkg = com.halfbrick.jetpackjoyride
09-27 11:35:29.362  1576  1576 D GameModeManager: cursor.pkg = com.halfbrick.jetpackjoyride
09-27 11:35:29.362  1576  1576 D GameModeManager: cursor.pkg = com.halfbrick.jetpackjoyride
09-27 11:35:29.362  1576  1576 D GameModeManager: cursor.pkg = com.halfbrick.jetpackjoyride
09-27 11:35:29.362  1576  1576 D GameModeManager: cursor.pkg = com.skgames.trafficrider
09-27 11:35:29.362 28697 28809 D GraphicBuffer: unregister, handle(0x780c694200) (w:720 h:1280 s:720 f:0x1 u:0x000b00)
09-27 11:35:29.362  1576  1576 D GameModeManager: cursor.pkg = com.ea.game.simcitymobile_row
09-27 11:35:29.362  1576  1576 D GameModeManager: cursor.pkg = com.mobile.legends
09-27 11:35:29.362  1576  1576 D GameModeManager: cursor.pkg = com.mobile.legends
09-27 11:35:29.362  1576  1576 D GameModeManager: cursor.pkg = com.mobile.legends
09-27 11:35:29.362  1576  1576 D GameModeManager: cursor.pkg = com.mobile.legends
09-27 11:35:29.362  1576  1576 D GameModeManager: cursor.pkg = com.sega.sonicdash
09-27 11:35:29.362  1576  1576 D GameModeManager: cursor.pkg = com.rebeltwins.aliensdrivemecrazy
09-27 11:35:29.362  1576  1576 D GameModeManager: cursor.pkg = com.gameloft.android.ANMP.GloftGOHM
09-27 11:35:29.362  1576  1576 D GameModeManager: cursor.pkg = com.mobile.legends
09-27 11:35:29.362 28697 28809 D Surface : Surface::disconnect(this=0x780d0af000,api=1)
09-27 11:35:29.363  1576  1576 D GameModeManager: cursor.pkg = com.ea.games.simsfreeplay_row
09-27 11:35:29.363  1576  1576 D GameModeManager: cursor.pkg = mobi.bestfreegames.bike.mayhem.extreme.mountain.racing.free
09-27 11:35:29.363  1576  1576 D GameModeManager: cursor.pkg = com.vectorunit.yellow
09-27 11:35:29.363  1576  1576 D GameModeManager: cursor.pkg = com.supercell.clashofclans
09-27 11:35:29.363  1576  1576 D GameModeManager: cursor.pkg = com.topfreegames.bikeracefreeworld
09-27 11:35:29.363  1576  1576 D GameModeManager: cursor.pkg = com.imangi.templerun
09-27 11:35:29.363  1576  1576 D GameModeManager: cursor.pkg = com.imangi.templerun2
09-27 11:35:29.363   315   998 I BufferQueueProducer: [com.bbk.launcher2/com.bbk.launcher2.Launcher](this:0x76491d6800,id:3274,api:1,p:-1,c:315) disconnect(P): api 1
09-27 11:35:29.366 14564 14564 D PhoneWindow: DEBUG_SYSTEMUI:origin statusbar style
09-27 11:35:29.366   315   315 I BufferQueueProducer: [FrameBufferSurface_0](this:0x764c8fc800,id:0,api:1,p:315,c:315) queueBuffer: fps=11.85 dur=1518.36 max=694.50 min=13.91
09-27 11:35:29.366 14564 14564 D PhoneWindow: DEBUG_SYSTEMUI:IconColor=1
09-27 11:35:29.366 14564 14564 D PhoneWindow: DEBUG_SYSTEMUI:StatusBarColor final set ff000000
09-27 11:35:29.368  1576  1576 D GameModeManager: The package:com.example.dogglers is moved to foreground
09-27 11:35:29.374 14564 14564 D LifecycleMonitor: Lifecycle status change: androidx.test.core.app.InstrumentationActivityInvoker$BootstrapActivity@3af91d1 in: CREATED
09-27 11:35:29.375 14564 14564 V ActivityScenario: Activity lifecycle changed event received but ignored because the intent does not match. startActivityIntent=Intent { act=android.intent.action.MAIN cat=[android.intent.category.LAUNCHER] cmp=com.example.dogglers/.MainActivity }, activity.getIntent()=Intent { act=android.intent.action.MAIN cat=[android.intent.category.LAUNCHER] flg=0x10008000 cmp=com.example.dogglers/androidx.test.core.app.InstrumentationActivityInvoker$BootstrapActivity (has extras) }, activity=androidx.test.core.app.InstrumentationActivityInvoker$BootstrapActivity@3af91d1
09-27 11:35:29.376 14564 14564 D LifecycleMonitor: Lifecycle status change: androidx.test.core.app.InstrumentationActivityInvoker$BootstrapActivity@3af91d1 in: STARTED
09-27 11:35:29.376 14564 14564 V ActivityScenario: Activity lifecycle changed event received but ignored because the intent does not match. startActivityIntent=Intent { act=android.intent.action.MAIN cat=[android.intent.category.LAUNCHER] cmp=com.example.dogglers/.MainActivity }, activity.getIntent()=Intent { act=android.intent.action.MAIN cat=[android.intent.category.LAUNCHER] flg=0x10008000 cmp=com.example.dogglers/androidx.test.core.app.InstrumentationActivityInvoker$BootstrapActivity (has extras) }, activity=androidx.test.core.app.InstrumentationActivityInvoker$BootstrapActivity@3af91d1
09-27 11:35:29.386  1576  3491 I SLService1: ActivityController mIsAndroidN_VivoMultiWindow = true, mIsMultiWindowOn = false
09-27 11:35:29.386  1576  3491 I SLService1: [Monitor]1--------[] t [com.example.dogglers] f []
09-27 11:35:29.386  1576  3491 I SLService1: HAHA1 >>>> true <<<<
09-27 11:35:29.387  1576  1588 D SLService: optionsFromCallbacks = null
09-27 11:35:29.396 14564 14564 D LifecycleMonitor: Lifecycle status change: androidx.test.core.app.InstrumentationActivityInvoker$BootstrapActivity@3af91d1 in: RESUMED
09-27 11:35:29.396 14564 14564 V ActivityScenario: Activity lifecycle changed event received but ignored because the intent does not match. startActivityIntent=Intent { act=android.intent.action.MAIN cat=[android.intent.category.LAUNCHER] cmp=com.example.dogglers/.MainActivity }, activity.getIntent()=Intent { act=android.intent.action.MAIN cat=[android.intent.category.LAUNCHER] flg=0x10008000 cmp=com.example.dogglers/androidx.test.core.app.InstrumentationActivityInvoker$BootstrapActivity (has extras) }, activity=androidx.test.core.app.InstrumentationActivityInvoker$BootstrapActivity@3af91d1
09-27 11:35:29.400 14564 14564 D LifecycleMonitor: Lifecycle status change: androidx.test.core.app.InstrumentationActivityInvoker$BootstrapActivity@3af91d1 in: PAUSED
09-27 11:35:29.401 14564 14564 V ActivityScenario: Activity lifecycle changed event received but ignored because the intent does not match. startActivityIntent=Intent { act=android.intent.action.MAIN cat=[android.intent.category.LAUNCHER] cmp=com.example.dogglers/.MainActivity }, activity.getIntent()=Intent { act=android.intent.action.MAIN cat=[android.intent.category.LAUNCHER] flg=0x10008000 cmp=com.example.dogglers/androidx.test.core.app.InstrumentationActivityInvoker$BootstrapActivity (has extras) }, activity=androidx.test.core.app.InstrumentationActivityInvoker$BootstrapActivity@3af91d1
09-27 11:35:29.402  4585  4889 I FloatWindowManagerService: top = com.example.dogglers
09-27 11:35:29.402  4585  4889 I FloatWindowManagerService:  ; Last is : com.bbk.launcher2 ; To is : com.example.dogglers
09-27 11:35:29.402  4585  4889 I FloatWindowManagerService: cur  : com.example.dogglers is al , nothing to need to do !
09-27 11:35:29.403  1078  1526 D PerfServiceWrapper: [PerfServiceWrapper] appBoostEnable
09-27 11:35:29.403  1078  1526 D PerfService: [PerfService] appBoostEnable: com.example.dogglers
09-27 11:35:29.403  1078  1526 D PerfServiceManager: [PerfService] appBoostEnable com.example.dogglers
09-27 11:35:29.420  2069 15994 I UpSlideHelper: UpSlide|toggleUpSlideViewInCamera isInCamera = false
09-27 11:35:29.429 14564 14564 D LifecycleMonitor: Lifecycle status change: com.example.dogglers.MainActivity@cf28e4b in: PRE_ON_CREATE
09-27 11:35:29.430 14564 14564 V ActivityScenario: Activity lifecycle changed event received but ignored because the reported transition was not ON_CREATE while the last known transition was PRE_ON_CREATE
09-27 11:35:29.448  1576  1772 D GameModeManager: GameModeOverseaHandler--handleMessage 3001
09-27 11:35:29.474 14564 14564 D PhoneWindow: DEBUG_SYSTEMUI:origin statusbar style
09-27 11:35:29.474 14564 14564 D PhoneWindow: DEBUG_SYSTEMUI:windowDrawsFlag set
09-27 11:35:29.474 14564 14564 D PhoneWindow: DEBUG_SYSTEMUI:IconColor=1
09-27 11:35:29.474 14564 14564 D PhoneWindow: DEBUG_SYSTEMUI:StatusBarColor final set ff3700b3
09-27 11:35:29.499 14564 14564 D LifecycleMonitor: Lifecycle status change: com.example.dogglers.MainActivity@cf28e4b in: CREATED
09-27 11:35:29.499 14564 14564 V ActivityScenario: Update currentActivityStage to CREATED, currentActivity=com.example.dogglers.MainActivity@cf28e4b
09-27 11:35:29.501 14564 14564 D LifecycleMonitor: Lifecycle status change: com.example.dogglers.MainActivity@cf28e4b in: STARTED
09-27 11:35:29.501 14564 14564 V ActivityScenario: Update currentActivityStage to STARTED, currentActivity=com.example.dogglers.MainActivity@cf28e4b
09-27 11:35:29.507 14564 14564 D LifecycleMonitor: Lifecycle status change: com.example.dogglers.MainActivity@cf28e4b in: RESUMED
09-27 11:35:29.507 14564 14564 V ActivityScenario: Update currentActivityStage to RESUMED, currentActivity=com.example.dogglers.MainActivity@cf28e4b
09-27 11:35:29.509 14564 14564 V PhoneWindow: DecorView setVisiblity: visibility = 4, Parent = null, this = DecorView@5d57ffb[]
09-27 11:35:29.510 14564 14564 D WindowClient: Add to mViews: DecorView@5d57ffb[MainActivity], this = android.view.WindowManagerGlobal@b39bad9
09-27 11:35:29.512 14564 14597 D OpenGLRenderer: CanvasContext() 0x782e4d9000
09-27 11:35:29.514 14564 14564 D ViewRootImpl[MainActivity]: hardware acceleration is enabled, this = ViewRoot{319698c com.example.dogglers/com.example.dogglers.MainActivity,ident = 3}
09-27 11:35:29.518 14564 14564 V PhoneWindow: DecorView setVisiblity: visibility = 0, Parent = ViewRoot{319698c com.example.dogglers/com.example.dogglers.MainActivity,ident = 3}, this = DecorView@5d57ffb[MainActivity]
09-27 11:35:29.521  2069  2069 I WhiteListHelper: UpSlide|isPkgHidedInVisitorMode >>> pkg = com.facebook.orca, mHideIconList = null
09-27 11:35:29.522  2069  2069 I WhiteListHelper: UpSlide|isPkgHidedInVisitorMode >>> pkg = com.example.dogglers, mHideIconList = null
09-27 11:35:29.540   315   315 I BufferQueue: [unnamed-315-3276](this:0x7646b0c000,id:3276,api:0,p:-1,c:-1) BufferQueue core=(315:/system/bin/surfaceflinger)
09-27 11:35:29.540   315   315 I BufferQueueConsumer: [unnamed-315-3276](this:0x7646b0c000,id:3276,api:0,p:-1,c:315) connect(C): consumer=(315:/system/bin/surfaceflinger) controlledByApp=false
09-27 11:35:29.540   315   315 I BufferQueueConsumer: [unnamed-315-2629](this:0x7646b0c000,id:3276,api:0,p:-1,c:315) setConsumerName: unnamed-315-2629
09-27 11:35:29.540   315   315 I BufferQueueConsumer: [com.example.dogglers/com.example.dogglers.MainActivity](this:0x7646b0c000,id:3276,api:0,p:-1,c:315) setConsumerName: com.example.dogglers/com.example.dogglers.MainActivity
09-27 11:35:29.540   315   315 I BufferQueueProducer: [](this:0x7646b0c000,id:3276,api:0,p:-1,c:315) setMaxDequeuedBufferCount: maxDequeuedBuffers = 2
09-27 11:35:29.540   315   315 I BufferQueueConsumer: [com.example.dogglers/com.example.dogglers.MainActivity](this:0x7646b0c000,id:3276,api:0,p:-1,c:315) setDefaultBufferSize: width=1 height=1
09-27 11:35:29.543  1443  1443 D PhoneStatusBar: setSystemUiVisibility vis=608 mask=ffffffff oldVal=408 newVal=608 diff=200
09-27 11:35:29.559   315   315 I BufferQueueConsumer: [com.example.dogglers/com.example.dogglers.MainActivity](this:0x7646b0c000,id:3276,api:0,p:-1,c:315) setDefaultBufferSize: width=720 height=1280
09-27 11:35:29.564 14564 14564 D Surface : Surface::allocateBuffers(this=0x7812cc0400)
09-27 11:35:29.564 14564 14597 D OpenGLRenderer: CanvasContext() 0x782e4d9000 initialize window=0x7812cc0400, title=com.example.dogglers/com.example.dogglers.MainActivity
09-27 11:35:29.564 14564 14597 D Surface : Surface::connect(this=0x7812cc0400,api=1)
09-27 11:35:29.565   315   333 I BufferQueueProducer: [com.example.dogglers/com.example.dogglers.MainActivity](this:0x7646b0c000,id:3276,api:1,p:14564,c:315) connect(P): api=1 producer=(14564:com.example.dogglers) producerControlledByApp=true
09-27 11:35:29.565 14564 14597 W libEGL  : [ANDROID_RECORDABLE] format: 1
09-27 11:35:29.566   315  2474 D GraphicBuffer: alloc, handle(0x764435e9c0) (w:720 h:1280 s:720 f:0x1 u:0x000900) err(0)
09-27 11:35:29.568   315  2474 D GraphicBuffer: alloc, handle(0x764c2243c0) (w:720 h:1280 s:720 f:0x1 u:0x000900) err(0)
09-27 11:35:29.569   315  2474 D GraphicBuffer: alloc, handle(0x76442841c0) (w:720 h:1280 s:720 f:0x1 u:0x000900) err(0)
09-27 11:35:29.570 14564 14597 D mali_winsys: EGLint new_window_surface(egl_winsys_display*, void*, EGLSurface, EGLConfig, egl_winsys_surface**, egl_color_buffer_format*, EGLBoolean) returns 0x3000
09-27 11:35:29.609 14065 14087 W ProxyAndroidLoggerBackend: Too many Flogger logs received before configuration. Dropping old logs.
09-27 11:35:29.611 14065 14087 W ProxyAndroidLoggerBackend: Too many Flogger logs received before configuration. Dropping old logs.
09-27 11:35:29.615  1443  1443 D ImageWallpaper: onVisibilityChanged: mVisible, visible=true, false
09-27 11:35:29.615  1443  1443 D ImageWallpaper: Visibility changed to visible=false
09-27 11:35:29.616 14065 14087 D SQLiteDatabase: endTransaction()
09-27 11:35:29.620 14065 14096 I Finsky  : [9535] qsk.h(7): Already at the latest configurations for experiment package com.google.android.finsky.regular.
09-27 11:35:29.621 14065 14099 I Finsky  : [9538] qsk.h(1): Triggered update for experiment package com.google.android.finsky.regular.
09-27 11:35:29.621 14065 14087 D SQLiteDatabase: beginTransaction()
09-27 11:35:29.622   315   333 I BufferQueueProducer: [com.example.dogglers/com.example.dogglers.MainActivity](this:0x7646b0c000,id:3276,api:1,p:14564,c:315) new GraphicBuffer needed
09-27 11:35:29.622   315   333 D GraphicBuffer: free, handle(0x76442841c0) (w:720 h:1280 s:720 f:0x1 u:0x000900)
09-27 11:35:29.624   315   333 D GraphicBuffer: alloc, handle(0x76442841c0) (w:720 h:1280 s:720 f:0x1 u:0x000b00) err(0)
09-27 11:35:29.625 14564 14597 D GraphicBuffer: register, handle(0x780e6a3fc0) (w:720 h:1280 s:720 f:0x1 u:0x000b00)
09-27 11:35:29.630   315   380 I BufferQueueProducer: [com.example.dogglers/com.example.dogglers.MainActivity](this:0x7646b0c000,id:3276,api:1,p:14564,c:315) new GraphicBuffer needed
09-27 11:35:29.630   315   380 D GraphicBuffer: free, handle(0x764c2243c0) (w:720 h:1280 s:720 f:0x1 u:0x000900)
09-27 11:35:29.632   315   380 D GraphicBuffer: alloc, handle(0x764c2243c0) (w:720 h:1280 s:720 f:0x1 u:0x000b00) err(0)
09-27 11:35:29.633 14564 14597 D GraphicBuffer: register, handle(0x78103c1f00) (w:720 h:1280 s:720 f:0x1 u:0x000b00)
09-27 11:35:29.638 14564 14564 V InputMethodManager: onWindowFocus: null softInputMode=288 first=true flags=#81810100
09-27 11:35:29.642   315   315 D MALI    : eglCreateImageKHR:513: [Crop] 0 0 0 0  img[720 1280]
09-27 11:35:29.642  1078  1182 I ActivityManager: Displayed com.example.dogglers/.MainActivity: +239ms (total +814ms)
09-27 11:35:29.645  1343  1343 I GoogleInputMethodServic: GoogleInputMethodService.onFinishInput():3274
09-27 11:35:29.646  1343  1343 I GoogleInputMethodServic: GoogleInputMethodService.updateDeviceLockedStatus():2166 repeatCheckTimes = 0, unlocked = true
09-27 11:35:29.647  1343  1343 I GoogleInputMethodServic: GoogleInputMethodService.onStartInput():1957 onStartInput(EditorInfo{inputType=0x0(NULL) imeOptions=0x0 privateImeOptions=null actionName=UNSPECIFIED actionLabel=null actionId=0 initialSelStart=-1 initialSelEnd=-1 initialCapsMode=0x0 hintText=null label=null packageName=com.example.dogglers fieldId=-1 fieldName=null extras=null}, false)
09-27 11:35:29.647  1343  1343 I GoogleInputMethodServic: GoogleInputMethodService.shouldHideHeaderOnInitialState():4078 ShouldHideHeaderOnInitialState = false
09-27 11:35:29.649  1343  1343 I GoogleInputMethodServic: GoogleInputMethodService.updateDeviceLockedStatus():2166 repeatCheckTimes = 2, unlocked = true
09-27 11:35:29.649  1078  1182 D WindowClient: Remove from mViews: DecorView@23bff3b[dogglers], this = android.view.WindowManagerGlobal@b7c1b19
09-27 11:35:29.652   315   333 I BufferQueueProducer: [com.example.dogglers/com.example.dogglers.MainActivity](this:0x7646b0c000,id:3276,api:1,p:14564,c:315) new GraphicBuffer needed
09-27 11:35:29.652   315   333 D GraphicBuffer: free, handle(0x764435e9c0) (w:720 h:1280 s:720 f:0x1 u:0x000900)
09-27 11:35:29.654   315   333 D GraphicBuffer: alloc, handle(0x764435e9c0) (w:720 h:1280 s:720 f:0x1 u:0x000b00) err(0)
09-27 11:35:29.655 14564 14597 D GraphicBuffer: register, handle(0x780e6a36c0) (w:720 h:1280 s:720 f:0x1 u:0x000b00)
09-27 11:35:29.659   315   315 D MALI    : eglCreateImageKHR:513: [Crop] 0 0 0 0  img[720 1280]
09-27 11:35:29.661 14564 14564 I ViewInteraction: Performing 'single click' action on view view.getId() is <2131230947/com.example.dogglers:id/horizontal_btn>
09-27 11:35:29.668  1078  2798 I PerfService: PerfServiceNative_boostEnableAsync:6
09-27 11:35:29.672 28697 28697 D Launcher: onSaveInstanceState
09-27 11:35:29.674 28697 28697 V LoaderManager: destroyLoader in LoaderManager{55ca5cd in Launcher{bf69b35}} of 0
09-27 11:35:29.674 28697 28697 V LoaderManager: destroyLoader in LoaderManager{55ca5cd in Launcher{bf69b35}} of 1
09-27 11:35:29.674 28697 28697 V LoaderManager: destroyLoader in LoaderManager{55ca5cd in Launcher{bf69b35}} of 2
09-27 11:35:29.674 28697 28697 V LoaderManager: destroyLoader in LoaderManager{55ca5cd in Launcher{bf69b35}} of 3
09-27 11:35:29.674 28697 28697 V LoaderManager: destroyLoader in LoaderManager{55ca5cd in Launcher{bf69b35}} of 4
09-27 11:35:29.674 28697 28697 V LoaderManager: destroyLoader in LoaderManager{55ca5cd in Launcher{bf69b35}} of 5
09-27 11:35:29.675 28697 28697 V LoaderManager: destroyLoader in LoaderManager{55ca5cd in Launcher{bf69b35}} of 6
09-27 11:35:29.675 28697 28697 V LoaderManager: destroyLoader in LoaderManager{55ca5cd in Launcher{bf69b35}} of 7
09-27 11:35:29.675 28697 28697 V LoaderManager: destroyLoader in LoaderManager{55ca5cd in Launcher{bf69b35}} of 8
09-27 11:35:29.675 28697 28697 V LoaderManager: destroyLoader in LoaderManager{55ca5cd in Launcher{bf69b35}} of 9
09-27 11:35:29.677 28697 28697 D Launcher: onStop: mState is WORKSPACE
09-27 11:35:29.677 28697 28697 V LoaderManager: destroyLoader in LoaderManager{55ca5cd in Launcher{bf69b35}} of 0
09-27 11:35:29.678 28697 28697 V LoaderManager: destroyLoader in LoaderManager{55ca5cd in Launcher{bf69b35}} of 1
09-27 11:35:29.678 28697 28697 V LoaderManager: destroyLoader in LoaderManager{55ca5cd in Launcher{bf69b35}} of 2
09-27 11:35:29.678 28697 28697 V LoaderManager: destroyLoader in LoaderManager{55ca5cd in Launcher{bf69b35}} of 3
09-27 11:35:29.678 28697 28697 V LoaderManager: destroyLoader in LoaderManager{55ca5cd in Launcher{bf69b35}} of 4
09-27 11:35:29.678 28697 28697 V LoaderManager: destroyLoader in LoaderManager{55ca5cd in Launcher{bf69b35}} of 5
09-27 11:35:29.678 28697 28697 V LoaderManager: destroyLoader in LoaderManager{55ca5cd in Launcher{bf69b35}} of 6
09-27 11:35:29.678 28697 28697 V LoaderManager: destroyLoader in LoaderManager{55ca5cd in Launcher{bf69b35}} of 7
09-27 11:35:29.679 28697 28697 V LoaderManager: destroyLoader in LoaderManager{55ca5cd in Launcher{bf69b35}} of 8
09-27 11:35:29.679 28697 28697 V LoaderManager: destroyLoader in LoaderManager{55ca5cd in Launcher{bf69b35}} of 9
09-27 11:35:29.680 28697 28697 D BlurRenderView: test gpu blur GpuTextureRenderView onPause mIsResumeState: false, mHandle: 516125494064
09-27 11:35:29.680 28697 28697 D GpuRenderEngine: test gpu blur jni nativePause handle: 516125494064, pCRenderManager: 0x782b7a0b30
09-27 11:35:29.680 28697 28697 D GpuRenderEngine: test gpu blur CBlur pause <--
09-27 11:35:29.681 28697 28697 D GpuRenderEngine: test gpu blur CBlur resetStates <--
09-27 11:35:29.681 28697 28697 D yuan    : onVisibilityChanged----android.widget.ListView{a3a98fe V.ED..C.. ......I. 0,0-0,0}
09-27 11:35:29.682 28697 28697 D yuan    : onVisibilityChanged----com.bbk.launcher2.search.AnimPinnedHeaderListView{ce800f VFED.VC.. ......I. 0,0-0,0 #7f0c0085 app:id/listview}
09-27 11:35:29.682  1078  1158 V NetworkPolicy: updateRuleForRestrictBackgroundLocked(10039): isForeground=false, isBlacklisted=false, isWhitelisted=true, oldRule=1 (ALLOW_METERED), newRule=1 (ALLOW_METERED), newUidRules=1 (ALLOW_METERED), oldUidRules=1 (ALLOW_METERED)
09-27 11:35:29.682 28697 28697 V PhoneWindow: DecorView setVisiblity: visibility = 4, Parent = ViewRoot{9d7d295 com.bbk.launcher2/com.bbk.launcher2.Launcher,ident = 0}, this = DecorView@ddf085[Launcher]
09-27 11:35:29.682  1078  1158 V NetworkPolicy: updateRulesForNonMeteredNetworksLocked(10039), isIdle: false, mRestrictPower: false, mDeviceIdleMode: false, isForeground=false, isWhitelisted=false, oldRule=0 (NONE), newRule=0 (NONE), newUidRules=1 (ALLOW_METERED), oldUidRules=1 (ALLOW_METERED)
09-27 11:35:29.684 14564 14564 D LifecycleMonitor: Lifecycle status change: androidx.test.core.app.InstrumentationActivityInvoker$BootstrapActivity@3af91d1 in: STOPPED
09-27 11:35:29.684 14564 14564 V ActivityScenario: Activity lifecycle changed event received but ignored because the intent does not match. startActivityIntent=Intent { act=android.intent.action.MAIN cat=[android.intent.category.LAUNCHER] cmp=com.example.dogglers/.MainActivity }, activity.getIntent()=Intent { act=android.intent.action.MAIN cat=[android.intent.category.LAUNCHER] flg=0x10008000 cmp=com.example.dogglers/androidx.test.core.app.InstrumentationActivityInvoker$BootstrapActivity (has extras) }, activity=androidx.test.core.app.InstrumentationActivityInvoker$BootstrapActivity@3af91d1
09-27 11:35:29.692   315   315 D MALI    : eglCreateImageKHR:513: [Crop] 0 0 0 0  img[720 1280]
09-27 11:35:29.695 14564 14597 D OpenGLRenderer: ProgramCache.generateProgram: 103084458052
09-27 11:35:29.695 14065 14087 D SQLiteDatabase: endTransaction()
09-27 11:35:29.699 14912 14929 I _V_SecureService2: onForegroundActivitiesChanged() pid = 28697, uid = 10039, foregroundActivities = false
09-27 11:35:29.699  1078  1158 D VivoAppMonitor: onForegroundActivitiesChanged: pid=28697, uid=10039, foregroundActivities=false
09-27 11:35:29.700  4414  4644 I _V_UsageAppManager: dealAppInfoList.getPid()=28697,dealAppInfoList.getUid()=10039,dealAppInfoList.getPkgName()=com.bbk.launcher2
09-27 11:35:29.701  4414  4644 I _V_UsageAppManager: dealAppInfoList_mForgroundInfo_pid=14564,mForgroundInfo_pkgName=com.example.dogglers,mForgroundInfo_uid=10471,mBackgroundInfo_pid=28697,mBackgroundInfo_pkgName=com.bbk.launcher2,mBackgroundInfo_uid=10039
09-27 11:35:29.703  1078  1158 D touchscreenjni: chenpeng JNI called
09-27 11:35:29.703  4414  4644 I _V_UsageAppManager: getversionCode=322
09-27 11:35:29.703  1078  1158 E touchscreen: Open /sys/touchscreen/app_name failed
09-27 11:35:29.703  4414  4644 I _V_UsageAppManager: getVersionName_name=3.2
09-27 11:35:29.704  1576  1590 I SLService2: HAHA2 pid = 28697, uid = 10039, f = false
09-27 11:35:29.705  4585  4889 I FloatWindowManagerService:  pid = 28697, uid = 10039, fore = false ; now is : com.bbk.launcher2
09-27 11:35:29.706 14065 14087 W ProxyAndroidLoggerBackend: Too many Flogger logs received before configuration. Dropping old logs.
09-27 11:35:29.707  1576  3486 I ProxCoverNoticeService: isHomeLauncher = false
09-27 11:35:29.708  1078  2784 I PerfService: PerfServiceNative_boostEnableTimeoutMsAsync:6, 100
09-27 11:35:29.708   315   315 I BufferQueueConsumer: [com.bbk.launcher2/com.bbk.launcher2.Launcher](this:0x76491d6800,id:3274,api:1,p:-1,c:-1) disconnect(C)
09-27 11:35:29.708   315   315 I BufferQueue: [com.bbk.launcher2/com.bbk.launcher2.Launcher](this:0x76491d6800,id:3274,api:1,p:-1,c:-1) ~BufferQueueCore
09-27 11:35:29.709  1576  3486 I ProxCoverNoticeService: top activity name = com.example.dogglers
09-27 11:35:29.709  1576  3486 E ProxCoverNoticeService: monitor view is null, no need to update minimum
09-27 11:35:29.709  1576  3486 I ProxCoverNoticeService: onForegroundActivitiesChanged, pid = 28697, uid = 10039, pkg = com.bbk.launcher2, foregroundActivities = false
09-27 11:35:29.710   315   315 D GraphicBuffer: free, handle(0x764435f500) (w:720 h:1280 s:720 f:0x1 u:0x000b00)
09-27 11:35:29.712  1576  3486 I ProxCoverNoticeService: isKeyguardLocked = false, isDeviceLocked = false, isKeyguardSecure = true, isDeviceSecure = true, inKeyguardRestrictedInputMode = false
09-27 11:35:29.719  1576  1588 I SLService1: ActivityController mIsAndroidN_VivoMultiWindow = true, mIsMultiWindowOn = false
09-27 11:35:29.719  1576  1588 I SLService1: [Monitor]1--------[] t [com.example.dogglers] f []
09-27 11:35:29.719  1576  1588 I SLService1: HAHA1 >>>> true <<<<
09-27 11:35:29.720  1576  3491 D SLService: optionsFromCallbacks = null
09-27 11:35:29.725   315   315 I SurfaceFlinger: frameMissed
09-27 11:35:29.738 14564 14564 D LifecycleMonitor: Lifecycle status change: com.example.dogglers.MainActivity@cf28e4b in: PAUSED
09-27 11:35:29.739 14564 14564 V ActivityScenario: Update currentActivityStage to PAUSED, currentActivity=com.example.dogglers.MainActivity@cf28e4b
09-27 11:35:29.742  1078  1555 D PerfServiceWrapper: [PerfServiceWrapper] appBoostEnable
09-27 11:35:29.742  1078  1555 D PerfService: [PerfService] appBoostEnable: com.example.dogglers
09-27 11:35:29.742  1078  1555 D PerfServiceManager: [PerfService] appBoostEnable com.example.dogglers
09-27 11:35:29.748 28697 28697 D PhoneWindow: DEBUG_SYSTEMUI:setStatusBarColor:0
09-27 11:35:29.759  1078  1182 D Surface : Surface::disconnect(this=0x7814e67000,api=2)
09-27 11:35:29.759   315   998 I BufferQueueProducer: [Starting com.example.dogglers](this:0x764425d000,id:3275,api:2,p:-1,c:315) disconnect(P): api 2
